INFO  @ Tue, 22 Nov 2022 21:57:47: Parameters: /home/largaesp/stehn007/.conda/envs/mageckenv/bin/mageck count -l /home/largaesp/stehn007/synthetic_lethal/broadgpp-brunello-library-corrected.txt --fastq /home/largaesp/stehn007/synthetic_lethal/fastq/A11_ipn3D_Middle_S8_R1_001.fastq.gz /home/largaesp/stehn007/synthetic_lethal/fastq/B11_ipn2J_Middle_S5_R1_001.fastq.gz /home/largaesp/stehn007/synthetic_lethal/fastq/C01_ipn1L_Initial_S1_R1_001.fastq.gz /home/largaesp/stehn007/synthetic_lethal/fastq/C02_ipn1L_Final_S3_R1_001.fastq.gz /home/largaesp/stehn007/synthetic_lethal/fastq/C11_ipn1L_Middle_S2_R1_001.fastq.gz /home/largaesp/stehn007/synthetic_lethal/fastq/D01_ipn2J_Initial_S4_R1_001.fastq.gz /home/largaesp/stehn007/synthetic_lethal/fastq/D02_ipn2J_Final_S6_R1_001.fastq.gz /home/largaesp/stehn007/synthetic_lethal/fastq/E01_ipn3D_Initial_S7_R1_001.fastq.gz /home/largaesp/stehn007/synthetic_lethal/fastq/E02_ipn3D_Final_S9_R1_001.fastq.gz --control-sgrna /home/largaesp/stehn007/synthetic_lethal/broadgpp-brunello-controls.txt --sample-label ipn3D.middle,ipn2J.middle,ipn1L.initial,ipn1L.final,ipn1L.middle,ipn2J.initial,ipn2J.final,ipn3D.initial,ipn3D.final --norm-method median --pdf-report --keep-tmp -n synthetic_lethal 
INFO  @ Tue, 22 Nov 2022 21:57:47: Welcome to MAGeCK v0.5.9.2. Command: count 
INFO  @ Tue, 22 Nov 2022 21:57:47: Header line of the library file detected; skip the first line ... 
INFO  @ Tue, 22 Nov 2022 21:57:47: Loading 77441 predefined sgRNAs. 
WARNING @ Tue, 22 Nov 2022 21:57:47: There are 0 sgRNAs with duplicated sequences. 
INFO  @ Tue, 22 Nov 2022 21:57:47: Parsing FASTQ file /home/largaesp/stehn007/synthetic_lethal/fastq/A11_ipn3D_Middle_S8_R1_001.fastq.gz... 
INFO  @ Tue, 22 Nov 2022 21:57:47: Determining the trim-5 length of FASTQ file /home/largaesp/stehn007/synthetic_lethal/fastq/A11_ipn3D_Middle_S8_R1_001.fastq.gz... 
INFO  @ Tue, 22 Nov 2022 21:57:47: Possible gRNA lengths:20 
INFO  @ Tue, 22 Nov 2022 21:57:47: Processing 0M reads ... 
INFO  @ Tue, 22 Nov 2022 21:57:51: Read length:151 
INFO  @ Tue, 22 Nov 2022 21:57:51: Total tested reads: 100001, mapped: 69637(0.6963630363696363) 
INFO  @ Tue, 22 Nov 2022 21:57:51: --trim-5 test data: (trim_length reads fraction) 
INFO  @ Tue, 22 Nov 2022 21:57:51: 23	9191	0.13198443356261758 
INFO  @ Tue, 22 Nov 2022 21:57:51: 24	9053	0.13000272843459654 
INFO  @ Tue, 22 Nov 2022 21:57:51: 25	9053	0.13000272843459654 
INFO  @ Tue, 22 Nov 2022 21:57:51: 30	8602	0.12352628631331045 
INFO  @ Tue, 22 Nov 2022 21:57:51: 22	8601	0.12351192613122335 
INFO  @ Tue, 22 Nov 2022 21:57:51: 29	8592	0.12338268449243936 
INFO  @ Tue, 22 Nov 2022 21:57:51: 26	8128	0.11671956000402085 
INFO  @ Tue, 22 Nov 2022 21:57:51: 28	8097	0.11627439435932048 
INFO  @ Tue, 22 Nov 2022 21:57:51: 27	146	0.0020965865847178944 
INFO  @ Tue, 22 Nov 2022 21:57:51: 21	73	0.0010482932923589472 
INFO  @ Tue, 22 Nov 2022 21:57:51: 31	46	0.0006605683760070078 
INFO  @ Tue, 22 Nov 2022 21:57:51: 20	12	0.00017232218504530637 
INFO  @ Tue, 22 Nov 2022 21:57:51: 19	8	0.00011488145669687091 
INFO  @ Tue, 22 Nov 2022 21:57:51: 43	4	5.744072834843546e-05 
INFO  @ Tue, 22 Nov 2022 21:57:51: 42	3	4.308054626132659e-05 
INFO  @ Tue, 22 Nov 2022 21:57:51: 32	3	4.308054626132659e-05 
INFO  @ Tue, 22 Nov 2022 21:57:51: 69	2	2.872036417421773e-05 
INFO  @ Tue, 22 Nov 2022 21:57:51: 17	2	2.872036417421773e-05 
INFO  @ Tue, 22 Nov 2022 21:57:51: 45	2	2.872036417421773e-05 
INFO  @ Tue, 22 Nov 2022 21:57:51: 53	2	2.872036417421773e-05 
INFO  @ Tue, 22 Nov 2022 21:57:51: 16	2	2.872036417421773e-05 
INFO  @ Tue, 22 Nov 2022 21:57:51: 55	2	2.872036417421773e-05 
INFO  @ Tue, 22 Nov 2022 21:57:51: 18	2	2.872036417421773e-05 
INFO  @ Tue, 22 Nov 2022 21:57:51: 33	1	1.4360182087108864e-05 
INFO  @ Tue, 22 Nov 2022 21:57:51: 13	1	1.4360182087108864e-05 
INFO  @ Tue, 22 Nov 2022 21:57:51: 62	1	1.4360182087108864e-05 
INFO  @ Tue, 22 Nov 2022 21:57:51: 36	1	1.4360182087108864e-05 
INFO  @ Tue, 22 Nov 2022 21:57:51: 14	1	1.4360182087108864e-05 
INFO  @ Tue, 22 Nov 2022 21:57:51: 48	1	1.4360182087108864e-05 
INFO  @ Tue, 22 Nov 2022 21:57:51: 34	1	1.4360182087108864e-05 
INFO  @ Tue, 22 Nov 2022 21:57:51: 37	1	1.4360182087108864e-05 
INFO  @ Tue, 22 Nov 2022 21:57:51: 15	1	1.4360182087108864e-05 
INFO  @ Tue, 22 Nov 2022 21:57:51: 11	1	1.4360182087108864e-05 
INFO  @ Tue, 22 Nov 2022 21:57:51: 54	1	1.4360182087108864e-05 
INFO  @ Tue, 22 Nov 2022 21:57:51: Auto determination of trim5 results: 23,24,25,30,22,29 
INFO  @ Tue, 22 Nov 2022 21:57:51: Possible gRNA lengths:20 
INFO  @ Tue, 22 Nov 2022 21:57:51: Processing 0M reads .. 
INFO  @ Tue, 22 Nov 2022 21:57:58: Processing 1M reads .. 
INFO  @ Tue, 22 Nov 2022 21:58:04: Processing 2M reads .. 
INFO  @ Tue, 22 Nov 2022 21:58:10: Processing 3M reads .. 
INFO  @ Tue, 22 Nov 2022 21:58:16: Processing 4M reads .. 
INFO  @ Tue, 22 Nov 2022 21:58:22: Processing 5M reads .. 
INFO  @ Tue, 22 Nov 2022 21:58:28: Processing 6M reads .. 
INFO  @ Tue, 22 Nov 2022 21:58:35: Processing 7M reads .. 
INFO  @ Tue, 22 Nov 2022 21:58:42: Processing 8M reads .. 
INFO  @ Tue, 22 Nov 2022 21:58:48: Processing 9M reads .. 
INFO  @ Tue, 22 Nov 2022 21:58:54: Processing 10M reads .. 
INFO  @ Tue, 22 Nov 2022 21:59:01: Processing 11M reads .. 
INFO  @ Tue, 22 Nov 2022 21:59:07: Processing 12M reads .. 
INFO  @ Tue, 22 Nov 2022 21:59:14: Processing 13M reads .. 
INFO  @ Tue, 22 Nov 2022 21:59:20: Processing 14M reads .. 
INFO  @ Tue, 22 Nov 2022 21:59:27: Processing 15M reads .. 
INFO  @ Tue, 22 Nov 2022 21:59:34: Processing 16M reads .. 
INFO  @ Tue, 22 Nov 2022 21:59:40: Processing 17M reads .. 
INFO  @ Tue, 22 Nov 2022 21:59:47: Processing 18M reads .. 
INFO  @ Tue, 22 Nov 2022 21:59:54: Processing 19M reads .. 
INFO  @ Tue, 22 Nov 2022 22:00:00: Processing 20M reads .. 
INFO  @ Tue, 22 Nov 2022 22:00:06: Processing 21M reads .. 
INFO  @ Tue, 22 Nov 2022 22:00:13: Processing 22M reads .. 
INFO  @ Tue, 22 Nov 2022 22:00:19: Processing 23M reads .. 
INFO  @ Tue, 22 Nov 2022 22:00:25: Processing 24M reads .. 
INFO  @ Tue, 22 Nov 2022 22:00:32: Processing 25M reads .. 
INFO  @ Tue, 22 Nov 2022 22:00:38: Processing 26M reads .. 
INFO  @ Tue, 22 Nov 2022 22:00:44: Processing 27M reads .. 
INFO  @ Tue, 22 Nov 2022 22:00:51: Processing 28M reads .. 
INFO  @ Tue, 22 Nov 2022 22:00:57: Processing 29M reads .. 
INFO  @ Tue, 22 Nov 2022 22:01:03: Processing 30M reads .. 
INFO  @ Tue, 22 Nov 2022 22:01:10: Processing 31M reads .. 
INFO  @ Tue, 22 Nov 2022 22:01:16: Processing 32M reads .. 
INFO  @ Tue, 22 Nov 2022 22:01:22: Processing 33M reads .. 
INFO  @ Tue, 22 Nov 2022 22:01:29: Processing 34M reads .. 
INFO  @ Tue, 22 Nov 2022 22:01:35: Processing 35M reads .. 
INFO  @ Tue, 22 Nov 2022 22:01:42: Processing 36M reads .. 
INFO  @ Tue, 22 Nov 2022 22:01:48: Processing 37M reads .. 
INFO  @ Tue, 22 Nov 2022 22:01:55: Processing 38M reads .. 
INFO  @ Tue, 22 Nov 2022 22:02:01: Processing 39M reads .. 
INFO  @ Tue, 22 Nov 2022 22:02:08: Processing 40M reads .. 
INFO  @ Tue, 22 Nov 2022 22:02:14: Processing 41M reads .. 
INFO  @ Tue, 22 Nov 2022 22:02:20: Processing 42M reads .. 
INFO  @ Tue, 22 Nov 2022 22:02:27: Processing 43M reads .. 
INFO  @ Tue, 22 Nov 2022 22:02:33: Processing 44M reads .. 
INFO  @ Tue, 22 Nov 2022 22:02:40: Processing 45M reads .. 
INFO  @ Tue, 22 Nov 2022 22:02:46: Processing 46M reads .. 
INFO  @ Tue, 22 Nov 2022 22:02:53: Processing 47M reads .. 
INFO  @ Tue, 22 Nov 2022 22:03:00: Processing 48M reads .. 
INFO  @ Tue, 22 Nov 2022 22:03:06: Processing 49M reads .. 
INFO  @ Tue, 22 Nov 2022 22:03:13: Processing 50M reads .. 
INFO  @ Tue, 22 Nov 2022 22:03:19: Processing 51M reads .. 
INFO  @ Tue, 22 Nov 2022 22:03:26: Processing 52M reads .. 
INFO  @ Tue, 22 Nov 2022 22:03:32: Processing 53M reads .. 
INFO  @ Tue, 22 Nov 2022 22:03:39: Processing 54M reads .. 
INFO  @ Tue, 22 Nov 2022 22:03:45: Processing 55M reads .. 
INFO  @ Tue, 22 Nov 2022 22:03:52: Processing 56M reads .. 
INFO  @ Tue, 22 Nov 2022 22:03:58: Processing 57M reads .. 
INFO  @ Tue, 22 Nov 2022 22:04:05: Processing 58M reads .. 
INFO  @ Tue, 22 Nov 2022 22:04:12: Processing 59M reads .. 
INFO  @ Tue, 22 Nov 2022 22:04:18: Processing 60M reads .. 
INFO  @ Tue, 22 Nov 2022 22:04:25: Processing 61M reads .. 
INFO  @ Tue, 22 Nov 2022 22:04:32: Processing 62M reads .. 
INFO  @ Tue, 22 Nov 2022 22:04:38: Processing 63M reads .. 
INFO  @ Tue, 22 Nov 2022 22:04:45: Processing 64M reads .. 
INFO  @ Tue, 22 Nov 2022 22:04:52: Processing 65M reads .. 
INFO  @ Tue, 22 Nov 2022 22:04:58: Processing 66M reads .. 
INFO  @ Tue, 22 Nov 2022 22:05:05: Processing 67M reads .. 
INFO  @ Tue, 22 Nov 2022 22:05:11: Processing 68M reads .. 
INFO  @ Tue, 22 Nov 2022 22:05:18: Processing 69M reads .. 
INFO  @ Tue, 22 Nov 2022 22:05:25: Processing 70M reads .. 
INFO  @ Tue, 22 Nov 2022 22:05:31: Processing 71M reads .. 
INFO  @ Tue, 22 Nov 2022 22:05:38: Processing 72M reads .. 
INFO  @ Tue, 22 Nov 2022 22:05:45: Processing 73M reads .. 
INFO  @ Tue, 22 Nov 2022 22:05:51: Processing 74M reads .. 
INFO  @ Tue, 22 Nov 2022 22:05:58: Processing 75M reads .. 
INFO  @ Tue, 22 Nov 2022 22:06:04: Processing 76M reads .. 
INFO  @ Tue, 22 Nov 2022 22:06:10: Processing 77M reads .. 
INFO  @ Tue, 22 Nov 2022 22:06:16: Processing 78M reads .. 
INFO  @ Tue, 22 Nov 2022 22:06:23: Processing 79M reads .. 
INFO  @ Tue, 22 Nov 2022 22:06:29: Processing 80M reads .. 
INFO  @ Tue, 22 Nov 2022 22:06:35: Processing 81M reads .. 
INFO  @ Tue, 22 Nov 2022 22:06:42: Processing 82M reads .. 
INFO  @ Tue, 22 Nov 2022 22:06:48: Processing 83M reads .. 
INFO  @ Tue, 22 Nov 2022 22:06:54: Processing 84M reads .. 
INFO  @ Tue, 22 Nov 2022 22:07:00: Processing 85M reads .. 
INFO  @ Tue, 22 Nov 2022 22:07:07: Processing 86M reads .. 
INFO  @ Tue, 22 Nov 2022 22:07:13: Processing 87M reads .. 
INFO  @ Tue, 22 Nov 2022 22:07:19: Processing 88M reads .. 
INFO  @ Tue, 22 Nov 2022 22:07:25: Processing 89M reads .. 
INFO  @ Tue, 22 Nov 2022 22:07:31: Processing 90M reads .. 
INFO  @ Tue, 22 Nov 2022 22:07:37: Processing 91M reads .. 
INFO  @ Tue, 22 Nov 2022 22:07:44: Processing 92M reads .. 
INFO  @ Tue, 22 Nov 2022 22:07:51: Processing 93M reads .. 
INFO  @ Tue, 22 Nov 2022 22:07:58: Processing 94M reads .. 
INFO  @ Tue, 22 Nov 2022 22:08:04: Processing 95M reads .. 
INFO  @ Tue, 22 Nov 2022 22:08:11: Processing 96M reads .. 
INFO  @ Tue, 22 Nov 2022 22:08:18: Processing 97M reads .. 
INFO  @ Tue, 22 Nov 2022 22:08:24: Processing 98M reads .. 
INFO  @ Tue, 22 Nov 2022 22:08:31: Processing 99M reads .. 
INFO  @ Tue, 22 Nov 2022 22:08:37: Processing 100M reads .. 
INFO  @ Tue, 22 Nov 2022 22:08:44: Processing 101M reads .. 
INFO  @ Tue, 22 Nov 2022 22:08:51: Processing 102M reads .. 
INFO  @ Tue, 22 Nov 2022 22:08:57: Processing 103M reads .. 
INFO  @ Tue, 22 Nov 2022 22:09:04: Processing 104M reads .. 
INFO  @ Tue, 22 Nov 2022 22:09:10: Processing 105M reads .. 
INFO  @ Tue, 22 Nov 2022 22:09:17: Processing 106M reads .. 
INFO  @ Tue, 22 Nov 2022 22:09:23: Processing 107M reads .. 
INFO  @ Tue, 22 Nov 2022 22:09:30: Processing 108M reads .. 
INFO  @ Tue, 22 Nov 2022 22:09:36: Processing 109M reads .. 
INFO  @ Tue, 22 Nov 2022 22:09:43: Processing 110M reads .. 
INFO  @ Tue, 22 Nov 2022 22:09:49: Processing 111M reads .. 
INFO  @ Tue, 22 Nov 2022 22:09:56: Processing 112M reads .. 
INFO  @ Tue, 22 Nov 2022 22:10:03: Processing 113M reads .. 
INFO  @ Tue, 22 Nov 2022 22:10:09: Processing 114M reads .. 
INFO  @ Tue, 22 Nov 2022 22:10:15: Total: 114921370. 
INFO  @ Tue, 22 Nov 2022 22:10:15: Mapped: 61880376. 
INFO  @ Tue, 22 Nov 2022 22:10:16: Parsing FASTQ file /home/largaesp/stehn007/synthetic_lethal/fastq/B11_ipn2J_Middle_S5_R1_001.fastq.gz... 
INFO  @ Tue, 22 Nov 2022 22:10:16: Determining the trim-5 length of FASTQ file /home/largaesp/stehn007/synthetic_lethal/fastq/B11_ipn2J_Middle_S5_R1_001.fastq.gz... 
INFO  @ Tue, 22 Nov 2022 22:10:16: Possible gRNA lengths:20 
INFO  @ Tue, 22 Nov 2022 22:10:16: Processing 0M reads ... 
INFO  @ Tue, 22 Nov 2022 22:10:19: Read length:151 
INFO  @ Tue, 22 Nov 2022 22:10:19: Total tested reads: 100001, mapped: 71704(0.7170328296717032) 
INFO  @ Tue, 22 Nov 2022 22:10:19: --trim-5 test data: (trim_length reads fraction) 
INFO  @ Tue, 22 Nov 2022 22:10:19: 23	9558	0.13329800290081445 
INFO  @ Tue, 22 Nov 2022 22:10:19: 25	9281	0.12943489902934285 
INFO  @ Tue, 22 Nov 2022 22:10:19: 24	9150	0.1276079437688274 
INFO  @ Tue, 22 Nov 2022 22:10:19: 29	9061	0.12636672988954592 
INFO  @ Tue, 22 Nov 2022 22:10:19: 22	8919	0.12438636617204062 
INFO  @ Tue, 22 Nov 2022 22:10:19: 30	8831	0.12315909851612183 
INFO  @ Tue, 22 Nov 2022 22:10:19: 26	8374	0.11678567443936182 
INFO  @ Tue, 22 Nov 2022 22:10:19: 28	8215	0.11456822492469039 
INFO  @ Tue, 22 Nov 2022 22:10:19: 27	131	0.0018269552605154524 
INFO  @ Tue, 22 Nov 2022 22:10:19: 21	85	0.001185428985830637 
INFO  @ Tue, 22 Nov 2022 22:10:19: 31	44	0.0006136338279593886 
INFO  @ Tue, 22 Nov 2022 22:10:19: 20	15	0.00020919335044070067 
INFO  @ Tue, 22 Nov 2022 22:10:19: 16	5	6.973111681356689e-05 
INFO  @ Tue, 22 Nov 2022 22:10:19: 35	4	5.578489345085351e-05 
INFO  @ Tue, 22 Nov 2022 22:10:19: 15	4	5.578489345085351e-05 
INFO  @ Tue, 22 Nov 2022 22:10:19: 19	4	5.578489345085351e-05 
INFO  @ Tue, 22 Nov 2022 22:10:19: 18	2	2.7892446725426755e-05 
INFO  @ Tue, 22 Nov 2022 22:10:19: 13	2	2.7892446725426755e-05 
INFO  @ Tue, 22 Nov 2022 22:10:19: 12	2	2.7892446725426755e-05 
INFO  @ Tue, 22 Nov 2022 22:10:19: 40	2	2.7892446725426755e-05 
INFO  @ Tue, 22 Nov 2022 22:10:19: 49	2	2.7892446725426755e-05 
INFO  @ Tue, 22 Nov 2022 22:10:19: 97	1	1.3946223362713377e-05 
INFO  @ Tue, 22 Nov 2022 22:10:19: 69	1	1.3946223362713377e-05 
INFO  @ Tue, 22 Nov 2022 22:10:19: 42	1	1.3946223362713377e-05 
INFO  @ Tue, 22 Nov 2022 22:10:19: 32	1	1.3946223362713377e-05 
INFO  @ Tue, 22 Nov 2022 22:10:19: 60	1	1.3946223362713377e-05 
INFO  @ Tue, 22 Nov 2022 22:10:19: 39	1	1.3946223362713377e-05 
INFO  @ Tue, 22 Nov 2022 22:10:19: 34	1	1.3946223362713377e-05 
INFO  @ Tue, 22 Nov 2022 22:10:19: 64	1	1.3946223362713377e-05 
INFO  @ Tue, 22 Nov 2022 22:10:19: 17	1	1.3946223362713377e-05 
INFO  @ Tue, 22 Nov 2022 22:10:19: 131	1	1.3946223362713377e-05 
INFO  @ Tue, 22 Nov 2022 22:10:19: 51	1	1.3946223362713377e-05 
INFO  @ Tue, 22 Nov 2022 22:10:19: 87	1	1.3946223362713377e-05 
INFO  @ Tue, 22 Nov 2022 22:10:19: 68	1	1.3946223362713377e-05 
INFO  @ Tue, 22 Nov 2022 22:10:19: Auto determination of trim5 results: 23,25,24,29,22,30 
INFO  @ Tue, 22 Nov 2022 22:10:19: Possible gRNA lengths:20 
INFO  @ Tue, 22 Nov 2022 22:10:19: Processing 0M reads .. 
INFO  @ Tue, 22 Nov 2022 22:10:25: Processing 1M reads .. 
INFO  @ Tue, 22 Nov 2022 22:10:33: Processing 2M reads .. 
INFO  @ Tue, 22 Nov 2022 22:10:39: Processing 3M reads .. 
INFO  @ Tue, 22 Nov 2022 22:10:45: Processing 4M reads .. 
INFO  @ Tue, 22 Nov 2022 22:10:51: Processing 5M reads .. 
INFO  @ Tue, 22 Nov 2022 22:10:57: Processing 6M reads .. 
INFO  @ Tue, 22 Nov 2022 22:11:03: Processing 7M reads .. 
INFO  @ Tue, 22 Nov 2022 22:11:09: Processing 8M reads .. 
INFO  @ Tue, 22 Nov 2022 22:11:16: Processing 9M reads .. 
INFO  @ Tue, 22 Nov 2022 22:11:22: Processing 10M reads .. 
INFO  @ Tue, 22 Nov 2022 22:11:28: Processing 11M reads .. 
INFO  @ Tue, 22 Nov 2022 22:11:35: Processing 12M reads .. 
INFO  @ Tue, 22 Nov 2022 22:11:41: Processing 13M reads .. 
INFO  @ Tue, 22 Nov 2022 22:11:47: Processing 14M reads .. 
INFO  @ Tue, 22 Nov 2022 22:11:53: Processing 15M reads .. 
INFO  @ Tue, 22 Nov 2022 22:12:00: Processing 16M reads .. 
INFO  @ Tue, 22 Nov 2022 22:12:06: Processing 17M reads .. 
INFO  @ Tue, 22 Nov 2022 22:12:13: Processing 18M reads .. 
INFO  @ Tue, 22 Nov 2022 22:12:21: Processing 19M reads .. 
INFO  @ Tue, 22 Nov 2022 22:12:28: Processing 20M reads .. 
INFO  @ Tue, 22 Nov 2022 22:12:36: Processing 21M reads .. 
INFO  @ Tue, 22 Nov 2022 22:12:43: Processing 22M reads .. 
INFO  @ Tue, 22 Nov 2022 22:12:51: Processing 23M reads .. 
INFO  @ Tue, 22 Nov 2022 22:12:59: Processing 24M reads .. 
INFO  @ Tue, 22 Nov 2022 22:13:07: Processing 25M reads .. 
INFO  @ Tue, 22 Nov 2022 22:13:14: Processing 26M reads .. 
INFO  @ Tue, 22 Nov 2022 22:13:22: Processing 27M reads .. 
INFO  @ Tue, 22 Nov 2022 22:13:30: Processing 28M reads .. 
INFO  @ Tue, 22 Nov 2022 22:13:36: Processing 29M reads .. 
INFO  @ Tue, 22 Nov 2022 22:13:43: Processing 30M reads .. 
INFO  @ Tue, 22 Nov 2022 22:13:49: Processing 31M reads .. 
INFO  @ Tue, 22 Nov 2022 22:13:56: Processing 32M reads .. 
INFO  @ Tue, 22 Nov 2022 22:14:03: Processing 33M reads .. 
INFO  @ Tue, 22 Nov 2022 22:14:10: Processing 34M reads .. 
INFO  @ Tue, 22 Nov 2022 22:14:16: Processing 35M reads .. 
INFO  @ Tue, 22 Nov 2022 22:14:23: Processing 36M reads .. 
INFO  @ Tue, 22 Nov 2022 22:14:30: Processing 37M reads .. 
INFO  @ Tue, 22 Nov 2022 22:14:36: Processing 38M reads .. 
INFO  @ Tue, 22 Nov 2022 22:14:43: Processing 39M reads .. 
INFO  @ Tue, 22 Nov 2022 22:14:49: Processing 40M reads .. 
INFO  @ Tue, 22 Nov 2022 22:14:56: Processing 41M reads .. 
INFO  @ Tue, 22 Nov 2022 22:15:02: Processing 42M reads .. 
INFO  @ Tue, 22 Nov 2022 22:15:08: Processing 43M reads .. 
INFO  @ Tue, 22 Nov 2022 22:15:15: Processing 44M reads .. 
INFO  @ Tue, 22 Nov 2022 22:15:22: Processing 45M reads .. 
INFO  @ Tue, 22 Nov 2022 22:15:28: Processing 46M reads .. 
INFO  @ Tue, 22 Nov 2022 22:15:35: Processing 47M reads .. 
INFO  @ Tue, 22 Nov 2022 22:15:41: Processing 48M reads .. 
INFO  @ Tue, 22 Nov 2022 22:15:48: Processing 49M reads .. 
INFO  @ Tue, 22 Nov 2022 22:15:54: Processing 50M reads .. 
INFO  @ Tue, 22 Nov 2022 22:16:00: Processing 51M reads .. 
INFO  @ Tue, 22 Nov 2022 22:16:07: Processing 52M reads .. 
INFO  @ Tue, 22 Nov 2022 22:16:13: Processing 53M reads .. 
INFO  @ Tue, 22 Nov 2022 22:16:20: Processing 54M reads .. 
INFO  @ Tue, 22 Nov 2022 22:16:26: Processing 55M reads .. 
INFO  @ Tue, 22 Nov 2022 22:16:33: Processing 56M reads .. 
INFO  @ Tue, 22 Nov 2022 22:16:39: Processing 57M reads .. 
INFO  @ Tue, 22 Nov 2022 22:16:46: Processing 58M reads .. 
INFO  @ Tue, 22 Nov 2022 22:16:52: Processing 59M reads .. 
INFO  @ Tue, 22 Nov 2022 22:16:59: Processing 60M reads .. 
INFO  @ Tue, 22 Nov 2022 22:17:05: Processing 61M reads .. 
INFO  @ Tue, 22 Nov 2022 22:17:12: Processing 62M reads .. 
INFO  @ Tue, 22 Nov 2022 22:17:18: Processing 63M reads .. 
INFO  @ Tue, 22 Nov 2022 22:17:25: Processing 64M reads .. 
INFO  @ Tue, 22 Nov 2022 22:17:32: Processing 65M reads .. 
INFO  @ Tue, 22 Nov 2022 22:17:38: Processing 66M reads .. 
INFO  @ Tue, 22 Nov 2022 22:17:45: Processing 67M reads .. 
INFO  @ Tue, 22 Nov 2022 22:17:52: Processing 68M reads .. 
INFO  @ Tue, 22 Nov 2022 22:17:58: Processing 69M reads .. 
INFO  @ Tue, 22 Nov 2022 22:18:05: Processing 70M reads .. 
INFO  @ Tue, 22 Nov 2022 22:18:11: Processing 71M reads .. 
INFO  @ Tue, 22 Nov 2022 22:18:18: Processing 72M reads .. 
INFO  @ Tue, 22 Nov 2022 22:18:24: Processing 73M reads .. 
INFO  @ Tue, 22 Nov 2022 22:18:31: Processing 74M reads .. 
INFO  @ Tue, 22 Nov 2022 22:18:37: Processing 75M reads .. 
INFO  @ Tue, 22 Nov 2022 22:18:44: Processing 76M reads .. 
INFO  @ Tue, 22 Nov 2022 22:18:50: Processing 77M reads .. 
INFO  @ Tue, 22 Nov 2022 22:18:57: Processing 78M reads .. 
INFO  @ Tue, 22 Nov 2022 22:19:03: Processing 79M reads .. 
INFO  @ Tue, 22 Nov 2022 22:19:10: Processing 80M reads .. 
INFO  @ Tue, 22 Nov 2022 22:19:16: Processing 81M reads .. 
INFO  @ Tue, 22 Nov 2022 22:19:23: Processing 82M reads .. 
INFO  @ Tue, 22 Nov 2022 22:19:30: Processing 83M reads .. 
INFO  @ Tue, 22 Nov 2022 22:19:36: Processing 84M reads .. 
INFO  @ Tue, 22 Nov 2022 22:19:43: Processing 85M reads .. 
INFO  @ Tue, 22 Nov 2022 22:19:49: Processing 86M reads .. 
INFO  @ Tue, 22 Nov 2022 22:19:56: Processing 87M reads .. 
INFO  @ Tue, 22 Nov 2022 22:20:02: Processing 88M reads .. 
INFO  @ Tue, 22 Nov 2022 22:20:09: Processing 89M reads .. 
INFO  @ Tue, 22 Nov 2022 22:20:15: Processing 90M reads .. 
INFO  @ Tue, 22 Nov 2022 22:20:21: Processing 91M reads .. 
INFO  @ Tue, 22 Nov 2022 22:20:28: Processing 92M reads .. 
INFO  @ Tue, 22 Nov 2022 22:20:35: Processing 93M reads .. 
INFO  @ Tue, 22 Nov 2022 22:20:41: Processing 94M reads .. 
INFO  @ Tue, 22 Nov 2022 22:20:48: Processing 95M reads .. 
INFO  @ Tue, 22 Nov 2022 22:20:54: Processing 96M reads .. 
INFO  @ Tue, 22 Nov 2022 22:21:01: Processing 97M reads .. 
INFO  @ Tue, 22 Nov 2022 22:21:07: Processing 98M reads .. 
INFO  @ Tue, 22 Nov 2022 22:21:14: Processing 99M reads .. 
INFO  @ Tue, 22 Nov 2022 22:21:20: Processing 100M reads .. 
INFO  @ Tue, 22 Nov 2022 22:21:27: Processing 101M reads .. 
INFO  @ Tue, 22 Nov 2022 22:21:33: Processing 102M reads .. 
INFO  @ Tue, 22 Nov 2022 22:21:40: Processing 103M reads .. 
INFO  @ Tue, 22 Nov 2022 22:21:46: Processing 104M reads .. 
INFO  @ Tue, 22 Nov 2022 22:21:53: Processing 105M reads .. 
INFO  @ Tue, 22 Nov 2022 22:21:59: Processing 106M reads .. 
INFO  @ Tue, 22 Nov 2022 22:22:06: Processing 107M reads .. 
INFO  @ Tue, 22 Nov 2022 22:22:12: Processing 108M reads .. 
INFO  @ Tue, 22 Nov 2022 22:22:19: Processing 109M reads .. 
INFO  @ Tue, 22 Nov 2022 22:22:25: Processing 110M reads .. 
INFO  @ Tue, 22 Nov 2022 22:22:32: Processing 111M reads .. 
INFO  @ Tue, 22 Nov 2022 22:22:38: Processing 112M reads .. 
INFO  @ Tue, 22 Nov 2022 22:22:44: Processing 113M reads .. 
INFO  @ Tue, 22 Nov 2022 22:22:51: Processing 114M reads .. 
INFO  @ Tue, 22 Nov 2022 22:22:58: Processing 115M reads .. 
INFO  @ Tue, 22 Nov 2022 22:23:04: Processing 116M reads .. 
INFO  @ Tue, 22 Nov 2022 22:23:11: Processing 117M reads .. 
INFO  @ Tue, 22 Nov 2022 22:23:17: Processing 118M reads .. 
INFO  @ Tue, 22 Nov 2022 22:23:24: Processing 119M reads .. 
INFO  @ Tue, 22 Nov 2022 22:23:30: Processing 120M reads .. 
INFO  @ Tue, 22 Nov 2022 22:23:36: Total: 120810830. 
INFO  @ Tue, 22 Nov 2022 22:23:36: Mapped: 66679400. 
INFO  @ Tue, 22 Nov 2022 22:23:36: Parsing FASTQ file /home/largaesp/stehn007/synthetic_lethal/fastq/C01_ipn1L_Initial_S1_R1_001.fastq.gz... 
INFO  @ Tue, 22 Nov 2022 22:23:36: Determining the trim-5 length of FASTQ file /home/largaesp/stehn007/synthetic_lethal/fastq/C01_ipn1L_Initial_S1_R1_001.fastq.gz... 
INFO  @ Tue, 22 Nov 2022 22:23:36: Possible gRNA lengths:20 
INFO  @ Tue, 22 Nov 2022 22:23:36: Processing 0M reads ... 
INFO  @ Tue, 22 Nov 2022 22:23:39: Read length:151 
INFO  @ Tue, 22 Nov 2022 22:23:39: Total tested reads: 100001, mapped: 83849(0.8384816151838481) 
INFO  @ Tue, 22 Nov 2022 22:23:39: --trim-5 test data: (trim_length reads fraction) 
INFO  @ Tue, 22 Nov 2022 22:23:39: 25	11059	0.13189185321232216 
INFO  @ Tue, 22 Nov 2022 22:23:39: 23	11019	0.13141480518551205 
INFO  @ Tue, 22 Nov 2022 22:23:39: 24	10706	0.12768190437572302 
INFO  @ Tue, 22 Nov 2022 22:23:39: 29	10487	0.12507006642893773 
INFO  @ Tue, 22 Nov 2022 22:23:39: 22	10261	0.12237474507746067 
INFO  @ Tue, 22 Nov 2022 22:23:39: 30	10193	0.1215637634318835 
INFO  @ Tue, 22 Nov 2022 22:23:39: 28	9879	0.11781893642142423 
INFO  @ Tue, 22 Nov 2022 22:23:39: 26	9873	0.1177473792174027 
INFO  @ Tue, 22 Nov 2022 22:23:39: 27	173	0.0020632327159536786 
INFO  @ Tue, 22 Nov 2022 22:23:39: 21	81	0.0009660222542904506 
INFO  @ Tue, 22 Nov 2022 22:23:39: 31	59	0.0007036458395448962 
INFO  @ Tue, 22 Nov 2022 22:23:39: 20	16	0.00019081921072403965 
INFO  @ Tue, 22 Nov 2022 22:23:39: 19	5	5.963100335126239e-05 
INFO  @ Tue, 22 Nov 2022 22:23:39: 13	3	3.5778602010757436e-05 
INFO  @ Tue, 22 Nov 2022 22:23:39: 42	3	3.5778602010757436e-05 
INFO  @ Tue, 22 Nov 2022 22:23:39: 12	3	3.5778602010757436e-05 
INFO  @ Tue, 22 Nov 2022 22:23:39: 40	3	3.5778602010757436e-05 
INFO  @ Tue, 22 Nov 2022 22:23:39: 41	2	2.3852401340504956e-05 
INFO  @ Tue, 22 Nov 2022 22:23:39: 54	2	2.3852401340504956e-05 
INFO  @ Tue, 22 Nov 2022 22:23:39: 51	2	2.3852401340504956e-05 
INFO  @ Tue, 22 Nov 2022 22:23:39: 35	2	2.3852401340504956e-05 
INFO  @ Tue, 22 Nov 2022 22:23:39: 18	2	2.3852401340504956e-05 
INFO  @ Tue, 22 Nov 2022 22:23:39: 37	2	2.3852401340504956e-05 
INFO  @ Tue, 22 Nov 2022 22:23:39: 14	2	2.3852401340504956e-05 
INFO  @ Tue, 22 Nov 2022 22:23:39: 77	2	2.3852401340504956e-05 
INFO  @ Tue, 22 Nov 2022 22:23:39: 45	2	2.3852401340504956e-05 
INFO  @ Tue, 22 Nov 2022 22:23:39: 49	1	1.1926200670252478e-05 
INFO  @ Tue, 22 Nov 2022 22:23:39: 36	1	1.1926200670252478e-05 
INFO  @ Tue, 22 Nov 2022 22:23:39: 15	1	1.1926200670252478e-05 
INFO  @ Tue, 22 Nov 2022 22:23:39: 71	1	1.1926200670252478e-05 
INFO  @ Tue, 22 Nov 2022 22:23:39: 32	1	1.1926200670252478e-05 
INFO  @ Tue, 22 Nov 2022 22:23:39: 17	1	1.1926200670252478e-05 
INFO  @ Tue, 22 Nov 2022 22:23:39: 16	1	1.1926200670252478e-05 
INFO  @ Tue, 22 Nov 2022 22:23:39: 10	1	1.1926200670252478e-05 
INFO  @ Tue, 22 Nov 2022 22:23:39: Auto determination of trim5 results: 25,23,24,29,22,30 
INFO  @ Tue, 22 Nov 2022 22:23:39: Possible gRNA lengths:20 
INFO  @ Tue, 22 Nov 2022 22:23:39: Processing 0M reads .. 
INFO  @ Tue, 22 Nov 2022 22:23:45: Processing 1M reads .. 
INFO  @ Tue, 22 Nov 2022 22:23:54: Processing 2M reads .. 
INFO  @ Tue, 22 Nov 2022 22:24:01: Processing 3M reads .. 
INFO  @ Tue, 22 Nov 2022 22:24:11: Processing 4M reads .. 
INFO  @ Tue, 22 Nov 2022 22:24:17: Processing 5M reads .. 
INFO  @ Tue, 22 Nov 2022 22:24:24: Processing 6M reads .. 
INFO  @ Tue, 22 Nov 2022 22:24:31: Processing 7M reads .. 
INFO  @ Tue, 22 Nov 2022 22:24:37: Processing 8M reads .. 
INFO  @ Tue, 22 Nov 2022 22:24:44: Processing 9M reads .. 
INFO  @ Tue, 22 Nov 2022 22:24:50: Processing 10M reads .. 
INFO  @ Tue, 22 Nov 2022 22:24:56: Processing 11M reads .. 
INFO  @ Tue, 22 Nov 2022 22:25:03: Processing 12M reads .. 
INFO  @ Tue, 22 Nov 2022 22:25:09: Processing 13M reads .. 
INFO  @ Tue, 22 Nov 2022 22:25:16: Processing 14M reads .. 
INFO  @ Tue, 22 Nov 2022 22:25:22: Processing 15M reads .. 
INFO  @ Tue, 22 Nov 2022 22:25:29: Processing 16M reads .. 
INFO  @ Tue, 22 Nov 2022 22:25:35: Processing 17M reads .. 
INFO  @ Tue, 22 Nov 2022 22:25:42: Processing 18M reads .. 
INFO  @ Tue, 22 Nov 2022 22:25:49: Processing 19M reads .. 
INFO  @ Tue, 22 Nov 2022 22:25:55: Processing 20M reads .. 
INFO  @ Tue, 22 Nov 2022 22:26:01: Processing 21M reads .. 
INFO  @ Tue, 22 Nov 2022 22:26:08: Processing 22M reads .. 
INFO  @ Tue, 22 Nov 2022 22:26:14: Processing 23M reads .. 
INFO  @ Tue, 22 Nov 2022 22:26:21: Processing 24M reads .. 
INFO  @ Tue, 22 Nov 2022 22:26:27: Processing 25M reads .. 
INFO  @ Tue, 22 Nov 2022 22:26:34: Processing 26M reads .. 
INFO  @ Tue, 22 Nov 2022 22:26:40: Processing 27M reads .. 
INFO  @ Tue, 22 Nov 2022 22:26:47: Processing 28M reads .. 
INFO  @ Tue, 22 Nov 2022 22:26:53: Processing 29M reads .. 
INFO  @ Tue, 22 Nov 2022 22:27:00: Processing 30M reads .. 
INFO  @ Tue, 22 Nov 2022 22:27:06: Processing 31M reads .. 
INFO  @ Tue, 22 Nov 2022 22:27:12: Processing 32M reads .. 
INFO  @ Tue, 22 Nov 2022 22:27:18: Processing 33M reads .. 
INFO  @ Tue, 22 Nov 2022 22:27:25: Processing 34M reads .. 
INFO  @ Tue, 22 Nov 2022 22:27:31: Processing 35M reads .. 
INFO  @ Tue, 22 Nov 2022 22:27:38: Processing 36M reads .. 
INFO  @ Tue, 22 Nov 2022 22:27:44: Processing 37M reads .. 
INFO  @ Tue, 22 Nov 2022 22:27:50: Processing 38M reads .. 
INFO  @ Tue, 22 Nov 2022 22:27:57: Processing 39M reads .. 
INFO  @ Tue, 22 Nov 2022 22:28:03: Processing 40M reads .. 
INFO  @ Tue, 22 Nov 2022 22:28:09: Processing 41M reads .. 
INFO  @ Tue, 22 Nov 2022 22:28:16: Processing 42M reads .. 
INFO  @ Tue, 22 Nov 2022 22:28:22: Processing 43M reads .. 
INFO  @ Tue, 22 Nov 2022 22:28:28: Processing 44M reads .. 
INFO  @ Tue, 22 Nov 2022 22:28:35: Processing 45M reads .. 
INFO  @ Tue, 22 Nov 2022 22:28:41: Processing 46M reads .. 
INFO  @ Tue, 22 Nov 2022 22:28:47: Processing 47M reads .. 
INFO  @ Tue, 22 Nov 2022 22:28:54: Processing 48M reads .. 
INFO  @ Tue, 22 Nov 2022 22:29:00: Processing 49M reads .. 
INFO  @ Tue, 22 Nov 2022 22:29:07: Processing 50M reads .. 
INFO  @ Tue, 22 Nov 2022 22:29:13: Processing 51M reads .. 
INFO  @ Tue, 22 Nov 2022 22:29:20: Processing 52M reads .. 
INFO  @ Tue, 22 Nov 2022 22:29:26: Processing 53M reads .. 
INFO  @ Tue, 22 Nov 2022 22:29:32: Processing 54M reads .. 
INFO  @ Tue, 22 Nov 2022 22:29:39: Processing 55M reads .. 
INFO  @ Tue, 22 Nov 2022 22:29:45: Processing 56M reads .. 
INFO  @ Tue, 22 Nov 2022 22:29:52: Processing 57M reads .. 
INFO  @ Tue, 22 Nov 2022 22:29:59: Processing 58M reads .. 
INFO  @ Tue, 22 Nov 2022 22:30:06: Processing 59M reads .. 
INFO  @ Tue, 22 Nov 2022 22:30:13: Processing 60M reads .. 
INFO  @ Tue, 22 Nov 2022 22:30:20: Processing 61M reads .. 
INFO  @ Tue, 22 Nov 2022 22:30:27: Processing 62M reads .. 
INFO  @ Tue, 22 Nov 2022 22:30:33: Processing 63M reads .. 
INFO  @ Tue, 22 Nov 2022 22:30:40: Processing 64M reads .. 
INFO  @ Tue, 22 Nov 2022 22:30:47: Processing 65M reads .. 
INFO  @ Tue, 22 Nov 2022 22:30:54: Processing 66M reads .. 
INFO  @ Tue, 22 Nov 2022 22:31:01: Processing 67M reads .. 
INFO  @ Tue, 22 Nov 2022 22:31:08: Processing 68M reads .. 
INFO  @ Tue, 22 Nov 2022 22:31:15: Processing 69M reads .. 
INFO  @ Tue, 22 Nov 2022 22:31:22: Processing 70M reads .. 
INFO  @ Tue, 22 Nov 2022 22:31:28: Processing 71M reads .. 
INFO  @ Tue, 22 Nov 2022 22:31:35: Processing 72M reads .. 
INFO  @ Tue, 22 Nov 2022 22:31:42: Processing 73M reads .. 
INFO  @ Tue, 22 Nov 2022 22:31:48: Processing 74M reads .. 
INFO  @ Tue, 22 Nov 2022 22:31:55: Processing 75M reads .. 
INFO  @ Tue, 22 Nov 2022 22:32:02: Processing 76M reads .. 
INFO  @ Tue, 22 Nov 2022 22:32:09: Processing 77M reads .. 
INFO  @ Tue, 22 Nov 2022 22:32:16: Processing 78M reads .. 
INFO  @ Tue, 22 Nov 2022 22:32:23: Processing 79M reads .. 
INFO  @ Tue, 22 Nov 2022 22:32:29: Processing 80M reads .. 
INFO  @ Tue, 22 Nov 2022 22:32:36: Processing 81M reads .. 
INFO  @ Tue, 22 Nov 2022 22:32:43: Processing 82M reads .. 
INFO  @ Tue, 22 Nov 2022 22:32:50: Processing 83M reads .. 
INFO  @ Tue, 22 Nov 2022 22:32:57: Processing 84M reads .. 
INFO  @ Tue, 22 Nov 2022 22:33:04: Processing 85M reads .. 
INFO  @ Tue, 22 Nov 2022 22:33:11: Processing 86M reads .. 
INFO  @ Tue, 22 Nov 2022 22:33:18: Processing 87M reads .. 
INFO  @ Tue, 22 Nov 2022 22:33:25: Processing 88M reads .. 
INFO  @ Tue, 22 Nov 2022 22:33:32: Processing 89M reads .. 
INFO  @ Tue, 22 Nov 2022 22:33:39: Processing 90M reads .. 
INFO  @ Tue, 22 Nov 2022 22:33:45: Processing 91M reads .. 
INFO  @ Tue, 22 Nov 2022 22:33:53: Processing 92M reads .. 
INFO  @ Tue, 22 Nov 2022 22:33:59: Processing 93M reads .. 
INFO  @ Tue, 22 Nov 2022 22:34:06: Processing 94M reads .. 
INFO  @ Tue, 22 Nov 2022 22:34:13: Processing 95M reads .. 
INFO  @ Tue, 22 Nov 2022 22:34:20: Processing 96M reads .. 
INFO  @ Tue, 22 Nov 2022 22:34:27: Processing 97M reads .. 
INFO  @ Tue, 22 Nov 2022 22:34:34: Processing 98M reads .. 
INFO  @ Tue, 22 Nov 2022 22:34:41: Processing 99M reads .. 
INFO  @ Tue, 22 Nov 2022 22:34:48: Processing 100M reads .. 
INFO  @ Tue, 22 Nov 2022 22:34:54: Processing 101M reads .. 
INFO  @ Tue, 22 Nov 2022 22:35:01: Processing 102M reads .. 
INFO  @ Tue, 22 Nov 2022 22:35:08: Processing 103M reads .. 
INFO  @ Tue, 22 Nov 2022 22:35:15: Processing 104M reads .. 
INFO  @ Tue, 22 Nov 2022 22:35:22: Processing 105M reads .. 
INFO  @ Tue, 22 Nov 2022 22:35:29: Processing 106M reads .. 
INFO  @ Tue, 22 Nov 2022 22:35:36: Processing 107M reads .. 
INFO  @ Tue, 22 Nov 2022 22:35:42: Processing 108M reads .. 
INFO  @ Tue, 22 Nov 2022 22:35:49: Processing 109M reads .. 
INFO  @ Tue, 22 Nov 2022 22:35:56: Processing 110M reads .. 
INFO  @ Tue, 22 Nov 2022 22:36:03: Processing 111M reads .. 
INFO  @ Tue, 22 Nov 2022 22:36:10: Processing 112M reads .. 
INFO  @ Tue, 22 Nov 2022 22:36:15: Total: 112735404. 
INFO  @ Tue, 22 Nov 2022 22:36:15: Mapped: 72014413. 
INFO  @ Tue, 22 Nov 2022 22:36:15: Parsing FASTQ file /home/largaesp/stehn007/synthetic_lethal/fastq/C02_ipn1L_Final_S3_R1_001.fastq.gz... 
INFO  @ Tue, 22 Nov 2022 22:36:15: Determining the trim-5 length of FASTQ file /home/largaesp/stehn007/synthetic_lethal/fastq/C02_ipn1L_Final_S3_R1_001.fastq.gz... 
INFO  @ Tue, 22 Nov 2022 22:36:15: Possible gRNA lengths:20 
INFO  @ Tue, 22 Nov 2022 22:36:15: Processing 0M reads ... 
INFO  @ Tue, 22 Nov 2022 22:36:18: Read length:151 
INFO  @ Tue, 22 Nov 2022 22:36:18: Total tested reads: 100001, mapped: 84969(0.8496815031849682) 
INFO  @ Tue, 22 Nov 2022 22:36:18: --trim-5 test data: (trim_length reads fraction) 
INFO  @ Tue, 22 Nov 2022 22:36:18: 23	11232	0.13218938671750874 
INFO  @ Tue, 22 Nov 2022 22:36:18: 24	11135	0.1310477939013052 
INFO  @ Tue, 22 Nov 2022 22:36:18: 25	11004	0.12950605514952512 
INFO  @ Tue, 22 Nov 2022 22:36:18: 29	10655	0.12539867481081335 
INFO  @ Tue, 22 Nov 2022 22:36:18: 22	10458	0.12308018218409067 
INFO  @ Tue, 22 Nov 2022 22:36:18: 30	10140	0.11933764078663983 
INFO  @ Tue, 22 Nov 2022 22:36:18: 26	10043	0.11819604797043627 
INFO  @ Tue, 22 Nov 2022 22:36:18: 28	9961	0.11723099012581059 
INFO  @ Tue, 22 Nov 2022 22:36:18: 27	142	0.0016711977309371653 
INFO  @ Tue, 22 Nov 2022 22:36:18: 21	94	0.0011062858218879826 
INFO  @ Tue, 22 Nov 2022 22:36:18: 31	54	0.0006355258976803305 
INFO  @ Tue, 22 Nov 2022 22:36:18: 20	10	0.00011768998105191305 
INFO  @ Tue, 22 Nov 2022 22:36:18: 18	6	7.061398863114784e-05 
INFO  @ Tue, 22 Nov 2022 22:36:18: 48	4	4.707599242076522e-05 
INFO  @ Tue, 22 Nov 2022 22:36:18: 16	3	3.530699431557392e-05 
INFO  @ Tue, 22 Nov 2022 22:36:18: 17	2	2.353799621038261e-05 
INFO  @ Tue, 22 Nov 2022 22:36:18: 12	2	2.353799621038261e-05 
INFO  @ Tue, 22 Nov 2022 22:36:18: 45	2	2.353799621038261e-05 
INFO  @ Tue, 22 Nov 2022 22:36:18: 13	2	2.353799621038261e-05 
INFO  @ Tue, 22 Nov 2022 22:36:18: 19	2	2.353799621038261e-05 
INFO  @ Tue, 22 Nov 2022 22:36:18: 58	2	2.353799621038261e-05 
INFO  @ Tue, 22 Nov 2022 22:36:18: 15	2	2.353799621038261e-05 
INFO  @ Tue, 22 Nov 2022 22:36:18: 42	1	1.1768998105191305e-05 
INFO  @ Tue, 22 Nov 2022 22:36:18: 32	1	1.1768998105191305e-05 
INFO  @ Tue, 22 Nov 2022 22:36:18: 38	1	1.1768998105191305e-05 
INFO  @ Tue, 22 Nov 2022 22:36:18: 61	1	1.1768998105191305e-05 
INFO  @ Tue, 22 Nov 2022 22:36:18: 57	1	1.1768998105191305e-05 
INFO  @ Tue, 22 Nov 2022 22:36:18: 41	1	1.1768998105191305e-05 
INFO  @ Tue, 22 Nov 2022 22:36:18: 63	1	1.1768998105191305e-05 
INFO  @ Tue, 22 Nov 2022 22:36:18: 76	1	1.1768998105191305e-05 
INFO  @ Tue, 22 Nov 2022 22:36:18: 53	1	1.1768998105191305e-05 
INFO  @ Tue, 22 Nov 2022 22:36:18: 14	1	1.1768998105191305e-05 
INFO  @ Tue, 22 Nov 2022 22:36:18: 60	1	1.1768998105191305e-05 
INFO  @ Tue, 22 Nov 2022 22:36:18: 71	1	1.1768998105191305e-05 
INFO  @ Tue, 22 Nov 2022 22:36:18: 34	1	1.1768998105191305e-05 
INFO  @ Tue, 22 Nov 2022 22:36:18: 59	1	1.1768998105191305e-05 
INFO  @ Tue, 22 Nov 2022 22:36:18: Auto determination of trim5 results: 23,24,25,29,22,30 
INFO  @ Tue, 22 Nov 2022 22:36:18: Possible gRNA lengths:20 
INFO  @ Tue, 22 Nov 2022 22:36:18: Processing 0M reads .. 
INFO  @ Tue, 22 Nov 2022 22:36:25: Processing 1M reads .. 
INFO  @ Tue, 22 Nov 2022 22:36:32: Processing 2M reads .. 
INFO  @ Tue, 22 Nov 2022 22:36:39: Processing 3M reads .. 
INFO  @ Tue, 22 Nov 2022 22:36:45: Processing 4M reads .. 
INFO  @ Tue, 22 Nov 2022 22:36:52: Processing 5M reads .. 
INFO  @ Tue, 22 Nov 2022 22:36:58: Processing 6M reads .. 
INFO  @ Tue, 22 Nov 2022 22:37:04: Processing 7M reads .. 
INFO  @ Tue, 22 Nov 2022 22:37:11: Processing 8M reads .. 
INFO  @ Tue, 22 Nov 2022 22:37:17: Processing 9M reads .. 
INFO  @ Tue, 22 Nov 2022 22:37:23: Processing 10M reads .. 
INFO  @ Tue, 22 Nov 2022 22:37:29: Processing 11M reads .. 
INFO  @ Tue, 22 Nov 2022 22:37:36: Processing 12M reads .. 
INFO  @ Tue, 22 Nov 2022 22:37:42: Processing 13M reads .. 
INFO  @ Tue, 22 Nov 2022 22:37:48: Processing 14M reads .. 
INFO  @ Tue, 22 Nov 2022 22:37:55: Processing 15M reads .. 
INFO  @ Tue, 22 Nov 2022 22:38:01: Processing 16M reads .. 
INFO  @ Tue, 22 Nov 2022 22:38:08: Processing 17M reads .. 
INFO  @ Tue, 22 Nov 2022 22:38:14: Processing 18M reads .. 
INFO  @ Tue, 22 Nov 2022 22:38:21: Processing 19M reads .. 
INFO  @ Tue, 22 Nov 2022 22:38:27: Processing 20M reads .. 
INFO  @ Tue, 22 Nov 2022 22:38:34: Processing 21M reads .. 
INFO  @ Tue, 22 Nov 2022 22:38:40: Processing 22M reads .. 
INFO  @ Tue, 22 Nov 2022 22:38:46: Processing 23M reads .. 
INFO  @ Tue, 22 Nov 2022 22:38:52: Processing 24M reads .. 
INFO  @ Tue, 22 Nov 2022 22:38:59: Processing 25M reads .. 
INFO  @ Tue, 22 Nov 2022 22:39:05: Processing 26M reads .. 
INFO  @ Tue, 22 Nov 2022 22:39:11: Processing 27M reads .. 
INFO  @ Tue, 22 Nov 2022 22:39:17: Processing 28M reads .. 
INFO  @ Tue, 22 Nov 2022 22:39:23: Processing 29M reads .. 
INFO  @ Tue, 22 Nov 2022 22:39:30: Processing 30M reads .. 
INFO  @ Tue, 22 Nov 2022 22:39:36: Processing 31M reads .. 
INFO  @ Tue, 22 Nov 2022 22:39:42: Processing 32M reads .. 
INFO  @ Tue, 22 Nov 2022 22:39:48: Processing 33M reads .. 
INFO  @ Tue, 22 Nov 2022 22:39:55: Processing 34M reads .. 
INFO  @ Tue, 22 Nov 2022 22:40:01: Processing 35M reads .. 
INFO  @ Tue, 22 Nov 2022 22:40:07: Processing 36M reads .. 
INFO  @ Tue, 22 Nov 2022 22:40:14: Processing 37M reads .. 
INFO  @ Tue, 22 Nov 2022 22:40:20: Processing 38M reads .. 
INFO  @ Tue, 22 Nov 2022 22:40:26: Processing 39M reads .. 
INFO  @ Tue, 22 Nov 2022 22:40:32: Processing 40M reads .. 
INFO  @ Tue, 22 Nov 2022 22:40:39: Processing 41M reads .. 
INFO  @ Tue, 22 Nov 2022 22:40:45: Processing 42M reads .. 
INFO  @ Tue, 22 Nov 2022 22:40:51: Processing 43M reads .. 
INFO  @ Tue, 22 Nov 2022 22:40:58: Processing 44M reads .. 
INFO  @ Tue, 22 Nov 2022 22:41:04: Processing 45M reads .. 
INFO  @ Tue, 22 Nov 2022 22:41:10: Processing 46M reads .. 
INFO  @ Tue, 22 Nov 2022 22:41:17: Processing 47M reads .. 
INFO  @ Tue, 22 Nov 2022 22:41:23: Processing 48M reads .. 
INFO  @ Tue, 22 Nov 2022 22:41:29: Processing 49M reads .. 
INFO  @ Tue, 22 Nov 2022 22:41:35: Processing 50M reads .. 
INFO  @ Tue, 22 Nov 2022 22:41:42: Processing 51M reads .. 
INFO  @ Tue, 22 Nov 2022 22:41:48: Processing 52M reads .. 
INFO  @ Tue, 22 Nov 2022 22:41:54: Processing 53M reads .. 
INFO  @ Tue, 22 Nov 2022 22:42:01: Processing 54M reads .. 
INFO  @ Tue, 22 Nov 2022 22:42:07: Processing 55M reads .. 
INFO  @ Tue, 22 Nov 2022 22:42:13: Processing 56M reads .. 
INFO  @ Tue, 22 Nov 2022 22:42:19: Processing 57M reads .. 
INFO  @ Tue, 22 Nov 2022 22:42:26: Processing 58M reads .. 
INFO  @ Tue, 22 Nov 2022 22:42:32: Processing 59M reads .. 
INFO  @ Tue, 22 Nov 2022 22:42:38: Processing 60M reads .. 
INFO  @ Tue, 22 Nov 2022 22:42:45: Processing 61M reads .. 
INFO  @ Tue, 22 Nov 2022 22:42:51: Processing 62M reads .. 
INFO  @ Tue, 22 Nov 2022 22:42:57: Processing 63M reads .. 
INFO  @ Tue, 22 Nov 2022 22:43:04: Processing 64M reads .. 
INFO  @ Tue, 22 Nov 2022 22:43:10: Processing 65M reads .. 
INFO  @ Tue, 22 Nov 2022 22:43:17: Processing 66M reads .. 
INFO  @ Tue, 22 Nov 2022 22:43:23: Processing 67M reads .. 
INFO  @ Tue, 22 Nov 2022 22:43:29: Processing 68M reads .. 
INFO  @ Tue, 22 Nov 2022 22:43:35: Processing 69M reads .. 
INFO  @ Tue, 22 Nov 2022 22:43:41: Processing 70M reads .. 
INFO  @ Tue, 22 Nov 2022 22:43:47: Processing 71M reads .. 
INFO  @ Tue, 22 Nov 2022 22:43:54: Processing 72M reads .. 
INFO  @ Tue, 22 Nov 2022 22:44:00: Processing 73M reads .. 
INFO  @ Tue, 22 Nov 2022 22:44:06: Processing 74M reads .. 
INFO  @ Tue, 22 Nov 2022 22:44:13: Processing 75M reads .. 
INFO  @ Tue, 22 Nov 2022 22:44:19: Processing 76M reads .. 
INFO  @ Tue, 22 Nov 2022 22:44:25: Processing 77M reads .. 
INFO  @ Tue, 22 Nov 2022 22:44:32: Processing 78M reads .. 
INFO  @ Tue, 22 Nov 2022 22:44:38: Processing 79M reads .. 
INFO  @ Tue, 22 Nov 2022 22:44:44: Processing 80M reads .. 
INFO  @ Tue, 22 Nov 2022 22:44:50: Processing 81M reads .. 
INFO  @ Tue, 22 Nov 2022 22:44:56: Processing 82M reads .. 
INFO  @ Tue, 22 Nov 2022 22:45:03: Processing 83M reads .. 
INFO  @ Tue, 22 Nov 2022 22:45:09: Processing 84M reads .. 
INFO  @ Tue, 22 Nov 2022 22:45:15: Processing 85M reads .. 
INFO  @ Tue, 22 Nov 2022 22:45:21: Processing 86M reads .. 
INFO  @ Tue, 22 Nov 2022 22:45:28: Processing 87M reads .. 
INFO  @ Tue, 22 Nov 2022 22:45:34: Processing 88M reads .. 
INFO  @ Tue, 22 Nov 2022 22:45:40: Processing 89M reads .. 
INFO  @ Tue, 22 Nov 2022 22:45:47: Processing 90M reads .. 
INFO  @ Tue, 22 Nov 2022 22:45:54: Processing 91M reads .. 
INFO  @ Tue, 22 Nov 2022 22:46:00: Processing 92M reads .. 
INFO  @ Tue, 22 Nov 2022 22:46:07: Processing 93M reads .. 
INFO  @ Tue, 22 Nov 2022 22:46:13: Processing 94M reads .. 
INFO  @ Tue, 22 Nov 2022 22:46:20: Processing 95M reads .. 
INFO  @ Tue, 22 Nov 2022 22:46:26: Processing 96M reads .. 
INFO  @ Tue, 22 Nov 2022 22:46:28: Total: 96280456. 
INFO  @ Tue, 22 Nov 2022 22:46:28: Mapped: 62394302. 
INFO  @ Tue, 22 Nov 2022 22:46:28: Parsing FASTQ file /home/largaesp/stehn007/synthetic_lethal/fastq/C11_ipn1L_Middle_S2_R1_001.fastq.gz... 
INFO  @ Tue, 22 Nov 2022 22:46:28: Determining the trim-5 length of FASTQ file /home/largaesp/stehn007/synthetic_lethal/fastq/C11_ipn1L_Middle_S2_R1_001.fastq.gz... 
INFO  @ Tue, 22 Nov 2022 22:46:28: Possible gRNA lengths:20 
INFO  @ Tue, 22 Nov 2022 22:46:28: Processing 0M reads ... 
INFO  @ Tue, 22 Nov 2022 22:46:32: Read length:151 
INFO  @ Tue, 22 Nov 2022 22:46:32: Total tested reads: 100001, mapped: 70108(0.7010729892701073) 
INFO  @ Tue, 22 Nov 2022 22:46:32: --trim-5 test data: (trim_length reads fraction) 
INFO  @ Tue, 22 Nov 2022 22:46:32: 23	9383	0.13383636674844526 
INFO  @ Tue, 22 Nov 2022 22:46:32: 24	9111	0.12995663832943458 
INFO  @ Tue, 22 Nov 2022 22:46:32: 25	9101	0.12981400125520626 
INFO  @ Tue, 22 Nov 2022 22:46:32: 29	8717	0.12433673760483825 
INFO  @ Tue, 22 Nov 2022 22:46:32: 30	8670	0.12366634335596509 
INFO  @ Tue, 22 Nov 2022 22:46:32: 22	8503	0.12128430421635192 
INFO  @ Tue, 22 Nov 2022 22:46:32: 26	8318	0.11864551834312774 
INFO  @ Tue, 22 Nov 2022 22:46:32: 28	8007	0.11420950533462658 
INFO  @ Tue, 22 Nov 2022 22:46:32: 27	123	0.0017544360130085012 
INFO  @ Tue, 22 Nov 2022 22:46:32: 21	85	0.0012124151309408342 
INFO  @ Tue, 22 Nov 2022 22:46:32: 31	39	0.0005562845894905003 
INFO  @ Tue, 22 Nov 2022 22:46:32: 20	14	0.0001996919039196668 
INFO  @ Tue, 22 Nov 2022 22:46:32: 18	4	5.705482969133337e-05 
INFO  @ Tue, 22 Nov 2022 22:46:32: 19	3	4.279112226850003e-05 
INFO  @ Tue, 22 Nov 2022 22:46:32: 32	3	4.279112226850003e-05 
INFO  @ Tue, 22 Nov 2022 22:46:32: 43	3	4.279112226850003e-05 
INFO  @ Tue, 22 Nov 2022 22:46:32: 17	3	4.279112226850003e-05 
INFO  @ Tue, 22 Nov 2022 22:46:32: 51	2	2.8527414845666685e-05 
INFO  @ Tue, 22 Nov 2022 22:46:32: 36	2	2.8527414845666685e-05 
INFO  @ Tue, 22 Nov 2022 22:46:32: 71	2	2.8527414845666685e-05 
INFO  @ Tue, 22 Nov 2022 22:46:32: 14	2	2.8527414845666685e-05 
INFO  @ Tue, 22 Nov 2022 22:46:32: 16	2	2.8527414845666685e-05 
INFO  @ Tue, 22 Nov 2022 22:46:32: 59	2	2.8527414845666685e-05 
INFO  @ Tue, 22 Nov 2022 22:46:32: 68	1	1.4263707422833343e-05 
INFO  @ Tue, 22 Nov 2022 22:46:32: 104	1	1.4263707422833343e-05 
INFO  @ Tue, 22 Nov 2022 22:46:32: 82	1	1.4263707422833343e-05 
INFO  @ Tue, 22 Nov 2022 22:46:32: 73	1	1.4263707422833343e-05 
INFO  @ Tue, 22 Nov 2022 22:46:32: 11	1	1.4263707422833343e-05 
INFO  @ Tue, 22 Nov 2022 22:46:32: 40	1	1.4263707422833343e-05 
INFO  @ Tue, 22 Nov 2022 22:46:32: 35	1	1.4263707422833343e-05 
INFO  @ Tue, 22 Nov 2022 22:46:32: 42	1	1.4263707422833343e-05 
INFO  @ Tue, 22 Nov 2022 22:46:32: 62	1	1.4263707422833343e-05 
INFO  @ Tue, 22 Nov 2022 22:46:32: Auto determination of trim5 results: 23,24,25,29,30,22 
INFO  @ Tue, 22 Nov 2022 22:46:32: Possible gRNA lengths:20 
INFO  @ Tue, 22 Nov 2022 22:46:32: Processing 0M reads .. 
INFO  @ Tue, 22 Nov 2022 22:46:40: Processing 1M reads .. 
INFO  @ Tue, 22 Nov 2022 22:46:48: Processing 2M reads .. 
INFO  @ Tue, 22 Nov 2022 22:46:55: Processing 3M reads .. 
INFO  @ Tue, 22 Nov 2022 22:47:02: Processing 4M reads .. 
INFO  @ Tue, 22 Nov 2022 22:47:08: Processing 5M reads .. 
INFO  @ Tue, 22 Nov 2022 22:47:15: Processing 6M reads .. 
INFO  @ Tue, 22 Nov 2022 22:47:22: Processing 7M reads .. 
INFO  @ Tue, 22 Nov 2022 22:47:29: Processing 8M reads .. 
INFO  @ Tue, 22 Nov 2022 22:47:36: Processing 9M reads .. 
INFO  @ Tue, 22 Nov 2022 22:47:43: Processing 10M reads .. 
INFO  @ Tue, 22 Nov 2022 22:47:49: Processing 11M reads .. 
INFO  @ Tue, 22 Nov 2022 22:47:56: Processing 12M reads .. 
INFO  @ Tue, 22 Nov 2022 22:48:02: Processing 13M reads .. 
INFO  @ Tue, 22 Nov 2022 22:48:08: Processing 14M reads .. 
INFO  @ Tue, 22 Nov 2022 22:48:15: Processing 15M reads .. 
INFO  @ Tue, 22 Nov 2022 22:48:22: Processing 16M reads .. 
INFO  @ Tue, 22 Nov 2022 22:48:28: Processing 17M reads .. 
INFO  @ Tue, 22 Nov 2022 22:48:35: Processing 18M reads .. 
INFO  @ Tue, 22 Nov 2022 22:48:41: Processing 19M reads .. 
INFO  @ Tue, 22 Nov 2022 22:48:47: Processing 20M reads .. 
INFO  @ Tue, 22 Nov 2022 22:48:54: Processing 21M reads .. 
INFO  @ Tue, 22 Nov 2022 22:49:00: Processing 22M reads .. 
INFO  @ Tue, 22 Nov 2022 22:49:06: Processing 23M reads .. 
INFO  @ Tue, 22 Nov 2022 22:49:13: Processing 24M reads .. 
INFO  @ Tue, 22 Nov 2022 22:49:20: Processing 25M reads .. 
INFO  @ Tue, 22 Nov 2022 22:49:26: Processing 26M reads .. 
INFO  @ Tue, 22 Nov 2022 22:49:33: Processing 27M reads .. 
INFO  @ Tue, 22 Nov 2022 22:49:39: Processing 28M reads .. 
INFO  @ Tue, 22 Nov 2022 22:49:45: Processing 29M reads .. 
INFO  @ Tue, 22 Nov 2022 22:49:51: Processing 30M reads .. 
INFO  @ Tue, 22 Nov 2022 22:49:58: Processing 31M reads .. 
INFO  @ Tue, 22 Nov 2022 22:50:06: Processing 32M reads .. 
INFO  @ Tue, 22 Nov 2022 22:50:12: Processing 33M reads .. 
INFO  @ Tue, 22 Nov 2022 22:50:19: Processing 34M reads .. 
INFO  @ Tue, 22 Nov 2022 22:50:25: Processing 35M reads .. 
INFO  @ Tue, 22 Nov 2022 22:50:32: Processing 36M reads .. 
INFO  @ Tue, 22 Nov 2022 22:50:39: Processing 37M reads .. 
INFO  @ Tue, 22 Nov 2022 22:50:45: Processing 38M reads .. 
INFO  @ Tue, 22 Nov 2022 22:50:51: Processing 39M reads .. 
INFO  @ Tue, 22 Nov 2022 22:50:58: Processing 40M reads .. 
INFO  @ Tue, 22 Nov 2022 22:51:04: Processing 41M reads .. 
INFO  @ Tue, 22 Nov 2022 22:51:10: Processing 42M reads .. 
INFO  @ Tue, 22 Nov 2022 22:51:16: Processing 43M reads .. 
INFO  @ Tue, 22 Nov 2022 22:51:22: Processing 44M reads .. 
INFO  @ Tue, 22 Nov 2022 22:51:29: Processing 45M reads .. 
INFO  @ Tue, 22 Nov 2022 22:51:35: Processing 46M reads .. 
INFO  @ Tue, 22 Nov 2022 22:51:42: Processing 47M reads .. 
INFO  @ Tue, 22 Nov 2022 22:51:48: Processing 48M reads .. 
INFO  @ Tue, 22 Nov 2022 22:51:55: Processing 49M reads .. 
INFO  @ Tue, 22 Nov 2022 22:52:01: Processing 50M reads .. 
INFO  @ Tue, 22 Nov 2022 22:52:08: Processing 51M reads .. 
INFO  @ Tue, 22 Nov 2022 22:52:16: Processing 52M reads .. 
INFO  @ Tue, 22 Nov 2022 22:52:24: Processing 53M reads .. 
INFO  @ Tue, 22 Nov 2022 22:52:31: Processing 54M reads .. 
INFO  @ Tue, 22 Nov 2022 22:52:39: Processing 55M reads .. 
INFO  @ Tue, 22 Nov 2022 22:52:47: Processing 56M reads .. 
INFO  @ Tue, 22 Nov 2022 22:52:54: Processing 57M reads .. 
INFO  @ Tue, 22 Nov 2022 22:53:01: Processing 58M reads .. 
INFO  @ Tue, 22 Nov 2022 22:53:08: Processing 59M reads .. 
INFO  @ Tue, 22 Nov 2022 22:53:15: Processing 60M reads .. 
INFO  @ Tue, 22 Nov 2022 22:53:21: Processing 61M reads .. 
INFO  @ Tue, 22 Nov 2022 22:53:28: Processing 62M reads .. 
INFO  @ Tue, 22 Nov 2022 22:53:35: Processing 63M reads .. 
INFO  @ Tue, 22 Nov 2022 22:53:42: Processing 64M reads .. 
INFO  @ Tue, 22 Nov 2022 22:53:49: Processing 65M reads .. 
INFO  @ Tue, 22 Nov 2022 22:53:56: Processing 66M reads .. 
INFO  @ Tue, 22 Nov 2022 22:54:02: Processing 67M reads .. 
INFO  @ Tue, 22 Nov 2022 22:54:09: Processing 68M reads .. 
INFO  @ Tue, 22 Nov 2022 22:54:16: Processing 69M reads .. 
INFO  @ Tue, 22 Nov 2022 22:54:23: Processing 70M reads .. 
INFO  @ Tue, 22 Nov 2022 22:54:30: Processing 71M reads .. 
INFO  @ Tue, 22 Nov 2022 22:54:37: Processing 72M reads .. 
INFO  @ Tue, 22 Nov 2022 22:54:43: Processing 73M reads .. 
INFO  @ Tue, 22 Nov 2022 22:54:50: Processing 74M reads .. 
INFO  @ Tue, 22 Nov 2022 22:54:57: Processing 75M reads .. 
INFO  @ Tue, 22 Nov 2022 22:55:04: Processing 76M reads .. 
INFO  @ Tue, 22 Nov 2022 22:55:10: Processing 77M reads .. 
INFO  @ Tue, 22 Nov 2022 22:55:17: Processing 78M reads .. 
INFO  @ Tue, 22 Nov 2022 22:55:24: Processing 79M reads .. 
INFO  @ Tue, 22 Nov 2022 22:55:31: Processing 80M reads .. 
INFO  @ Tue, 22 Nov 2022 22:55:38: Processing 81M reads .. 
INFO  @ Tue, 22 Nov 2022 22:55:45: Processing 82M reads .. 
INFO  @ Tue, 22 Nov 2022 22:55:51: Processing 83M reads .. 
INFO  @ Tue, 22 Nov 2022 22:55:58: Processing 84M reads .. 
INFO  @ Tue, 22 Nov 2022 22:56:05: Processing 85M reads .. 
INFO  @ Tue, 22 Nov 2022 22:56:11: Processing 86M reads .. 
INFO  @ Tue, 22 Nov 2022 22:56:18: Processing 87M reads .. 
INFO  @ Tue, 22 Nov 2022 22:56:25: Processing 88M reads .. 
INFO  @ Tue, 22 Nov 2022 22:56:31: Processing 89M reads .. 
INFO  @ Tue, 22 Nov 2022 22:56:38: Processing 90M reads .. 
INFO  @ Tue, 22 Nov 2022 22:56:45: Processing 91M reads .. 
INFO  @ Tue, 22 Nov 2022 22:56:51: Processing 92M reads .. 
INFO  @ Tue, 22 Nov 2022 22:56:58: Processing 93M reads .. 
INFO  @ Tue, 22 Nov 2022 22:57:05: Processing 94M reads .. 
INFO  @ Tue, 22 Nov 2022 22:57:11: Processing 95M reads .. 
INFO  @ Tue, 22 Nov 2022 22:57:18: Processing 96M reads .. 
INFO  @ Tue, 22 Nov 2022 22:57:25: Processing 97M reads .. 
INFO  @ Tue, 22 Nov 2022 22:57:31: Processing 98M reads .. 
INFO  @ Tue, 22 Nov 2022 22:57:38: Processing 99M reads .. 
INFO  @ Tue, 22 Nov 2022 22:57:45: Processing 100M reads .. 
INFO  @ Tue, 22 Nov 2022 22:57:52: Processing 101M reads .. 
INFO  @ Tue, 22 Nov 2022 22:57:59: Processing 102M reads .. 
INFO  @ Tue, 22 Nov 2022 22:58:06: Processing 103M reads .. 
INFO  @ Tue, 22 Nov 2022 22:58:12: Processing 104M reads .. 
INFO  @ Tue, 22 Nov 2022 22:58:19: Processing 105M reads .. 
INFO  @ Tue, 22 Nov 2022 22:58:24: Total: 105648901. 
INFO  @ Tue, 22 Nov 2022 22:58:24: Mapped: 56881863. 
INFO  @ Tue, 22 Nov 2022 22:58:24: Parsing FASTQ file /home/largaesp/stehn007/synthetic_lethal/fastq/D01_ipn2J_Initial_S4_R1_001.fastq.gz... 
INFO  @ Tue, 22 Nov 2022 22:58:24: Determining the trim-5 length of FASTQ file /home/largaesp/stehn007/synthetic_lethal/fastq/D01_ipn2J_Initial_S4_R1_001.fastq.gz... 
INFO  @ Tue, 22 Nov 2022 22:58:24: Possible gRNA lengths:20 
INFO  @ Tue, 22 Nov 2022 22:58:24: Processing 0M reads ... 
INFO  @ Tue, 22 Nov 2022 22:58:27: Read length:151 
INFO  @ Tue, 22 Nov 2022 22:58:27: Total tested reads: 100001, mapped: 78074(0.7807321926780733) 
INFO  @ Tue, 22 Nov 2022 22:58:27: --trim-5 test data: (trim_length reads fraction) 
INFO  @ Tue, 22 Nov 2022 22:58:27: 23	10350	0.13256653943694444 
INFO  @ Tue, 22 Nov 2022 22:58:27: 24	10340	0.13243845582396188 
INFO  @ Tue, 22 Nov 2022 22:58:27: 25	10163	0.13017137587417066 
INFO  @ Tue, 22 Nov 2022 22:58:27: 29	9710	0.12436918820606091 
INFO  @ Tue, 22 Nov 2022 22:58:27: 22	9653	0.12363911161206036 
INFO  @ Tue, 22 Nov 2022 22:58:27: 30	9383	0.12018085406153137 
INFO  @ Tue, 22 Nov 2022 22:58:27: 28	9147	0.11715808079514307 
INFO  @ Tue, 22 Nov 2022 22:58:27: 26	8959	0.11475010887107104 
INFO  @ Tue, 22 Nov 2022 22:58:27: 27	144	0.0018444040269487922 
INFO  @ Tue, 22 Nov 2022 22:58:27: 21	107	0.0013704946589133387 
INFO  @ Tue, 22 Nov 2022 22:58:27: 31	54	0.0006916515101057971 
INFO  @ Tue, 22 Nov 2022 22:58:27: 20	13	0.00016650869687732153 
INFO  @ Tue, 22 Nov 2022 22:58:27: 41	5	6.404180649127751e-05 
INFO  @ Tue, 22 Nov 2022 22:58:27: 17	5	6.404180649127751e-05 
INFO  @ Tue, 22 Nov 2022 22:58:27: 40	3	3.8425083894766506e-05 
INFO  @ Tue, 22 Nov 2022 22:58:27: 71	3	3.8425083894766506e-05 
INFO  @ Tue, 22 Nov 2022 22:58:27: 16	2	2.5616722596511e-05 
INFO  @ Tue, 22 Nov 2022 22:58:27: 13	2	2.5616722596511e-05 
INFO  @ Tue, 22 Nov 2022 22:58:27: 18	2	2.5616722596511e-05 
INFO  @ Tue, 22 Nov 2022 22:58:27: 14	2	2.5616722596511e-05 
INFO  @ Tue, 22 Nov 2022 22:58:27: 55	2	2.5616722596511e-05 
INFO  @ Tue, 22 Nov 2022 22:58:27: 19	2	2.5616722596511e-05 
INFO  @ Tue, 22 Nov 2022 22:58:27: 36	2	2.5616722596511e-05 
INFO  @ Tue, 22 Nov 2022 22:58:27: 33	2	2.5616722596511e-05 
INFO  @ Tue, 22 Nov 2022 22:58:27: 15	2	2.5616722596511e-05 
INFO  @ Tue, 22 Nov 2022 22:58:27: 72	1	1.28083612982555e-05 
INFO  @ Tue, 22 Nov 2022 22:58:27: 101	1	1.28083612982555e-05 
INFO  @ Tue, 22 Nov 2022 22:58:27: 65	1	1.28083612982555e-05 
INFO  @ Tue, 22 Nov 2022 22:58:27: 12	1	1.28083612982555e-05 
INFO  @ Tue, 22 Nov 2022 22:58:27: 76	1	1.28083612982555e-05 
INFO  @ Tue, 22 Nov 2022 22:58:27: 49	1	1.28083612982555e-05 
INFO  @ Tue, 22 Nov 2022 22:58:27: 58	1	1.28083612982555e-05 
INFO  @ Tue, 22 Nov 2022 22:58:27: 61	1	1.28083612982555e-05 
INFO  @ Tue, 22 Nov 2022 22:58:27: 66	1	1.28083612982555e-05 
INFO  @ Tue, 22 Nov 2022 22:58:27: 35	1	1.28083612982555e-05 
INFO  @ Tue, 22 Nov 2022 22:58:27: 52	1	1.28083612982555e-05 
INFO  @ Tue, 22 Nov 2022 22:58:27: 45	1	1.28083612982555e-05 
INFO  @ Tue, 22 Nov 2022 22:58:27: 34	1	1.28083612982555e-05 
INFO  @ Tue, 22 Nov 2022 22:58:27: 50	1	1.28083612982555e-05 
INFO  @ Tue, 22 Nov 2022 22:58:27: 10	1	1.28083612982555e-05 
INFO  @ Tue, 22 Nov 2022 22:58:27: 77	1	1.28083612982555e-05 
INFO  @ Tue, 22 Nov 2022 22:58:27: 32	1	1.28083612982555e-05 
INFO  @ Tue, 22 Nov 2022 22:58:27: Auto determination of trim5 results: 23,24,25,29,22,30 
INFO  @ Tue, 22 Nov 2022 22:58:27: Possible gRNA lengths:20 
INFO  @ Tue, 22 Nov 2022 22:58:27: Processing 0M reads .. 
INFO  @ Tue, 22 Nov 2022 22:58:35: Processing 1M reads .. 
INFO  @ Tue, 22 Nov 2022 22:58:43: Processing 2M reads .. 
INFO  @ Tue, 22 Nov 2022 22:58:50: Processing 3M reads .. 
INFO  @ Tue, 22 Nov 2022 22:58:57: Processing 4M reads .. 
INFO  @ Tue, 22 Nov 2022 22:59:03: Processing 5M reads .. 
INFO  @ Tue, 22 Nov 2022 22:59:10: Processing 6M reads .. 
INFO  @ Tue, 22 Nov 2022 22:59:17: Processing 7M reads .. 
INFO  @ Tue, 22 Nov 2022 22:59:24: Processing 8M reads .. 
INFO  @ Tue, 22 Nov 2022 22:59:31: Processing 9M reads .. 
INFO  @ Tue, 22 Nov 2022 22:59:38: Processing 10M reads .. 
INFO  @ Tue, 22 Nov 2022 22:59:44: Processing 11M reads .. 
INFO  @ Tue, 22 Nov 2022 22:59:51: Processing 12M reads .. 
INFO  @ Tue, 22 Nov 2022 22:59:58: Processing 13M reads .. 
INFO  @ Tue, 22 Nov 2022 23:00:05: Processing 14M reads .. 
INFO  @ Tue, 22 Nov 2022 23:00:11: Processing 15M reads .. 
INFO  @ Tue, 22 Nov 2022 23:00:17: Processing 16M reads .. 
INFO  @ Tue, 22 Nov 2022 23:00:24: Processing 17M reads .. 
INFO  @ Tue, 22 Nov 2022 23:00:31: Processing 18M reads .. 
INFO  @ Tue, 22 Nov 2022 23:00:38: Processing 19M reads .. 
INFO  @ Tue, 22 Nov 2022 23:00:45: Processing 20M reads .. 
INFO  @ Tue, 22 Nov 2022 23:00:52: Processing 21M reads .. 
INFO  @ Tue, 22 Nov 2022 23:00:59: Processing 22M reads .. 
INFO  @ Tue, 22 Nov 2022 23:01:05: Processing 23M reads .. 
INFO  @ Tue, 22 Nov 2022 23:01:12: Processing 24M reads .. 
INFO  @ Tue, 22 Nov 2022 23:01:19: Processing 25M reads .. 
INFO  @ Tue, 22 Nov 2022 23:01:26: Processing 26M reads .. 
INFO  @ Tue, 22 Nov 2022 23:01:33: Processing 27M reads .. 
INFO  @ Tue, 22 Nov 2022 23:01:40: Processing 28M reads .. 
INFO  @ Tue, 22 Nov 2022 23:01:47: Processing 29M reads .. 
INFO  @ Tue, 22 Nov 2022 23:01:54: Processing 30M reads .. 
INFO  @ Tue, 22 Nov 2022 23:02:00: Processing 31M reads .. 
INFO  @ Tue, 22 Nov 2022 23:02:07: Processing 32M reads .. 
INFO  @ Tue, 22 Nov 2022 23:02:14: Processing 33M reads .. 
INFO  @ Tue, 22 Nov 2022 23:02:21: Processing 34M reads .. 
INFO  @ Tue, 22 Nov 2022 23:02:28: Processing 35M reads .. 
INFO  @ Tue, 22 Nov 2022 23:02:35: Processing 36M reads .. 
INFO  @ Tue, 22 Nov 2022 23:02:42: Processing 37M reads .. 
INFO  @ Tue, 22 Nov 2022 23:02:49: Processing 38M reads .. 
INFO  @ Tue, 22 Nov 2022 23:02:56: Processing 39M reads .. 
INFO  @ Tue, 22 Nov 2022 23:03:03: Processing 40M reads .. 
INFO  @ Tue, 22 Nov 2022 23:03:10: Processing 41M reads .. 
INFO  @ Tue, 22 Nov 2022 23:03:17: Processing 42M reads .. 
INFO  @ Tue, 22 Nov 2022 23:03:24: Processing 43M reads .. 
INFO  @ Tue, 22 Nov 2022 23:03:31: Processing 44M reads .. 
INFO  @ Tue, 22 Nov 2022 23:03:38: Processing 45M reads .. 
INFO  @ Tue, 22 Nov 2022 23:03:45: Processing 46M reads .. 
INFO  @ Tue, 22 Nov 2022 23:03:52: Processing 47M reads .. 
INFO  @ Tue, 22 Nov 2022 23:03:59: Processing 48M reads .. 
INFO  @ Tue, 22 Nov 2022 23:04:06: Processing 49M reads .. 
INFO  @ Tue, 22 Nov 2022 23:04:13: Processing 50M reads .. 
INFO  @ Tue, 22 Nov 2022 23:04:20: Processing 51M reads .. 
INFO  @ Tue, 22 Nov 2022 23:04:27: Processing 52M reads .. 
INFO  @ Tue, 22 Nov 2022 23:04:34: Processing 53M reads .. 
INFO  @ Tue, 22 Nov 2022 23:04:41: Processing 54M reads .. 
INFO  @ Tue, 22 Nov 2022 23:04:48: Processing 55M reads .. 
INFO  @ Tue, 22 Nov 2022 23:04:56: Processing 56M reads .. 
INFO  @ Tue, 22 Nov 2022 23:05:02: Processing 57M reads .. 
INFO  @ Tue, 22 Nov 2022 23:05:09: Processing 58M reads .. 
INFO  @ Tue, 22 Nov 2022 23:05:15: Processing 59M reads .. 
INFO  @ Tue, 22 Nov 2022 23:05:21: Processing 60M reads .. 
INFO  @ Tue, 22 Nov 2022 23:05:28: Processing 61M reads .. 
INFO  @ Tue, 22 Nov 2022 23:05:34: Processing 62M reads .. 
INFO  @ Tue, 22 Nov 2022 23:05:41: Processing 63M reads .. 
INFO  @ Tue, 22 Nov 2022 23:05:47: Processing 64M reads .. 
INFO  @ Tue, 22 Nov 2022 23:05:53: Processing 65M reads .. 
INFO  @ Tue, 22 Nov 2022 23:06:00: Processing 66M reads .. 
INFO  @ Tue, 22 Nov 2022 23:06:07: Processing 67M reads .. 
INFO  @ Tue, 22 Nov 2022 23:06:14: Processing 68M reads .. 
INFO  @ Tue, 22 Nov 2022 23:06:20: Processing 69M reads .. 
INFO  @ Tue, 22 Nov 2022 23:06:27: Processing 70M reads .. 
INFO  @ Tue, 22 Nov 2022 23:06:34: Processing 71M reads .. 
INFO  @ Tue, 22 Nov 2022 23:06:41: Processing 72M reads .. 
INFO  @ Tue, 22 Nov 2022 23:06:45: Total: 72625361. 
INFO  @ Tue, 22 Nov 2022 23:06:45: Mapped: 43164008. 
INFO  @ Tue, 22 Nov 2022 23:06:45: Parsing FASTQ file /home/largaesp/stehn007/synthetic_lethal/fastq/D02_ipn2J_Final_S6_R1_001.fastq.gz... 
INFO  @ Tue, 22 Nov 2022 23:06:45: Determining the trim-5 length of FASTQ file /home/largaesp/stehn007/synthetic_lethal/fastq/D02_ipn2J_Final_S6_R1_001.fastq.gz... 
INFO  @ Tue, 22 Nov 2022 23:06:45: Possible gRNA lengths:20 
INFO  @ Tue, 22 Nov 2022 23:06:45: Processing 0M reads ... 
INFO  @ Tue, 22 Nov 2022 23:06:48: Read length:151 
INFO  @ Tue, 22 Nov 2022 23:06:48: Total tested reads: 100001, mapped: 83017(0.8301616983830161) 
INFO  @ Tue, 22 Nov 2022 23:06:48: --trim-5 test data: (trim_length reads fraction) 
INFO  @ Tue, 22 Nov 2022 23:06:48: 23	10867	0.1309008998157004 
INFO  @ Tue, 22 Nov 2022 23:06:48: 24	10863	0.13085271691340328 
INFO  @ Tue, 22 Nov 2022 23:06:48: 25	10815	0.13027452208583784 
INFO  @ Tue, 22 Nov 2022 23:06:48: 29	10607	0.1277690111663876 
INFO  @ Tue, 22 Nov 2022 23:06:48: 22	10302	0.12409506486623222 
INFO  @ Tue, 22 Nov 2022 23:06:48: 30	9953	0.11989110664080851 
INFO  @ Tue, 22 Nov 2022 23:06:48: 28	9642	0.11614488598720744 
INFO  @ Tue, 22 Nov 2022 23:06:48: 26	9619	0.115867834298999 
INFO  @ Tue, 22 Nov 2022 23:06:48: 27	144	0.0017345844826963152 
INFO  @ Tue, 22 Nov 2022 23:06:48: 21	106	0.0012768469108736765 
INFO  @ Tue, 22 Nov 2022 23:06:48: 31	45	0.0005420576508425985 
INFO  @ Tue, 22 Nov 2022 23:06:48: 20	14	0.00016864015803991954 
INFO  @ Tue, 22 Nov 2022 23:06:48: 19	7	8.432007901995977e-05 
INFO  @ Tue, 22 Nov 2022 23:06:48: 34	6	7.22743534456798e-05 
INFO  @ Tue, 22 Nov 2022 23:06:48: 35	3	3.61371767228399e-05 
INFO  @ Tue, 22 Nov 2022 23:06:48: 33	3	3.61371767228399e-05 
INFO  @ Tue, 22 Nov 2022 23:06:48: 69	2	2.4091451148559934e-05 
INFO  @ Tue, 22 Nov 2022 23:06:48: 78	2	2.4091451148559934e-05 
INFO  @ Tue, 22 Nov 2022 23:06:48: 70	2	2.4091451148559934e-05 
INFO  @ Tue, 22 Nov 2022 23:06:48: 15	2	2.4091451148559934e-05 
INFO  @ Tue, 22 Nov 2022 23:06:48: 18	2	2.4091451148559934e-05 
INFO  @ Tue, 22 Nov 2022 23:06:48: 39	1	1.2045725574279967e-05 
INFO  @ Tue, 22 Nov 2022 23:06:48: 64	1	1.2045725574279967e-05 
INFO  @ Tue, 22 Nov 2022 23:06:48: 76	1	1.2045725574279967e-05 
INFO  @ Tue, 22 Nov 2022 23:06:48: 46	1	1.2045725574279967e-05 
INFO  @ Tue, 22 Nov 2022 23:06:48: 54	1	1.2045725574279967e-05 
INFO  @ Tue, 22 Nov 2022 23:06:48: 51	1	1.2045725574279967e-05 
INFO  @ Tue, 22 Nov 2022 23:06:48: 47	1	1.2045725574279967e-05 
INFO  @ Tue, 22 Nov 2022 23:06:48: 42	1	1.2045725574279967e-05 
INFO  @ Tue, 22 Nov 2022 23:06:48: 53	1	1.2045725574279967e-05 
INFO  @ Tue, 22 Nov 2022 23:06:48: 37	1	1.2045725574279967e-05 
INFO  @ Tue, 22 Nov 2022 23:06:48: 9	1	1.2045725574279967e-05 
INFO  @ Tue, 22 Nov 2022 23:06:48: Auto determination of trim5 results: 23,24,25,29,22,30 
INFO  @ Tue, 22 Nov 2022 23:06:48: Possible gRNA lengths:20 
INFO  @ Tue, 22 Nov 2022 23:06:48: Processing 0M reads .. 
INFO  @ Tue, 22 Nov 2022 23:06:55: Processing 1M reads .. 
INFO  @ Tue, 22 Nov 2022 23:07:03: Processing 2M reads .. 
INFO  @ Tue, 22 Nov 2022 23:07:09: Processing 3M reads .. 
INFO  @ Tue, 22 Nov 2022 23:07:17: Processing 4M reads .. 
INFO  @ Tue, 22 Nov 2022 23:07:23: Processing 5M reads .. 
INFO  @ Tue, 22 Nov 2022 23:07:30: Processing 6M reads .. 
INFO  @ Tue, 22 Nov 2022 23:07:36: Processing 7M reads .. 
INFO  @ Tue, 22 Nov 2022 23:07:42: Processing 8M reads .. 
INFO  @ Tue, 22 Nov 2022 23:07:49: Processing 9M reads .. 
INFO  @ Tue, 22 Nov 2022 23:07:55: Processing 10M reads .. 
INFO  @ Tue, 22 Nov 2022 23:08:02: Processing 11M reads .. 
INFO  @ Tue, 22 Nov 2022 23:08:08: Processing 12M reads .. 
INFO  @ Tue, 22 Nov 2022 23:08:15: Processing 13M reads .. 
INFO  @ Tue, 22 Nov 2022 23:08:21: Processing 14M reads .. 
INFO  @ Tue, 22 Nov 2022 23:08:27: Processing 15M reads .. 
INFO  @ Tue, 22 Nov 2022 23:08:34: Processing 16M reads .. 
INFO  @ Tue, 22 Nov 2022 23:08:40: Processing 17M reads .. 
INFO  @ Tue, 22 Nov 2022 23:08:47: Processing 18M reads .. 
INFO  @ Tue, 22 Nov 2022 23:08:53: Processing 19M reads .. 
INFO  @ Tue, 22 Nov 2022 23:09:00: Processing 20M reads .. 
INFO  @ Tue, 22 Nov 2022 23:09:07: Processing 21M reads .. 
INFO  @ Tue, 22 Nov 2022 23:09:13: Processing 22M reads .. 
INFO  @ Tue, 22 Nov 2022 23:09:20: Processing 23M reads .. 
INFO  @ Tue, 22 Nov 2022 23:09:26: Processing 24M reads .. 
INFO  @ Tue, 22 Nov 2022 23:09:33: Processing 25M reads .. 
INFO  @ Tue, 22 Nov 2022 23:09:39: Processing 26M reads .. 
INFO  @ Tue, 22 Nov 2022 23:09:46: Processing 27M reads .. 
INFO  @ Tue, 22 Nov 2022 23:09:52: Processing 28M reads .. 
INFO  @ Tue, 22 Nov 2022 23:09:59: Processing 29M reads .. 
INFO  @ Tue, 22 Nov 2022 23:10:05: Processing 30M reads .. 
INFO  @ Tue, 22 Nov 2022 23:10:12: Processing 31M reads .. 
INFO  @ Tue, 22 Nov 2022 23:10:18: Processing 32M reads .. 
INFO  @ Tue, 22 Nov 2022 23:10:25: Processing 33M reads .. 
INFO  @ Tue, 22 Nov 2022 23:10:32: Processing 34M reads .. 
INFO  @ Tue, 22 Nov 2022 23:10:39: Processing 35M reads .. 
INFO  @ Tue, 22 Nov 2022 23:10:46: Processing 36M reads .. 
INFO  @ Tue, 22 Nov 2022 23:10:52: Processing 37M reads .. 
INFO  @ Tue, 22 Nov 2022 23:10:59: Processing 38M reads .. 
INFO  @ Tue, 22 Nov 2022 23:11:06: Processing 39M reads .. 
INFO  @ Tue, 22 Nov 2022 23:11:14: Processing 40M reads .. 
INFO  @ Tue, 22 Nov 2022 23:11:21: Processing 41M reads .. 
INFO  @ Tue, 22 Nov 2022 23:11:27: Processing 42M reads .. 
INFO  @ Tue, 22 Nov 2022 23:11:34: Processing 43M reads .. 
INFO  @ Tue, 22 Nov 2022 23:11:41: Processing 44M reads .. 
INFO  @ Tue, 22 Nov 2022 23:11:48: Processing 45M reads .. 
INFO  @ Tue, 22 Nov 2022 23:11:54: Processing 46M reads .. 
INFO  @ Tue, 22 Nov 2022 23:12:01: Processing 47M reads .. 
INFO  @ Tue, 22 Nov 2022 23:12:08: Processing 48M reads .. 
INFO  @ Tue, 22 Nov 2022 23:12:14: Processing 49M reads .. 
INFO  @ Tue, 22 Nov 2022 23:12:21: Processing 50M reads .. 
INFO  @ Tue, 22 Nov 2022 23:12:27: Processing 51M reads .. 
INFO  @ Tue, 22 Nov 2022 23:12:34: Processing 52M reads .. 
INFO  @ Tue, 22 Nov 2022 23:12:40: Processing 53M reads .. 
INFO  @ Tue, 22 Nov 2022 23:12:47: Processing 54M reads .. 
INFO  @ Tue, 22 Nov 2022 23:12:53: Processing 55M reads .. 
INFO  @ Tue, 22 Nov 2022 23:13:00: Processing 56M reads .. 
INFO  @ Tue, 22 Nov 2022 23:13:07: Processing 57M reads .. 
INFO  @ Tue, 22 Nov 2022 23:13:13: Processing 58M reads .. 
INFO  @ Tue, 22 Nov 2022 23:13:20: Processing 59M reads .. 
INFO  @ Tue, 22 Nov 2022 23:13:27: Processing 60M reads .. 
INFO  @ Tue, 22 Nov 2022 23:13:34: Processing 61M reads .. 
INFO  @ Tue, 22 Nov 2022 23:13:40: Processing 62M reads .. 
INFO  @ Tue, 22 Nov 2022 23:13:46: Processing 63M reads .. 
INFO  @ Tue, 22 Nov 2022 23:13:53: Processing 64M reads .. 
INFO  @ Tue, 22 Nov 2022 23:13:59: Processing 65M reads .. 
INFO  @ Tue, 22 Nov 2022 23:14:05: Processing 66M reads .. 
INFO  @ Tue, 22 Nov 2022 23:14:11: Processing 67M reads .. 
INFO  @ Tue, 22 Nov 2022 23:14:17: Processing 68M reads .. 
INFO  @ Tue, 22 Nov 2022 23:14:24: Processing 69M reads .. 
INFO  @ Tue, 22 Nov 2022 23:14:30: Processing 70M reads .. 
INFO  @ Tue, 22 Nov 2022 23:14:36: Processing 71M reads .. 
INFO  @ Tue, 22 Nov 2022 23:14:42: Processing 72M reads .. 
INFO  @ Tue, 22 Nov 2022 23:14:48: Processing 73M reads .. 
INFO  @ Tue, 22 Nov 2022 23:14:54: Processing 74M reads .. 
INFO  @ Tue, 22 Nov 2022 23:15:00: Processing 75M reads .. 
INFO  @ Tue, 22 Nov 2022 23:15:07: Processing 76M reads .. 
INFO  @ Tue, 22 Nov 2022 23:15:12: Total: 76905252. 
INFO  @ Tue, 22 Nov 2022 23:15:12: Mapped: 48433327. 
INFO  @ Tue, 22 Nov 2022 23:15:12: Parsing FASTQ file /home/largaesp/stehn007/synthetic_lethal/fastq/E01_ipn3D_Initial_S7_R1_001.fastq.gz... 
INFO  @ Tue, 22 Nov 2022 23:15:12: Determining the trim-5 length of FASTQ file /home/largaesp/stehn007/synthetic_lethal/fastq/E01_ipn3D_Initial_S7_R1_001.fastq.gz... 
INFO  @ Tue, 22 Nov 2022 23:15:12: Possible gRNA lengths:20 
INFO  @ Tue, 22 Nov 2022 23:15:12: Processing 0M reads ... 
INFO  @ Tue, 22 Nov 2022 23:15:15: Read length:151 
INFO  @ Tue, 22 Nov 2022 23:15:15: Total tested reads: 100001, mapped: 82390(0.8238917610823892) 
INFO  @ Tue, 22 Nov 2022 23:15:15: --trim-5 test data: (trim_length reads fraction) 
INFO  @ Tue, 22 Nov 2022 23:15:15: 23	10870	0.131933487073674 
INFO  @ Tue, 22 Nov 2022 23:15:15: 24	10734	0.1302828013108387 
INFO  @ Tue, 22 Nov 2022 23:15:15: 25	10676	0.1295788323825707 
INFO  @ Tue, 22 Nov 2022 23:15:15: 29	10360	0.12574341546304163 
INFO  @ Tue, 22 Nov 2022 23:15:15: 22	10248	0.1243840271877655 
INFO  @ Tue, 22 Nov 2022 23:15:15: 30	9982	0.12115548003398471 
INFO  @ Tue, 22 Nov 2022 23:15:15: 28	9621	0.1167738803252822 
INFO  @ Tue, 22 Nov 2022 23:15:15: 26	9541	0.11580288870008495 
INFO  @ Tue, 22 Nov 2022 23:15:15: 27	154	0.001869158878504673 
INFO  @ Tue, 22 Nov 2022 23:15:15: 21	90	0.0010923655783468867 
INFO  @ Tue, 22 Nov 2022 23:15:15: 31	53	0.0006432819516931667 
INFO  @ Tue, 22 Nov 2022 23:15:15: 20	9	0.00010923655783468867 
INFO  @ Tue, 22 Nov 2022 23:15:15: 19	8	9.709916251972326e-05 
INFO  @ Tue, 22 Nov 2022 23:15:15: 18	6	7.282437188979245e-05 
INFO  @ Tue, 22 Nov 2022 23:15:15: 41	3	3.641218594489622e-05 
INFO  @ Tue, 22 Nov 2022 23:15:15: 13	3	3.641218594489622e-05 
INFO  @ Tue, 22 Nov 2022 23:15:15: 40	2	2.4274790629930816e-05 
INFO  @ Tue, 22 Nov 2022 23:15:15: 36	2	2.4274790629930816e-05 
INFO  @ Tue, 22 Nov 2022 23:15:15: 45	2	2.4274790629930816e-05 
INFO  @ Tue, 22 Nov 2022 23:15:15: 48	2	2.4274790629930816e-05 
INFO  @ Tue, 22 Nov 2022 23:15:15: 39	2	2.4274790629930816e-05 
INFO  @ Tue, 22 Nov 2022 23:15:15: 17	2	2.4274790629930816e-05 
INFO  @ Tue, 22 Nov 2022 23:15:15: 32	2	2.4274790629930816e-05 
INFO  @ Tue, 22 Nov 2022 23:15:15: 76	2	2.4274790629930816e-05 
INFO  @ Tue, 22 Nov 2022 23:15:15: 46	1	1.2137395314965408e-05 
INFO  @ Tue, 22 Nov 2022 23:15:15: 96	1	1.2137395314965408e-05 
INFO  @ Tue, 22 Nov 2022 23:15:15: 10	1	1.2137395314965408e-05 
INFO  @ Tue, 22 Nov 2022 23:15:15: 101	1	1.2137395314965408e-05 
INFO  @ Tue, 22 Nov 2022 23:15:15: 35	1	1.2137395314965408e-05 
INFO  @ Tue, 22 Nov 2022 23:15:15: 38	1	1.2137395314965408e-05 
INFO  @ Tue, 22 Nov 2022 23:15:15: 33	1	1.2137395314965408e-05 
INFO  @ Tue, 22 Nov 2022 23:15:15: 15	1	1.2137395314965408e-05 
INFO  @ Tue, 22 Nov 2022 23:15:15: 94	1	1.2137395314965408e-05 
INFO  @ Tue, 22 Nov 2022 23:15:15: 63	1	1.2137395314965408e-05 
INFO  @ Tue, 22 Nov 2022 23:15:15: 47	1	1.2137395314965408e-05 
INFO  @ Tue, 22 Nov 2022 23:15:15: 60	1	1.2137395314965408e-05 
INFO  @ Tue, 22 Nov 2022 23:15:15: 51	1	1.2137395314965408e-05 
INFO  @ Tue, 22 Nov 2022 23:15:15: 62	1	1.2137395314965408e-05 
INFO  @ Tue, 22 Nov 2022 23:15:15: 72	1	1.2137395314965408e-05 
INFO  @ Tue, 22 Nov 2022 23:15:15: 37	1	1.2137395314965408e-05 
INFO  @ Tue, 22 Nov 2022 23:15:15: Auto determination of trim5 results: 23,24,25,29,22,30 
INFO  @ Tue, 22 Nov 2022 23:15:15: Possible gRNA lengths:20 
INFO  @ Tue, 22 Nov 2022 23:15:15: Processing 0M reads .. 
INFO  @ Tue, 22 Nov 2022 23:15:22: Processing 1M reads .. 
INFO  @ Tue, 22 Nov 2022 23:15:31: Processing 2M reads .. 
INFO  @ Tue, 22 Nov 2022 23:15:37: Processing 3M reads .. 
INFO  @ Tue, 22 Nov 2022 23:15:43: Processing 4M reads .. 
INFO  @ Tue, 22 Nov 2022 23:15:49: Processing 5M reads .. 
INFO  @ Tue, 22 Nov 2022 23:15:57: Processing 6M reads .. 
INFO  @ Tue, 22 Nov 2022 23:16:03: Processing 7M reads .. 
INFO  @ Tue, 22 Nov 2022 23:16:09: Processing 8M reads .. 
INFO  @ Tue, 22 Nov 2022 23:16:16: Processing 9M reads .. 
INFO  @ Tue, 22 Nov 2022 23:16:22: Processing 10M reads .. 
INFO  @ Tue, 22 Nov 2022 23:16:29: Processing 11M reads .. 
INFO  @ Tue, 22 Nov 2022 23:16:35: Processing 12M reads .. 
INFO  @ Tue, 22 Nov 2022 23:16:42: Processing 13M reads .. 
INFO  @ Tue, 22 Nov 2022 23:16:48: Processing 14M reads .. 
INFO  @ Tue, 22 Nov 2022 23:16:55: Processing 15M reads .. 
INFO  @ Tue, 22 Nov 2022 23:17:01: Processing 16M reads .. 
INFO  @ Tue, 22 Nov 2022 23:17:08: Processing 17M reads .. 
INFO  @ Tue, 22 Nov 2022 23:17:15: Processing 18M reads .. 
INFO  @ Tue, 22 Nov 2022 23:17:22: Processing 19M reads .. 
INFO  @ Tue, 22 Nov 2022 23:17:29: Processing 20M reads .. 
INFO  @ Tue, 22 Nov 2022 23:17:36: Processing 21M reads .. 
INFO  @ Tue, 22 Nov 2022 23:17:43: Processing 22M reads .. 
INFO  @ Tue, 22 Nov 2022 23:17:49: Processing 23M reads .. 
INFO  @ Tue, 22 Nov 2022 23:17:56: Processing 24M reads .. 
INFO  @ Tue, 22 Nov 2022 23:18:03: Processing 25M reads .. 
INFO  @ Tue, 22 Nov 2022 23:18:10: Processing 26M reads .. 
INFO  @ Tue, 22 Nov 2022 23:18:17: Processing 27M reads .. 
INFO  @ Tue, 22 Nov 2022 23:18:24: Processing 28M reads .. 
INFO  @ Tue, 22 Nov 2022 23:18:30: Processing 29M reads .. 
INFO  @ Tue, 22 Nov 2022 23:18:36: Processing 30M reads .. 
INFO  @ Tue, 22 Nov 2022 23:18:43: Processing 31M reads .. 
INFO  @ Tue, 22 Nov 2022 23:18:49: Processing 32M reads .. 
INFO  @ Tue, 22 Nov 2022 23:18:56: Processing 33M reads .. 
INFO  @ Tue, 22 Nov 2022 23:19:02: Processing 34M reads .. 
INFO  @ Tue, 22 Nov 2022 23:19:09: Processing 35M reads .. 
INFO  @ Tue, 22 Nov 2022 23:19:15: Processing 36M reads .. 
INFO  @ Tue, 22 Nov 2022 23:19:22: Processing 37M reads .. 
INFO  @ Tue, 22 Nov 2022 23:19:28: Processing 38M reads .. 
INFO  @ Tue, 22 Nov 2022 23:19:35: Processing 39M reads .. 
INFO  @ Tue, 22 Nov 2022 23:19:41: Processing 40M reads .. 
INFO  @ Tue, 22 Nov 2022 23:19:48: Processing 41M reads .. 
INFO  @ Tue, 22 Nov 2022 23:19:55: Processing 42M reads .. 
INFO  @ Tue, 22 Nov 2022 23:20:02: Processing 43M reads .. 
INFO  @ Tue, 22 Nov 2022 23:20:08: Processing 44M reads .. 
INFO  @ Tue, 22 Nov 2022 23:20:15: Processing 45M reads .. 
INFO  @ Tue, 22 Nov 2022 23:20:21: Processing 46M reads .. 
INFO  @ Tue, 22 Nov 2022 23:20:27: Processing 47M reads .. 
INFO  @ Tue, 22 Nov 2022 23:20:41: Processing 48M reads .. 
INFO  @ Tue, 22 Nov 2022 23:20:47: Processing 49M reads .. 
INFO  @ Tue, 22 Nov 2022 23:20:54: Processing 50M reads .. 
INFO  @ Tue, 22 Nov 2022 23:21:00: Processing 51M reads .. 
INFO  @ Tue, 22 Nov 2022 23:21:07: Processing 52M reads .. 
INFO  @ Tue, 22 Nov 2022 23:21:13: Processing 53M reads .. 
INFO  @ Tue, 22 Nov 2022 23:21:20: Processing 54M reads .. 
INFO  @ Tue, 22 Nov 2022 23:21:26: Processing 55M reads .. 
INFO  @ Tue, 22 Nov 2022 23:21:32: Processing 56M reads .. 
INFO  @ Tue, 22 Nov 2022 23:21:39: Processing 57M reads .. 
INFO  @ Tue, 22 Nov 2022 23:21:45: Processing 58M reads .. 
INFO  @ Tue, 22 Nov 2022 23:21:52: Processing 59M reads .. 
INFO  @ Tue, 22 Nov 2022 23:22:02: Processing 60M reads .. 
INFO  @ Tue, 22 Nov 2022 23:22:08: Processing 61M reads .. 
INFO  @ Tue, 22 Nov 2022 23:22:15: Processing 62M reads .. 
INFO  @ Tue, 22 Nov 2022 23:22:21: Processing 63M reads .. 
INFO  @ Tue, 22 Nov 2022 23:22:37: Processing 64M reads .. 
INFO  @ Tue, 22 Nov 2022 23:22:43: Processing 65M reads .. 
INFO  @ Tue, 22 Nov 2022 23:22:49: Processing 66M reads .. 
INFO  @ Tue, 22 Nov 2022 23:22:56: Processing 67M reads .. 
INFO  @ Tue, 22 Nov 2022 23:23:07: Processing 68M reads .. 
INFO  @ Tue, 22 Nov 2022 23:23:18: Processing 69M reads .. 
INFO  @ Tue, 22 Nov 2022 23:23:27: Processing 70M reads .. 
INFO  @ Tue, 22 Nov 2022 23:23:37: Processing 71M reads .. 
INFO  @ Tue, 22 Nov 2022 23:23:43: Processing 72M reads .. 
INFO  @ Tue, 22 Nov 2022 23:23:49: Processing 73M reads .. 
INFO  @ Tue, 22 Nov 2022 23:23:56: Processing 74M reads .. 
INFO  @ Tue, 22 Nov 2022 23:24:02: Processing 75M reads .. 
INFO  @ Tue, 22 Nov 2022 23:24:09: Processing 76M reads .. 
INFO  @ Tue, 22 Nov 2022 23:24:15: Processing 77M reads .. 
INFO  @ Tue, 22 Nov 2022 23:24:22: Processing 78M reads .. 
INFO  @ Tue, 22 Nov 2022 23:24:28: Processing 79M reads .. 
INFO  @ Tue, 22 Nov 2022 23:24:36: Processing 80M reads .. 
INFO  @ Tue, 22 Nov 2022 23:24:43: Processing 81M reads .. 
INFO  @ Tue, 22 Nov 2022 23:24:49: Total: 81868251. 
INFO  @ Tue, 22 Nov 2022 23:24:49: Mapped: 51405168. 
INFO  @ Tue, 22 Nov 2022 23:24:49: Parsing FASTQ file /home/largaesp/stehn007/synthetic_lethal/fastq/E02_ipn3D_Final_S9_R1_001.fastq.gz... 
INFO  @ Tue, 22 Nov 2022 23:24:49: Determining the trim-5 length of FASTQ file /home/largaesp/stehn007/synthetic_lethal/fastq/E02_ipn3D_Final_S9_R1_001.fastq.gz... 
INFO  @ Tue, 22 Nov 2022 23:24:49: Possible gRNA lengths:20 
INFO  @ Tue, 22 Nov 2022 23:24:49: Processing 0M reads ... 
INFO  @ Tue, 22 Nov 2022 23:24:52: Read length:151 
INFO  @ Tue, 22 Nov 2022 23:24:52: Total tested reads: 100001, mapped: 83181(0.8318016819831802) 
INFO  @ Tue, 22 Nov 2022 23:24:52: --trim-5 test data: (trim_length reads fraction) 
INFO  @ Tue, 22 Nov 2022 23:24:52: 23	11104	0.13349202341880959 
INFO  @ Tue, 22 Nov 2022 23:24:52: 24	10933	0.1314362654933218 
INFO  @ Tue, 22 Nov 2022 23:24:52: 25	10720	0.12887558456859138 
INFO  @ Tue, 22 Nov 2022 23:24:52: 29	10501	0.12624277178682633 
INFO  @ Tue, 22 Nov 2022 23:24:52: 30	10076	0.12113343191353795 
INFO  @ Tue, 22 Nov 2022 23:24:52: 22	9995	0.12015965184357004 
INFO  @ Tue, 22 Nov 2022 23:24:52: 28	9806	0.11788749834697827 
INFO  @ Tue, 22 Nov 2022 23:24:52: 26	9698	0.1165891249203544 
INFO  @ Tue, 22 Nov 2022 23:24:52: 27	126	0.0015147689977278464 
INFO  @ Tue, 22 Nov 2022 23:24:52: 21	82	0.0009858020461403446 
INFO  @ Tue, 22 Nov 2022 23:24:52: 31	75	0.000901648212933242 
INFO  @ Tue, 22 Nov 2022 23:24:52: 20	15	0.0001803296425866484 
INFO  @ Tue, 22 Nov 2022 23:24:52: 15	7	8.415383320710259e-05 
INFO  @ Tue, 22 Nov 2022 23:24:52: 19	3	3.606592851732968e-05 
INFO  @ Tue, 22 Nov 2022 23:24:52: 42	2	2.4043952344886453e-05 
INFO  @ Tue, 22 Nov 2022 23:24:52: 48	2	2.4043952344886453e-05 
INFO  @ Tue, 22 Nov 2022 23:24:52: 33	2	2.4043952344886453e-05 
INFO  @ Tue, 22 Nov 2022 23:24:52: 56	2	2.4043952344886453e-05 
INFO  @ Tue, 22 Nov 2022 23:24:52: 37	2	2.4043952344886453e-05 
INFO  @ Tue, 22 Nov 2022 23:24:52: 16	2	2.4043952344886453e-05 
INFO  @ Tue, 22 Nov 2022 23:24:52: 52	2	2.4043952344886453e-05 
INFO  @ Tue, 22 Nov 2022 23:24:52: 39	2	2.4043952344886453e-05 
INFO  @ Tue, 22 Nov 2022 23:24:52: 50	1	1.2021976172443227e-05 
INFO  @ Tue, 22 Nov 2022 23:24:52: 88	1	1.2021976172443227e-05 
INFO  @ Tue, 22 Nov 2022 23:24:52: 95	1	1.2021976172443227e-05 
INFO  @ Tue, 22 Nov 2022 23:24:52: 17	1	1.2021976172443227e-05 
INFO  @ Tue, 22 Nov 2022 23:24:52: 68	1	1.2021976172443227e-05 
INFO  @ Tue, 22 Nov 2022 23:24:52: 74	1	1.2021976172443227e-05 
INFO  @ Tue, 22 Nov 2022 23:24:52: 58	1	1.2021976172443227e-05 
INFO  @ Tue, 22 Nov 2022 23:24:52: 34	1	1.2021976172443227e-05 
INFO  @ Tue, 22 Nov 2022 23:24:52: 10	1	1.2021976172443227e-05 
INFO  @ Tue, 22 Nov 2022 23:24:52: 60	1	1.2021976172443227e-05 
INFO  @ Tue, 22 Nov 2022 23:24:52: 35	1	1.2021976172443227e-05 
INFO  @ Tue, 22 Nov 2022 23:24:52: 40	1	1.2021976172443227e-05 
INFO  @ Tue, 22 Nov 2022 23:24:52: 47	1	1.2021976172443227e-05 
INFO  @ Tue, 22 Nov 2022 23:24:52: 72	1	1.2021976172443227e-05 
INFO  @ Tue, 22 Nov 2022 23:24:52: 43	1	1.2021976172443227e-05 
INFO  @ Tue, 22 Nov 2022 23:24:52: 53	1	1.2021976172443227e-05 
INFO  @ Tue, 22 Nov 2022 23:24:52: 32	1	1.2021976172443227e-05 
INFO  @ Tue, 22 Nov 2022 23:24:52: 18	1	1.2021976172443227e-05 
INFO  @ Tue, 22 Nov 2022 23:24:52: 51	1	1.2021976172443227e-05 
INFO  @ Tue, 22 Nov 2022 23:24:52: 14	1	1.2021976172443227e-05 
INFO  @ Tue, 22 Nov 2022 23:24:52: 44	1	1.2021976172443227e-05 
INFO  @ Tue, 22 Nov 2022 23:24:52: 66	1	1.2021976172443227e-05 
INFO  @ Tue, 22 Nov 2022 23:24:52: 55	1	1.2021976172443227e-05 
INFO  @ Tue, 22 Nov 2022 23:24:52: 41	1	1.2021976172443227e-05 
INFO  @ Tue, 22 Nov 2022 23:24:52: Auto determination of trim5 results: 23,24,25,29,30,22 
INFO  @ Tue, 22 Nov 2022 23:24:52: Possible gRNA lengths:20 
INFO  @ Tue, 22 Nov 2022 23:24:52: Processing 0M reads .. 
INFO  @ Tue, 22 Nov 2022 23:25:02: Processing 1M reads .. 
INFO  @ Tue, 22 Nov 2022 23:25:08: Processing 2M reads .. 
INFO  @ Tue, 22 Nov 2022 23:25:15: Processing 3M reads .. 
INFO  @ Tue, 22 Nov 2022 23:25:21: Processing 4M reads .. 
INFO  @ Tue, 22 Nov 2022 23:25:27: Processing 5M reads .. 
INFO  @ Tue, 22 Nov 2022 23:25:34: Processing 6M reads .. 
INFO  @ Tue, 22 Nov 2022 23:25:40: Processing 7M reads .. 
INFO  @ Tue, 22 Nov 2022 23:25:46: Processing 8M reads .. 
INFO  @ Tue, 22 Nov 2022 23:25:53: Processing 9M reads .. 
INFO  @ Tue, 22 Nov 2022 23:25:59: Processing 10M reads .. 
INFO  @ Tue, 22 Nov 2022 23:26:06: Processing 11M reads .. 
INFO  @ Tue, 22 Nov 2022 23:26:12: Processing 12M reads .. 
INFO  @ Tue, 22 Nov 2022 23:26:19: Processing 13M reads .. 
INFO  @ Tue, 22 Nov 2022 23:26:25: Processing 14M reads .. 
INFO  @ Tue, 22 Nov 2022 23:26:31: Processing 15M reads .. 
INFO  @ Tue, 22 Nov 2022 23:26:38: Processing 16M reads .. 
INFO  @ Tue, 22 Nov 2022 23:26:44: Processing 17M reads .. 
INFO  @ Tue, 22 Nov 2022 23:26:50: Processing 18M reads .. 
INFO  @ Tue, 22 Nov 2022 23:26:57: Processing 19M reads .. 
INFO  @ Tue, 22 Nov 2022 23:27:03: Processing 20M reads .. 
INFO  @ Tue, 22 Nov 2022 23:27:10: Processing 21M reads .. 
INFO  @ Tue, 22 Nov 2022 23:27:16: Processing 22M reads .. 
INFO  @ Tue, 22 Nov 2022 23:27:23: Processing 23M reads .. 
INFO  @ Tue, 22 Nov 2022 23:27:29: Processing 24M reads .. 
INFO  @ Tue, 22 Nov 2022 23:27:35: Processing 25M reads .. 
INFO  @ Tue, 22 Nov 2022 23:27:42: Processing 26M reads .. 
INFO  @ Tue, 22 Nov 2022 23:27:48: Processing 27M reads .. 
INFO  @ Tue, 22 Nov 2022 23:27:54: Processing 28M reads .. 
INFO  @ Tue, 22 Nov 2022 23:28:00: Processing 29M reads .. 
INFO  @ Tue, 22 Nov 2022 23:28:07: Processing 30M reads .. 
INFO  @ Tue, 22 Nov 2022 23:28:13: Processing 31M reads .. 
INFO  @ Tue, 22 Nov 2022 23:28:19: Processing 32M reads .. 
INFO  @ Tue, 22 Nov 2022 23:28:26: Processing 33M reads .. 
INFO  @ Tue, 22 Nov 2022 23:28:32: Processing 34M reads .. 
INFO  @ Tue, 22 Nov 2022 23:28:38: Processing 35M reads .. 
INFO  @ Tue, 22 Nov 2022 23:28:45: Processing 36M reads .. 
INFO  @ Tue, 22 Nov 2022 23:28:51: Processing 37M reads .. 
INFO  @ Tue, 22 Nov 2022 23:28:57: Processing 38M reads .. 
INFO  @ Tue, 22 Nov 2022 23:29:04: Processing 39M reads .. 
INFO  @ Tue, 22 Nov 2022 23:29:10: Processing 40M reads .. 
INFO  @ Tue, 22 Nov 2022 23:29:16: Processing 41M reads .. 
INFO  @ Tue, 22 Nov 2022 23:29:22: Processing 42M reads .. 
INFO  @ Tue, 22 Nov 2022 23:29:29: Processing 43M reads .. 
INFO  @ Tue, 22 Nov 2022 23:29:35: Processing 44M reads .. 
INFO  @ Tue, 22 Nov 2022 23:29:41: Processing 45M reads .. 
INFO  @ Tue, 22 Nov 2022 23:29:47: Processing 46M reads .. 
INFO  @ Tue, 22 Nov 2022 23:29:54: Processing 47M reads .. 
INFO  @ Tue, 22 Nov 2022 23:30:00: Processing 48M reads .. 
INFO  @ Tue, 22 Nov 2022 23:30:06: Processing 49M reads .. 
INFO  @ Tue, 22 Nov 2022 23:30:33: Processing 50M reads .. 
INFO  @ Tue, 22 Nov 2022 23:30:39: Processing 51M reads .. 
INFO  @ Tue, 22 Nov 2022 23:30:45: Processing 52M reads .. 
INFO  @ Tue, 22 Nov 2022 23:30:51: Processing 53M reads .. 
INFO  @ Tue, 22 Nov 2022 23:30:57: Processing 54M reads .. 
INFO  @ Tue, 22 Nov 2022 23:31:04: Processing 55M reads .. 
INFO  @ Tue, 22 Nov 2022 23:31:10: Processing 56M reads .. 
INFO  @ Tue, 22 Nov 2022 23:31:16: Processing 57M reads .. 
INFO  @ Tue, 22 Nov 2022 23:31:23: Processing 58M reads .. 
INFO  @ Tue, 22 Nov 2022 23:31:29: Processing 59M reads .. 
INFO  @ Tue, 22 Nov 2022 23:31:35: Processing 60M reads .. 
INFO  @ Tue, 22 Nov 2022 23:31:42: Processing 61M reads .. 
INFO  @ Tue, 22 Nov 2022 23:31:48: Processing 62M reads .. 
INFO  @ Tue, 22 Nov 2022 23:31:55: Processing 63M reads .. 
INFO  @ Tue, 22 Nov 2022 23:32:02: Processing 64M reads .. 
INFO  @ Tue, 22 Nov 2022 23:32:08: Processing 65M reads .. 
INFO  @ Tue, 22 Nov 2022 23:32:15: Processing 66M reads .. 
INFO  @ Tue, 22 Nov 2022 23:32:21: Processing 67M reads .. 
INFO  @ Tue, 22 Nov 2022 23:32:27: Processing 68M reads .. 
INFO  @ Tue, 22 Nov 2022 23:32:33: Processing 69M reads .. 
INFO  @ Tue, 22 Nov 2022 23:32:40: Processing 70M reads .. 
INFO  @ Tue, 22 Nov 2022 23:32:46: Processing 71M reads .. 
INFO  @ Tue, 22 Nov 2022 23:32:52: Processing 72M reads .. 
INFO  @ Tue, 22 Nov 2022 23:32:59: Processing 73M reads .. 
INFO  @ Tue, 22 Nov 2022 23:33:05: Processing 74M reads .. 
INFO  @ Tue, 22 Nov 2022 23:33:11: Processing 75M reads .. 
INFO  @ Tue, 22 Nov 2022 23:33:17: Processing 76M reads .. 
INFO  @ Tue, 22 Nov 2022 23:33:24: Processing 77M reads .. 
INFO  @ Tue, 22 Nov 2022 23:33:30: Processing 78M reads .. 
INFO  @ Tue, 22 Nov 2022 23:33:36: Processing 79M reads .. 
INFO  @ Tue, 22 Nov 2022 23:33:43: Processing 80M reads .. 
INFO  @ Tue, 22 Nov 2022 23:33:49: Processing 81M reads .. 
INFO  @ Tue, 22 Nov 2022 23:33:53: Total: 81648114. 
INFO  @ Tue, 22 Nov 2022 23:33:53: Mapped: 51776953. 
DEBUG @ Tue, 22 Nov 2022 23:33:54: Initial (total) size factor: 0.9240585415964505 0.8575525574615248 0.7940228576187937 0.9164473063581992 1.005260499291312 1.3247400473097863 1.1806145384148399 1.1123607260655193 1.1043734072184588 
DEBUG @ Tue, 22 Nov 2022 23:33:56: Median factor: 0.7389700806253457 0.8754292911742204 0.5882361870756663 2.095826971085314 1.0912226971082204 1.0082650497773722 1.9828854714403372 0.8259608392312604 1.1060379403026137 
INFO  @ Tue, 22 Nov 2022 23:33:56: Final size factor: 0.7389700806253457 0.8754292911742204 0.5882361870756663 2.095826971085314 1.0912226971082204 1.0082650497773722 1.9828854714403372 0.8259608392312604 1.1060379403026137 
INFO  @ Tue, 22 Nov 2022 23:33:57: Summary of file /home/largaesp/stehn007/synthetic_lethal/fastq/A11_ipn3D_Middle_S8_R1_001.fastq.gz: 
INFO  @ Tue, 22 Nov 2022 23:33:57: label	ipn3D.middle 
INFO  @ Tue, 22 Nov 2022 23:33:57: reads	114921370 
INFO  @ Tue, 22 Nov 2022 23:33:57: mappedreads	61880376 
INFO  @ Tue, 22 Nov 2022 23:33:57: totalsgrnas	77441 
INFO  @ Tue, 22 Nov 2022 23:33:57: zerosgrnas	224 
INFO  @ Tue, 22 Nov 2022 23:33:57: giniindex	0.07112246510352127 
INFO  @ Tue, 22 Nov 2022 23:33:57: Summary of file /home/largaesp/stehn007/synthetic_lethal/fastq/B11_ipn2J_Middle_S5_R1_001.fastq.gz: 
INFO  @ Tue, 22 Nov 2022 23:33:57: label	ipn2J.middle 
INFO  @ Tue, 22 Nov 2022 23:33:57: reads	120810830 
INFO  @ Tue, 22 Nov 2022 23:33:57: mappedreads	66679400 
INFO  @ Tue, 22 Nov 2022 23:33:57: totalsgrnas	77441 
INFO  @ Tue, 22 Nov 2022 23:33:57: zerosgrnas	268 
INFO  @ Tue, 22 Nov 2022 23:33:57: giniindex	0.09026469505175083 
INFO  @ Tue, 22 Nov 2022 23:33:57: Summary of file /home/largaesp/stehn007/synthetic_lethal/fastq/C01_ipn1L_Initial_S1_R1_001.fastq.gz: 
INFO  @ Tue, 22 Nov 2022 23:33:57: label	ipn1L.initial 
INFO  @ Tue, 22 Nov 2022 23:33:57: reads	112735404 
INFO  @ Tue, 22 Nov 2022 23:33:57: mappedreads	72014413 
INFO  @ Tue, 22 Nov 2022 23:33:57: totalsgrnas	77441 
INFO  @ Tue, 22 Nov 2022 23:33:57: zerosgrnas	115 
INFO  @ Tue, 22 Nov 2022 23:33:57: giniindex	0.05087932631509917 
INFO  @ Tue, 22 Nov 2022 23:33:57: Summary of file /home/largaesp/stehn007/synthetic_lethal/fastq/C02_ipn1L_Final_S3_R1_001.fastq.gz: 
INFO  @ Tue, 22 Nov 2022 23:33:57: label	ipn1L.final 
INFO  @ Tue, 22 Nov 2022 23:33:57: reads	96280456 
INFO  @ Tue, 22 Nov 2022 23:33:57: mappedreads	62394302 
INFO  @ Tue, 22 Nov 2022 23:33:57: totalsgrnas	77441 
INFO  @ Tue, 22 Nov 2022 23:33:57: zerosgrnas	312 
INFO  @ Tue, 22 Nov 2022 23:33:57: giniindex	0.13768557717779661 
INFO  @ Tue, 22 Nov 2022 23:33:57: Summary of file /home/largaesp/stehn007/synthetic_lethal/fastq/C11_ipn1L_Middle_S2_R1_001.fastq.gz: 
INFO  @ Tue, 22 Nov 2022 23:33:57: label	ipn1L.middle 
INFO  @ Tue, 22 Nov 2022 23:33:57: reads	105648901 
INFO  @ Tue, 22 Nov 2022 23:33:57: mappedreads	56881863 
INFO  @ Tue, 22 Nov 2022 23:33:57: totalsgrnas	77441 
INFO  @ Tue, 22 Nov 2022 23:33:57: zerosgrnas	308 
INFO  @ Tue, 22 Nov 2022 23:33:57: giniindex	0.1059886519595814 
INFO  @ Tue, 22 Nov 2022 23:33:57: Summary of file /home/largaesp/stehn007/synthetic_lethal/fastq/D01_ipn2J_Initial_S4_R1_001.fastq.gz: 
INFO  @ Tue, 22 Nov 2022 23:33:57: label	ipn2J.initial 
INFO  @ Tue, 22 Nov 2022 23:33:57: reads	72625361 
INFO  @ Tue, 22 Nov 2022 23:33:57: mappedreads	43164008 
INFO  @ Tue, 22 Nov 2022 23:33:57: totalsgrnas	77441 
INFO  @ Tue, 22 Nov 2022 23:33:57: zerosgrnas	243 
INFO  @ Tue, 22 Nov 2022 23:33:57: giniindex	0.05791905812670961 
INFO  @ Tue, 22 Nov 2022 23:33:57: Summary of file /home/largaesp/stehn007/synthetic_lethal/fastq/D02_ipn2J_Final_S6_R1_001.fastq.gz: 
INFO  @ Tue, 22 Nov 2022 23:33:57: label	ipn2J.final 
INFO  @ Tue, 22 Nov 2022 23:33:57: reads	76905252 
INFO  @ Tue, 22 Nov 2022 23:33:57: mappedreads	48433327 
INFO  @ Tue, 22 Nov 2022 23:33:57: totalsgrnas	77441 
INFO  @ Tue, 22 Nov 2022 23:33:57: zerosgrnas	351 
INFO  @ Tue, 22 Nov 2022 23:33:57: giniindex	0.14011118843248294 
INFO  @ Tue, 22 Nov 2022 23:33:57: Summary of file /home/largaesp/stehn007/synthetic_lethal/fastq/E01_ipn3D_Initial_S7_R1_001.fastq.gz: 
INFO  @ Tue, 22 Nov 2022 23:33:57: label	ipn3D.initial 
INFO  @ Tue, 22 Nov 2022 23:33:57: reads	81868251 
INFO  @ Tue, 22 Nov 2022 23:33:57: mappedreads	51405168 
INFO  @ Tue, 22 Nov 2022 23:33:57: totalsgrnas	77441 
INFO  @ Tue, 22 Nov 2022 23:33:57: zerosgrnas	227 
INFO  @ Tue, 22 Nov 2022 23:33:57: giniindex	0.05515129940631802 
INFO  @ Tue, 22 Nov 2022 23:33:57: Summary of file /home/largaesp/stehn007/synthetic_lethal/fastq/E02_ipn3D_Final_S9_R1_001.fastq.gz: 
INFO  @ Tue, 22 Nov 2022 23:33:57: label	ipn3D.final 
INFO  @ Tue, 22 Nov 2022 23:33:57: reads	81648114 
INFO  @ Tue, 22 Nov 2022 23:33:57: mappedreads	51776953 
INFO  @ Tue, 22 Nov 2022 23:33:57: totalsgrnas	77441 
INFO  @ Tue, 22 Nov 2022 23:33:57: zerosgrnas	311 
INFO  @ Tue, 22 Nov 2022 23:33:57: giniindex	0.10340578370562448 
INFO  @ Tue, 22 Nov 2022 23:33:57: Loading Rnw template file: /home/largaesp/stehn007/.conda/envs/mageckenv/lib/python3.7/site-packages/mageck/fastq_template.Rnw. 
DEBUG @ Tue, 22 Nov 2022 23:33:57: Setting up the visualization module... 
INFO  @ Tue, 22 Nov 2022 23:33:57: Running command: cd ./; Rscript synthetic_lethal_countsummary.R 
INFO  @ Tue, 22 Nov 2022 23:33:57: Command message: 
INFO  @ Tue, 22 Nov 2022 23:33:57:   /bin/sh: Rscript: command not found 
INFO  @ Tue, 22 Nov 2022 23:33:57:    
INFO  @ Tue, 22 Nov 2022 23:33:57: End command message. 
