INFO  @ Mon, 17 Jul 2023 22:08:16: Parameters: /home/largaesp/stehn007/.conda/envs/mageckenv/bin/mageck mle -k guide-counter.MPNSTs.txt -d MPNST_guide-counter_design.txt -n MPNST.guide-counter.mle --control-sgrna broadgpp-brunello-controls.txt 
INFO  @ Mon, 17 Jul 2023 22:08:16: Cannot parse design matrix as a string; try to parse it as a file name ... 
INFO  @ Mon, 17 Jul 2023 22:08:16: Design matrix: 
INFO  @ Mon, 17 Jul 2023 22:08:16: [[1. 1. 0.] 
INFO  @ Mon, 17 Jul 2023 22:08:16:  [1. 0. 0.] 
INFO  @ Mon, 17 Jul 2023 22:08:16:  [1. 0. 1.] 
INFO  @ Mon, 17 Jul 2023 22:08:16:  [1. 0. 0.]] 
INFO  @ Mon, 17 Jul 2023 22:08:16: Beta labels:baseline,ST88-14,STS26T 
INFO  @ Mon, 17 Jul 2023 22:08:16: Included samples:ST88-14.F,ST88-14.I,STS26T.F,STS26T.I 
INFO  @ Mon, 17 Jul 2023 22:08:16: Loaded samples:ST88-14.F;ST88-14.I;STS26T.F;STS26T.I 
INFO  @ Mon, 17 Jul 2023 22:08:16: Sample index: 0;1;3;2 
INFO  @ Mon, 17 Jul 2023 22:08:17: Loaded 19113 genes. 
INFO  @ Mon, 17 Jul 2023 22:08:17: 1000 out of 1000 control sgRNAs are found in count table. 
DEBUG @ Mon, 17 Jul 2023 22:08:17: Initial (total) size factor: 0.9267409330703609 0.9805539291433057 1.046095864804233 1.0579964737512801 
DEBUG @ Mon, 17 Jul 2023 22:08:17: Median factor: 0.9674396934184498 0.9650140506404202 1.0385071600662923 1.0361255091566302 
INFO  @ Mon, 17 Jul 2023 22:08:17: Final size factor: 0.9674396934184498 0.9650140506404202 1.0385071600662923 1.0361255091566302 
INFO  @ Mon, 17 Jul 2023 22:08:17: size factor: 1.0336561615189659,1.0362543419304224,0.9629206600137121,0.9651340413517712 
INFO  @ Mon, 17 Jul 2023 22:08:17: Thread 0 started. 
INFO  @ Mon, 17 Jul 2023 22:08:17: Thread 0: total 1 instances. 
INFO  @ Mon, 17 Jul 2023 22:08:17: Thread 0 completed. 
INFO  @ Mon, 17 Jul 2023 22:08:17: All threads completed. 
INFO  @ Mon, 17 Jul 2023 22:08:17: Modeling the mean and variance ... 
INFO  @ Mon, 17 Jul 2023 22:08:17: Run the algorithm for the second time ... 
INFO  @ Mon, 17 Jul 2023 22:08:17: Skipping gene Non-Targeting-Control from MLE calculation since there are too many sgRNAs. To change, revise the --max-sgrnapergene-permutation option. 
INFO  @ Mon, 17 Jul 2023 22:08:17: Thread 0 started. 
INFO  @ Mon, 17 Jul 2023 22:08:17: Thread 0: total 19112 instances. 
INFO  @ Mon, 17 Jul 2023 22:08:17: Thread 0: Calculating MARCHF2 (1) ...  
INFO  @ Mon, 17 Jul 2023 22:08:20: Thread 0: Calculating ARHGEF17 (1001) ...  
INFO  @ Mon, 17 Jul 2023 22:08:22: Thread 0: Calculating C1orf95 (2001) ...  
INFO  @ Mon, 17 Jul 2023 22:08:24: Thread 0: Calculating CELF1 (3001) ...  
INFO  @ Mon, 17 Jul 2023 22:08:27: Thread 0: Calculating CXCR2 (4001) ...  
INFO  @ Mon, 17 Jul 2023 22:08:29: Thread 0: Calculating ELF1 (5001) ...  
INFO  @ Mon, 17 Jul 2023 22:08:31: Thread 0: Calculating FOXM1 (6001) ...  
INFO  @ Mon, 17 Jul 2023 22:08:34: Thread 0: Calculating HCAR1 (7001) ...  
INFO  @ Mon, 17 Jul 2023 22:08:36: Thread 0: Calculating JADE3 (8001) ...  
INFO  @ Mon, 17 Jul 2023 22:08:39: Thread 0: Calculating LOC401052 (9001) ...  
INFO  @ Mon, 17 Jul 2023 22:08:41: Thread 0: Calculating MRPL32 (10001) ...  
INFO  @ Mon, 17 Jul 2023 22:08:44: Thread 0: Calculating NTSR1 (11001) ...  
INFO  @ Mon, 17 Jul 2023 22:08:46: Thread 0: Calculating PDGFRL (12001) ...  
INFO  @ Mon, 17 Jul 2023 22:08:48: Thread 0: Calculating PRR5 (13001) ...  
INFO  @ Mon, 17 Jul 2023 22:08:51: Thread 0: Calculating RPF2 (14001) ...  
INFO  @ Mon, 17 Jul 2023 22:08:53: Thread 0: Calculating SLC29A4 (15001) ...  
INFO  @ Mon, 17 Jul 2023 22:08:56: Thread 0: Calculating SUSD2 (16001) ...  
INFO  @ Mon, 17 Jul 2023 22:08:58: Thread 0: Calculating TNFSF15 (17001) ...  
INFO  @ Mon, 17 Jul 2023 22:09:00: Thread 0: Calculating VPS45 (18001) ...  
INFO  @ Mon, 17 Jul 2023 22:09:03: Thread 0: Calculating ZNF8 (19001) ...  
INFO  @ Mon, 17 Jul 2023 22:09:03: Thread 0 completed. 
INFO  @ Mon, 17 Jul 2023 22:09:03: All threads completed. 
INFO  @ Mon, 17 Jul 2023 22:09:05: Using 1 genes and 1000 sgRNAs as negative controls for permutation... 
INFO  @ Mon, 17 Jul 2023 22:09:05: Permuting groups of gene with 1 sgRNAs per gene. Group progress: 1/5 
INFO  @ Mon, 17 Jul 2023 22:09:05: Start permuting 2 rounds ... 
INFO  @ Mon, 17 Jul 2023 22:09:05: Collecting 1000 sgRNAs from 1 genes. 
INFO  @ Mon, 17 Jul 2023 22:09:06: Permuting round 0 ... 
INFO  @ Mon, 17 Jul 2023 22:09:06: Thread 0 started. 
INFO  @ Mon, 17 Jul 2023 22:09:06: Thread 0: total 19113 instances. 
INFO  @ Mon, 17 Jul 2023 22:09:06: Thread 0: Calculating MARCHF2 (1) ...  
INFO  @ Mon, 17 Jul 2023 22:09:08: Thread 0: Calculating ARHGEF17 (1001) ...  
INFO  @ Mon, 17 Jul 2023 22:09:10: Thread 0: Calculating C1orf95 (2001) ...  
INFO  @ Mon, 17 Jul 2023 22:09:12: Thread 0: Calculating CELF1 (3001) ...  
INFO  @ Mon, 17 Jul 2023 22:09:14: Thread 0: Calculating CXCR2 (4001) ...  
INFO  @ Mon, 17 Jul 2023 22:09:16: Thread 0: Calculating ELF1 (5001) ...  
INFO  @ Mon, 17 Jul 2023 22:09:18: Thread 0: Calculating FOXM1 (6001) ...  
INFO  @ Mon, 17 Jul 2023 22:09:20: Thread 0: Calculating HCAR1 (7001) ...  
INFO  @ Mon, 17 Jul 2023 22:09:22: Thread 0: Calculating JADE3 (8001) ...  
INFO  @ Mon, 17 Jul 2023 22:09:24: Thread 0: Calculating LOC401052 (9001) ...  
INFO  @ Mon, 17 Jul 2023 22:09:26: Thread 0: Calculating MRPL32 (10001) ...  
INFO  @ Mon, 17 Jul 2023 22:09:28: Thread 0: Calculating NTS (11001) ...  
INFO  @ Mon, 17 Jul 2023 22:09:30: Thread 0: Calculating PDGFRB (12001) ...  
INFO  @ Mon, 17 Jul 2023 22:09:32: Thread 0: Calculating PRR4 (13001) ...  
INFO  @ Mon, 17 Jul 2023 22:09:34: Thread 0: Calculating RPF1 (14001) ...  
INFO  @ Mon, 17 Jul 2023 22:09:36: Thread 0: Calculating SLC29A3 (15001) ...  
INFO  @ Mon, 17 Jul 2023 22:09:38: Thread 0: Calculating SUSD1 (16001) ...  
INFO  @ Mon, 17 Jul 2023 22:09:40: Thread 0: Calculating TNFSF14 (17001) ...  
INFO  @ Mon, 17 Jul 2023 22:09:42: Thread 0: Calculating VPS41 (18001) ...  
INFO  @ Mon, 17 Jul 2023 22:09:43: Thread 0: Calculating ZNF799 (19001) ...  
INFO  @ Mon, 17 Jul 2023 22:09:44: Thread 0 completed. 
INFO  @ Mon, 17 Jul 2023 22:09:44: All threads completed. 
INFO  @ Mon, 17 Jul 2023 22:09:46: Permuting round 1 ... 
INFO  @ Mon, 17 Jul 2023 22:09:46: Thread 0 started. 
INFO  @ Mon, 17 Jul 2023 22:09:46: Thread 0: total 19113 instances. 
INFO  @ Mon, 17 Jul 2023 22:09:46: Thread 0: Calculating MARCHF2 (1) ...  
INFO  @ Mon, 17 Jul 2023 22:09:48: Thread 0: Calculating ARHGEF17 (1001) ...  
INFO  @ Mon, 17 Jul 2023 22:09:50: Thread 0: Calculating C1orf95 (2001) ...  
INFO  @ Mon, 17 Jul 2023 22:09:52: Thread 0: Calculating CELF1 (3001) ...  
INFO  @ Mon, 17 Jul 2023 22:09:54: Thread 0: Calculating CXCR2 (4001) ...  
INFO  @ Mon, 17 Jul 2023 22:09:56: Thread 0: Calculating ELF1 (5001) ...  
INFO  @ Mon, 17 Jul 2023 22:09:58: Thread 0: Calculating FOXM1 (6001) ...  
INFO  @ Mon, 17 Jul 2023 22:10:00: Thread 0: Calculating HCAR1 (7001) ...  
INFO  @ Mon, 17 Jul 2023 22:10:02: Thread 0: Calculating JADE3 (8001) ...  
INFO  @ Mon, 17 Jul 2023 22:10:03: Thread 0: Calculating LOC401052 (9001) ...  
INFO  @ Mon, 17 Jul 2023 22:10:05: Thread 0: Calculating MRPL32 (10001) ...  
INFO  @ Mon, 17 Jul 2023 22:10:07: Thread 0: Calculating NTS (11001) ...  
INFO  @ Mon, 17 Jul 2023 22:10:09: Thread 0: Calculating PDGFRB (12001) ...  
INFO  @ Mon, 17 Jul 2023 22:10:11: Thread 0: Calculating PRR4 (13001) ...  
INFO  @ Mon, 17 Jul 2023 22:10:13: Thread 0: Calculating RPF1 (14001) ...  
INFO  @ Mon, 17 Jul 2023 22:10:15: Thread 0: Calculating SLC29A3 (15001) ...  
INFO  @ Mon, 17 Jul 2023 22:10:17: Thread 0: Calculating SUSD1 (16001) ...  
INFO  @ Mon, 17 Jul 2023 22:10:19: Thread 0: Calculating TNFSF14 (17001) ...  
INFO  @ Mon, 17 Jul 2023 22:10:21: Thread 0: Calculating VPS41 (18001) ...  
INFO  @ Mon, 17 Jul 2023 22:10:23: Thread 0: Calculating ZNF799 (19001) ...  
INFO  @ Mon, 17 Jul 2023 22:10:23: Thread 0 completed. 
INFO  @ Mon, 17 Jul 2023 22:10:23: All threads completed. 
INFO  @ Mon, 17 Jul 2023 22:10:25: Assigning p values... 
INFO  @ Mon, 17 Jul 2023 22:10:25: Permuting groups of gene with 2 sgRNAs per gene. Group progress: 2/5 
INFO  @ Mon, 17 Jul 2023 22:10:25: Start permuting 2 rounds ... 
INFO  @ Mon, 17 Jul 2023 22:10:25: Collecting 1000 sgRNAs from 1 genes. 
INFO  @ Mon, 17 Jul 2023 22:10:26: Permuting round 0 ... 
INFO  @ Mon, 17 Jul 2023 22:10:27: Thread 0 started. 
INFO  @ Mon, 17 Jul 2023 22:10:27: Thread 0: total 19113 instances. 
INFO  @ Mon, 17 Jul 2023 22:10:27: Thread 0: Calculating MARCHF2 (1) ...  
INFO  @ Mon, 17 Jul 2023 22:10:29: Thread 0: Calculating ARHGEF17 (1001) ...  
INFO  @ Mon, 17 Jul 2023 22:10:31: Thread 0: Calculating C1orf95 (2001) ...  
INFO  @ Mon, 17 Jul 2023 22:10:34: Thread 0: Calculating CELF1 (3001) ...  
INFO  @ Mon, 17 Jul 2023 22:10:36: Thread 0: Calculating CXCR2 (4001) ...  
INFO  @ Mon, 17 Jul 2023 22:10:38: Thread 0: Calculating ELF1 (5001) ...  
INFO  @ Mon, 17 Jul 2023 22:10:41: Thread 0: Calculating FOXM1 (6001) ...  
INFO  @ Mon, 17 Jul 2023 22:10:43: Thread 0: Calculating HCAR1 (7001) ...  
INFO  @ Mon, 17 Jul 2023 22:10:45: Thread 0: Calculating JADE3 (8001) ...  
INFO  @ Mon, 17 Jul 2023 22:10:48: Thread 0: Calculating LOC401052 (9001) ...  
INFO  @ Mon, 17 Jul 2023 22:10:50: Thread 0: Calculating MRPL32 (10001) ...  
INFO  @ Mon, 17 Jul 2023 22:10:52: Thread 0: Calculating NTS (11001) ...  
INFO  @ Mon, 17 Jul 2023 22:10:54: Thread 0: Calculating PDGFRB (12001) ...  
INFO  @ Mon, 17 Jul 2023 22:10:56: Thread 0: Calculating PRR4 (13001) ...  
INFO  @ Mon, 17 Jul 2023 22:10:59: Thread 0: Calculating RPF1 (14001) ...  
INFO  @ Mon, 17 Jul 2023 22:11:01: Thread 0: Calculating SLC29A3 (15001) ...  
INFO  @ Mon, 17 Jul 2023 22:11:03: Thread 0: Calculating SUSD1 (16001) ...  
INFO  @ Mon, 17 Jul 2023 22:11:05: Thread 0: Calculating TNFSF14 (17001) ...  
INFO  @ Mon, 17 Jul 2023 22:11:07: Thread 0: Calculating VPS41 (18001) ...  
INFO  @ Mon, 17 Jul 2023 22:11:09: Thread 0: Calculating ZNF799 (19001) ...  
INFO  @ Mon, 17 Jul 2023 22:11:09: Thread 0 completed. 
INFO  @ Mon, 17 Jul 2023 22:11:09: All threads completed. 
INFO  @ Mon, 17 Jul 2023 22:11:12: Permuting round 1 ... 
INFO  @ Mon, 17 Jul 2023 22:11:12: Thread 0 started. 
INFO  @ Mon, 17 Jul 2023 22:11:12: Thread 0: total 19113 instances. 
INFO  @ Mon, 17 Jul 2023 22:11:12: Thread 0: Calculating MARCHF2 (1) ...  
INFO  @ Mon, 17 Jul 2023 22:11:14: Thread 0: Calculating ARHGEF17 (1001) ...  
INFO  @ Mon, 17 Jul 2023 22:11:16: Thread 0: Calculating C1orf95 (2001) ...  
INFO  @ Mon, 17 Jul 2023 22:11:19: Thread 0: Calculating CELF1 (3001) ...  
INFO  @ Mon, 17 Jul 2023 22:11:21: Thread 0: Calculating CXCR2 (4001) ...  
INFO  @ Mon, 17 Jul 2023 22:11:23: Thread 0: Calculating ELF1 (5001) ...  
INFO  @ Mon, 17 Jul 2023 22:11:25: Thread 0: Calculating FOXM1 (6001) ...  
INFO  @ Mon, 17 Jul 2023 22:11:27: Thread 0: Calculating HCAR1 (7001) ...  
INFO  @ Mon, 17 Jul 2023 22:11:29: Thread 0: Calculating JADE3 (8001) ...  
INFO  @ Mon, 17 Jul 2023 22:11:31: Thread 0: Calculating LOC401052 (9001) ...  
INFO  @ Mon, 17 Jul 2023 22:11:34: Thread 0: Calculating MRPL32 (10001) ...  
INFO  @ Mon, 17 Jul 2023 22:11:36: Thread 0: Calculating NTS (11001) ...  
INFO  @ Mon, 17 Jul 2023 22:11:38: Thread 0: Calculating PDGFRB (12001) ...  
INFO  @ Mon, 17 Jul 2023 22:11:40: Thread 0: Calculating PRR4 (13001) ...  
INFO  @ Mon, 17 Jul 2023 22:11:42: Thread 0: Calculating RPF1 (14001) ...  
INFO  @ Mon, 17 Jul 2023 22:11:44: Thread 0: Calculating SLC29A3 (15001) ...  
INFO  @ Mon, 17 Jul 2023 22:11:46: Thread 0: Calculating SUSD1 (16001) ...  
INFO  @ Mon, 17 Jul 2023 22:11:49: Thread 0: Calculating TNFSF14 (17001) ...  
INFO  @ Mon, 17 Jul 2023 22:11:51: Thread 0: Calculating VPS41 (18001) ...  
INFO  @ Mon, 17 Jul 2023 22:11:53: Thread 0: Calculating ZNF799 (19001) ...  
INFO  @ Mon, 17 Jul 2023 22:11:54: Thread 0 completed. 
INFO  @ Mon, 17 Jul 2023 22:11:54: All threads completed. 
INFO  @ Mon, 17 Jul 2023 22:11:56: Assigning p values... 
INFO  @ Mon, 17 Jul 2023 22:11:56: Permuting groups of gene with 4 sgRNAs per gene. Group progress: 3/5 
INFO  @ Mon, 17 Jul 2023 22:11:56: Start permuting 2 rounds ... 
INFO  @ Mon, 17 Jul 2023 22:11:56: Collecting 1000 sgRNAs from 1 genes. 
INFO  @ Mon, 17 Jul 2023 22:11:57: Permuting round 0 ... 
INFO  @ Mon, 17 Jul 2023 22:11:57: Thread 0 started. 
INFO  @ Mon, 17 Jul 2023 22:11:57: Thread 0: total 19113 instances. 
INFO  @ Mon, 17 Jul 2023 22:11:57: Thread 0: Calculating MARCHF2 (1) ...  
INFO  @ Mon, 17 Jul 2023 22:12:00: Thread 0: Calculating ARHGEF17 (1001) ...  
INFO  @ Mon, 17 Jul 2023 22:12:02: Thread 0: Calculating C1orf95 (2001) ...  
INFO  @ Mon, 17 Jul 2023 22:12:04: Thread 0: Calculating CELF1 (3001) ...  
INFO  @ Mon, 17 Jul 2023 22:12:07: Thread 0: Calculating CXCR2 (4001) ...  
INFO  @ Mon, 17 Jul 2023 22:12:09: Thread 0: Calculating ELF1 (5001) ...  
INFO  @ Mon, 17 Jul 2023 22:12:12: Thread 0: Calculating FOXM1 (6001) ...  
INFO  @ Mon, 17 Jul 2023 22:12:14: Thread 0: Calculating HCAR1 (7001) ...  
INFO  @ Mon, 17 Jul 2023 22:12:16: Thread 0: Calculating JADE3 (8001) ...  
INFO  @ Mon, 17 Jul 2023 22:12:19: Thread 0: Calculating LOC401052 (9001) ...  
INFO  @ Mon, 17 Jul 2023 22:12:21: Thread 0: Calculating MRPL32 (10001) ...  
INFO  @ Mon, 17 Jul 2023 22:12:23: Thread 0: Calculating NTS (11001) ...  
INFO  @ Mon, 17 Jul 2023 22:12:26: Thread 0: Calculating PDGFRB (12001) ...  
INFO  @ Mon, 17 Jul 2023 22:12:28: Thread 0: Calculating PRR4 (13001) ...  
INFO  @ Mon, 17 Jul 2023 22:12:30: Thread 0: Calculating RPF1 (14001) ...  
INFO  @ Mon, 17 Jul 2023 22:12:32: Thread 0: Calculating SLC29A3 (15001) ...  
INFO  @ Mon, 17 Jul 2023 22:12:35: Thread 0: Calculating SUSD1 (16001) ...  
INFO  @ Mon, 17 Jul 2023 22:12:37: Thread 0: Calculating TNFSF14 (17001) ...  
INFO  @ Mon, 17 Jul 2023 22:12:39: Thread 0: Calculating VPS41 (18001) ...  
INFO  @ Mon, 17 Jul 2023 22:12:42: Thread 0: Calculating ZNF799 (19001) ...  
INFO  @ Mon, 17 Jul 2023 22:12:42: Thread 0 completed. 
INFO  @ Mon, 17 Jul 2023 22:12:42: All threads completed. 
INFO  @ Mon, 17 Jul 2023 22:12:44: Permuting round 1 ... 
INFO  @ Mon, 17 Jul 2023 22:12:44: Thread 0 started. 
INFO  @ Mon, 17 Jul 2023 22:12:44: Thread 0: total 19113 instances. 
INFO  @ Mon, 17 Jul 2023 22:12:44: Thread 0: Calculating MARCHF2 (1) ...  
INFO  @ Mon, 17 Jul 2023 22:12:47: Thread 0: Calculating ARHGEF17 (1001) ...  
INFO  @ Mon, 17 Jul 2023 22:12:49: Thread 0: Calculating C1orf95 (2001) ...  
INFO  @ Mon, 17 Jul 2023 22:12:52: Thread 0: Calculating CELF1 (3001) ...  
INFO  @ Mon, 17 Jul 2023 22:12:54: Thread 0: Calculating CXCR2 (4001) ...  
INFO  @ Mon, 17 Jul 2023 22:12:56: Thread 0: Calculating ELF1 (5001) ...  
INFO  @ Mon, 17 Jul 2023 22:12:59: Thread 0: Calculating FOXM1 (6001) ...  
INFO  @ Mon, 17 Jul 2023 22:13:01: Thread 0: Calculating HCAR1 (7001) ...  
INFO  @ Mon, 17 Jul 2023 22:13:03: Thread 0: Calculating JADE3 (8001) ...  
INFO  @ Mon, 17 Jul 2023 22:13:05: Thread 0: Calculating LOC401052 (9001) ...  
INFO  @ Mon, 17 Jul 2023 22:13:08: Thread 0: Calculating MRPL32 (10001) ...  
INFO  @ Mon, 17 Jul 2023 22:13:10: Thread 0: Calculating NTS (11001) ...  
INFO  @ Mon, 17 Jul 2023 22:13:13: Thread 0: Calculating PDGFRB (12001) ...  
INFO  @ Mon, 17 Jul 2023 22:13:15: Thread 0: Calculating PRR4 (13001) ...  
INFO  @ Mon, 17 Jul 2023 22:13:17: Thread 0: Calculating RPF1 (14001) ...  
INFO  @ Mon, 17 Jul 2023 22:13:20: Thread 0: Calculating SLC29A3 (15001) ...  
INFO  @ Mon, 17 Jul 2023 22:13:22: Thread 0: Calculating SUSD1 (16001) ...  
INFO  @ Mon, 17 Jul 2023 22:13:24: Thread 0: Calculating TNFSF14 (17001) ...  
INFO  @ Mon, 17 Jul 2023 22:13:26: Thread 0: Calculating VPS41 (18001) ...  
INFO  @ Mon, 17 Jul 2023 22:13:29: Thread 0: Calculating ZNF799 (19001) ...  
INFO  @ Mon, 17 Jul 2023 22:13:29: Thread 0 completed. 
INFO  @ Mon, 17 Jul 2023 22:13:29: All threads completed. 
INFO  @ Mon, 17 Jul 2023 22:13:31: Assigning p values... 
INFO  @ Mon, 17 Jul 2023 22:14:08: Permuting groups of gene with 8 sgRNAs per gene. Group progress: 4/5 
INFO  @ Mon, 17 Jul 2023 22:14:08: Start permuting 2 rounds ... 
INFO  @ Mon, 17 Jul 2023 22:14:08: Collecting 1000 sgRNAs from 1 genes. 
INFO  @ Mon, 17 Jul 2023 22:14:09: Permuting round 0 ... 
INFO  @ Mon, 17 Jul 2023 22:14:09: Thread 0 started. 
INFO  @ Mon, 17 Jul 2023 22:14:09: Thread 0: total 19113 instances. 
INFO  @ Mon, 17 Jul 2023 22:14:09: Thread 0: Calculating MARCHF2 (1) ...  
INFO  @ Mon, 17 Jul 2023 22:14:12: Thread 0: Calculating ARHGEF17 (1001) ...  
INFO  @ Mon, 17 Jul 2023 22:14:15: Thread 0: Calculating C1orf95 (2001) ...  
INFO  @ Mon, 17 Jul 2023 22:14:17: Thread 0: Calculating CELF1 (3001) ...  
INFO  @ Mon, 17 Jul 2023 22:14:20: Thread 0: Calculating CXCR2 (4001) ...  
INFO  @ Mon, 17 Jul 2023 22:14:23: Thread 0: Calculating ELF1 (5001) ...  
INFO  @ Mon, 17 Jul 2023 22:14:26: Thread 0: Calculating FOXM1 (6001) ...  
INFO  @ Mon, 17 Jul 2023 22:14:28: Thread 0: Calculating HCAR1 (7001) ...  
INFO  @ Mon, 17 Jul 2023 22:14:31: Thread 0: Calculating JADE3 (8001) ...  
INFO  @ Mon, 17 Jul 2023 22:14:34: Thread 0: Calculating LOC401052 (9001) ...  
INFO  @ Mon, 17 Jul 2023 22:14:36: Thread 0: Calculating MRPL32 (10001) ...  
INFO  @ Mon, 17 Jul 2023 22:14:39: Thread 0: Calculating NTS (11001) ...  
INFO  @ Mon, 17 Jul 2023 22:14:42: Thread 0: Calculating PDGFRB (12001) ...  
INFO  @ Mon, 17 Jul 2023 22:14:44: Thread 0: Calculating PRR4 (13001) ...  
INFO  @ Mon, 17 Jul 2023 22:14:47: Thread 0: Calculating RPF1 (14001) ...  
INFO  @ Mon, 17 Jul 2023 22:14:49: Thread 0: Calculating SLC29A3 (15001) ...  
INFO  @ Mon, 17 Jul 2023 22:14:52: Thread 0: Calculating SUSD1 (16001) ...  
INFO  @ Mon, 17 Jul 2023 22:14:55: Thread 0: Calculating TNFSF14 (17001) ...  
INFO  @ Mon, 17 Jul 2023 22:14:57: Thread 0: Calculating VPS41 (18001) ...  
INFO  @ Mon, 17 Jul 2023 22:15:00: Thread 0: Calculating ZNF799 (19001) ...  
INFO  @ Mon, 17 Jul 2023 22:15:00: Thread 0 completed. 
INFO  @ Mon, 17 Jul 2023 22:15:00: All threads completed. 
INFO  @ Mon, 17 Jul 2023 22:15:03: Permuting round 1 ... 
INFO  @ Mon, 17 Jul 2023 22:15:03: Thread 0 started. 
INFO  @ Mon, 17 Jul 2023 22:15:03: Thread 0: total 19113 instances. 
INFO  @ Mon, 17 Jul 2023 22:15:03: Thread 0: Calculating MARCHF2 (1) ...  
INFO  @ Mon, 17 Jul 2023 22:15:06: Thread 0: Calculating ARHGEF17 (1001) ...  
INFO  @ Mon, 17 Jul 2023 22:15:09: Thread 0: Calculating C1orf95 (2001) ...  
INFO  @ Mon, 17 Jul 2023 22:15:12: Thread 0: Calculating CELF1 (3001) ...  
INFO  @ Mon, 17 Jul 2023 22:15:14: Thread 0: Calculating CXCR2 (4001) ...  
INFO  @ Mon, 17 Jul 2023 22:15:17: Thread 0: Calculating ELF1 (5001) ...  
INFO  @ Mon, 17 Jul 2023 22:15:19: Thread 0: Calculating FOXM1 (6001) ...  
INFO  @ Mon, 17 Jul 2023 22:15:22: Thread 0: Calculating HCAR1 (7001) ...  
INFO  @ Mon, 17 Jul 2023 22:15:25: Thread 0: Calculating JADE3 (8001) ...  
INFO  @ Mon, 17 Jul 2023 22:15:28: Thread 0: Calculating LOC401052 (9001) ...  
INFO  @ Mon, 17 Jul 2023 22:15:30: Thread 0: Calculating MRPL32 (10001) ...  
INFO  @ Mon, 17 Jul 2023 22:15:33: Thread 0: Calculating NTS (11001) ...  
INFO  @ Mon, 17 Jul 2023 22:15:36: Thread 0: Calculating PDGFRB (12001) ...  
INFO  @ Mon, 17 Jul 2023 22:15:39: Thread 0: Calculating PRR4 (13001) ...  
INFO  @ Mon, 17 Jul 2023 22:15:41: Thread 0: Calculating RPF1 (14001) ...  
INFO  @ Mon, 17 Jul 2023 22:15:44: Thread 0: Calculating SLC29A3 (15001) ...  
INFO  @ Mon, 17 Jul 2023 22:15:47: Thread 0: Calculating SUSD1 (16001) ...  
INFO  @ Mon, 17 Jul 2023 22:15:49: Thread 0: Calculating TNFSF14 (17001) ...  
INFO  @ Mon, 17 Jul 2023 22:15:52: Thread 0: Calculating VPS41 (18001) ...  
INFO  @ Mon, 17 Jul 2023 22:15:55: Thread 0: Calculating ZNF799 (19001) ...  
INFO  @ Mon, 17 Jul 2023 22:15:55: Thread 0 completed. 
INFO  @ Mon, 17 Jul 2023 22:15:55: All threads completed. 
INFO  @ Mon, 17 Jul 2023 22:15:59: Assigning p values... 
INFO  @ Mon, 17 Jul 2023 22:15:59: Groups of gene with 1000 sgRNAs per gene: assigning p values based on previous group results. Group progress: 5/5 
INFO  @ Mon, 17 Jul 2023 22:15:59: Writing gene results to MPNST.guide-counter.mle.gene_summary.txt 
INFO  @ Mon, 17 Jul 2023 22:15:59: Writing sgRNA results to MPNST.guide-counter.mle.sgrna_summary.txt 
