INFO  @ Mon, 17 Jul 2023 21:46:56: Parameters: /home/largaesp/stehn007/.conda/envs/mageckenv/bin/mageck test -k guide-counter.MPNSTs.txt -t ST88-14.F -c ST88-14.I -n ST88-14 --norm-method median 
INFO  @ Mon, 17 Jul 2023 21:46:56: Welcome to MAGeCK v0.5.9.5. Command: test 
INFO  @ Mon, 17 Jul 2023 21:46:56: Loading count table from guide-counter.MPNSTs.txt  
INFO  @ Mon, 17 Jul 2023 21:46:56: Processing 1 lines.. 
DEBUG @ Mon, 17 Jul 2023 21:46:56: Parsing error in line 1 (usually the header line). Skip this line. 
INFO  @ Mon, 17 Jul 2023 21:46:56: Loaded 77441 records. 
INFO  @ Mon, 17 Jul 2023 21:46:56: Loading Rnw template file: /home/largaesp/stehn007/.conda/envs/mageckenv/lib/python3.10/site-packages/mageck/test_report.Rmd. 
DEBUG @ Mon, 17 Jul 2023 21:46:56: Setting up the visualization module... 
INFO  @ Mon, 17 Jul 2023 21:46:56: Loading R template file: /home/largaesp/stehn007/.conda/envs/mageckenv/lib/python3.10/site-packages/mageck/plot_template.RTemplate. 
INFO  @ Mon, 17 Jul 2023 21:46:56: Loading R template file: /home/largaesp/stehn007/.conda/envs/mageckenv/lib/python3.10/site-packages/mageck/plot_template_indvgene.RTemplate. 
INFO  @ Mon, 17 Jul 2023 21:46:56: Loading Rnw template file: /home/largaesp/stehn007/.conda/envs/mageckenv/lib/python3.10/site-packages/mageck/plot_template.Rnw. 
DEBUG @ Mon, 17 Jul 2023 21:46:56: Setting up the visualization module... 
DEBUG @ Mon, 17 Jul 2023 21:46:56: Given sample labels: ST88-14.F 
DEBUG @ Mon, 17 Jul 2023 21:46:56: Converted index: 0 
INFO  @ Mon, 17 Jul 2023 21:46:56: Treatment samples:ST88-14.F 
INFO  @ Mon, 17 Jul 2023 21:46:56: Treatment sample index:0 
DEBUG @ Mon, 17 Jul 2023 21:46:56: Given sample labels: ST88-14.I 
DEBUG @ Mon, 17 Jul 2023 21:46:56: Converted index: 1 
INFO  @ Mon, 17 Jul 2023 21:46:56: Control samples:ST88-14.I 
INFO  @ Mon, 17 Jul 2023 21:46:56: Control sample index:1 
DEBUG @ Mon, 17 Jul 2023 21:46:56: Initial (total) size factor: 1.0290615300140633 0.9725348297264301 
DEBUG @ Mon, 17 Jul 2023 21:46:56: Median factor: 1.0012359228232335 1.0017985611510793 
INFO  @ Mon, 17 Jul 2023 21:46:56: Final size factor: 1.0012359228232335 1.0017985611510793 
INFO  @ Mon, 17 Jul 2023 21:46:57: Detecting outliers from variance estimation.. Avg read count:[896.3809997499467], Var: [489347.11749565415] 
INFO  @ Mon, 17 Jul 2023 21:46:57: Skipping 312 sgRNAs from variance calculation because of their extreme high counts (> 4* STD (mean counts) ). 
DEBUG @ Mon, 17 Jul 2023 21:46:57: Adjusted model: 1.6217632714149075	0 
INFO  @ Mon, 17 Jul 2023 21:46:57: Before RRA, 71 sgRNAs are removed with zero counts in both group(s). 
INFO  @ Mon, 17 Jul 2023 21:46:57: Use qnorm to reversely calculate sgRNA scores ... 
DEBUG @ Mon, 17 Jul 2023 21:46:58: lower test FDR cutoff: 0.35238464521132223 
DEBUG @ Mon, 17 Jul 2023 21:46:59: higher test FDR cutoff: 0.35945456895437505 
INFO  @ Mon, 17 Jul 2023 21:46:59: Running command: RRA -i ST88-14.plow.txt -o ST88-14.gene.low.txt -p 0.35238464521132223 --skip-gene NA --skip-gene na  
INFO  @ Mon, 17 Jul 2023 21:47:05: Command message: 
INFO  @ Mon, 17 Jul 2023 21:47:05:   Welcome to RRA v 0.5.9. 
INFO  @ Mon, 17 Jul 2023 21:47:05:   Skipping gene NA for permutation ... 
INFO  @ Mon, 17 Jul 2023 21:47:05:   Skipping gene na for permutation ... 
INFO  @ Mon, 17 Jul 2023 21:47:05:   Reading input file... 
INFO  @ Mon, 17 Jul 2023 21:47:05:   Summary: 77370 sgRNAs, 19113 genes, 1 lists; skipped sgRNAs:0 
INFO  @ Mon, 17 Jul 2023 21:47:05:   Computing lo-values for each group... 
INFO  @ Mon, 17 Jul 2023 21:47:05:   Computing false discovery rate... 
INFO  @ Mon, 17 Jul 2023 21:47:05:   Permuting genes with 1 sgRNAs... 
INFO  @ Mon, 17 Jul 2023 21:47:05:   Permuting genes with 2 sgRNAs... 
INFO  @ Mon, 17 Jul 2023 21:47:05:   Permuting genes with 3 sgRNAs... 
INFO  @ Mon, 17 Jul 2023 21:47:05:   Permuting genes with 4 sgRNAs... 
INFO  @ Mon, 17 Jul 2023 21:47:05:   Permuting genes with 8 sgRNAs... 
INFO  @ Mon, 17 Jul 2023 21:47:05:   Number of genes under FDR adjustment: 19113 
INFO  @ Mon, 17 Jul 2023 21:47:05:   Saving to output file... 
INFO  @ Mon, 17 Jul 2023 21:47:05:   RRA completed. 
INFO  @ Mon, 17 Jul 2023 21:47:05:   Groups deletion complete. 
INFO  @ Mon, 17 Jul 2023 21:47:05:   Lists deletion complete. 
INFO  @ Mon, 17 Jul 2023 21:47:05:    
INFO  @ Mon, 17 Jul 2023 21:47:05: End command message. 
INFO  @ Mon, 17 Jul 2023 21:47:05: Running command: RRA -i ST88-14.phigh.txt -o ST88-14.gene.high.txt -p 0.35945456895437505 --skip-gene NA --skip-gene na  
INFO  @ Mon, 17 Jul 2023 21:47:12: Command message: 
INFO  @ Mon, 17 Jul 2023 21:47:12:   Welcome to RRA v 0.5.9. 
INFO  @ Mon, 17 Jul 2023 21:47:12:   Skipping gene NA for permutation ... 
INFO  @ Mon, 17 Jul 2023 21:47:12:   Skipping gene na for permutation ... 
INFO  @ Mon, 17 Jul 2023 21:47:12:   Reading input file... 
INFO  @ Mon, 17 Jul 2023 21:47:12:   Summary: 77370 sgRNAs, 19113 genes, 1 lists; skipped sgRNAs:0 
INFO  @ Mon, 17 Jul 2023 21:47:12:   Computing lo-values for each group... 
INFO  @ Mon, 17 Jul 2023 21:47:12:   Computing false discovery rate... 
INFO  @ Mon, 17 Jul 2023 21:47:12:   Permuting genes with 1 sgRNAs... 
INFO  @ Mon, 17 Jul 2023 21:47:12:   Permuting genes with 2 sgRNAs... 
INFO  @ Mon, 17 Jul 2023 21:47:12:   Permuting genes with 3 sgRNAs... 
INFO  @ Mon, 17 Jul 2023 21:47:12:   Permuting genes with 4 sgRNAs... 
INFO  @ Mon, 17 Jul 2023 21:47:12:   Permuting genes with 8 sgRNAs... 
INFO  @ Mon, 17 Jul 2023 21:47:12:   Number of genes under FDR adjustment: 19113 
INFO  @ Mon, 17 Jul 2023 21:47:12:   Saving to output file... 
INFO  @ Mon, 17 Jul 2023 21:47:12:   RRA completed. 
INFO  @ Mon, 17 Jul 2023 21:47:12:   Groups deletion complete. 
INFO  @ Mon, 17 Jul 2023 21:47:12:   Lists deletion complete. 
INFO  @ Mon, 17 Jul 2023 21:47:12:    
INFO  @ Mon, 17 Jul 2023 21:47:12: End command message. 
DEBUG @ Mon, 17 Jul 2023 21:47:12: Sorting the merged items by negative selection... 
INFO  @ Mon, 17 Jul 2023 21:47:12: Loading top 10 genes from ST88-14.gene.low.txt: RPS20,TPI1,RPS18,DDX54,BUB3,TKT,DPH3,ATP5A1,RPL17,C14orf80 
DEBUG @ Mon, 17 Jul 2023 21:47:12: Column index:3 
INFO  @ Mon, 17 Jul 2023 21:47:12: Loading top 10 genes from ST88-14.gene.high.txt: Non-Targeting-Control,RAP2B,KEAP1,PTEN,NRP1,PLXNA1,L3MBTL3,SMCHD1,USP28,TP53 
DEBUG @ Mon, 17 Jul 2023 21:47:12: Column index:9 
INFO  @ Mon, 17 Jul 2023 21:47:13: Running command: rm ST88-14.plow.txt 
INFO  @ Mon, 17 Jul 2023 21:47:13: Running command: rm ST88-14.phigh.txt 
INFO  @ Mon, 17 Jul 2023 21:47:13: Running command: rm ST88-14.gene.low.txt 
INFO  @ Mon, 17 Jul 2023 21:47:13: Running command: rm ST88-14.gene.high.txt 
