INFO  @ Mon, 17 Jul 2023 21:51:10: Parameters: /home/largaesp/stehn007/.conda/envs/mageckenv/bin/mageck test -k guide-counter.MPNSTs.txt -t STS26T.F -c STS26T.I -n STS26T --norm-method median 
INFO  @ Mon, 17 Jul 2023 21:51:10: Welcome to MAGeCK v0.5.9.5. Command: test 
INFO  @ Mon, 17 Jul 2023 21:51:10: Loading count table from guide-counter.MPNSTs.txt  
INFO  @ Mon, 17 Jul 2023 21:51:10: Processing 1 lines.. 
DEBUG @ Mon, 17 Jul 2023 21:51:10: Parsing error in line 1 (usually the header line). Skip this line. 
INFO  @ Mon, 17 Jul 2023 21:51:10: Loaded 77441 records. 
INFO  @ Mon, 17 Jul 2023 21:51:10: Loading Rnw template file: /home/largaesp/stehn007/.conda/envs/mageckenv/lib/python3.10/site-packages/mageck/test_report.Rmd. 
DEBUG @ Mon, 17 Jul 2023 21:51:10: Setting up the visualization module... 
INFO  @ Mon, 17 Jul 2023 21:51:10: Loading R template file: /home/largaesp/stehn007/.conda/envs/mageckenv/lib/python3.10/site-packages/mageck/plot_template.RTemplate. 
INFO  @ Mon, 17 Jul 2023 21:51:10: Loading R template file: /home/largaesp/stehn007/.conda/envs/mageckenv/lib/python3.10/site-packages/mageck/plot_template_indvgene.RTemplate. 
INFO  @ Mon, 17 Jul 2023 21:51:10: Loading Rnw template file: /home/largaesp/stehn007/.conda/envs/mageckenv/lib/python3.10/site-packages/mageck/plot_template.Rnw. 
DEBUG @ Mon, 17 Jul 2023 21:51:10: Setting up the visualization module... 
DEBUG @ Mon, 17 Jul 2023 21:51:10: Given sample labels: STS26T.F 
DEBUG @ Mon, 17 Jul 2023 21:51:10: Converted index: 3 
INFO  @ Mon, 17 Jul 2023 21:51:10: Treatment samples:STS26T.F 
INFO  @ Mon, 17 Jul 2023 21:51:10: Treatment sample index:3 
DEBUG @ Mon, 17 Jul 2023 21:51:10: Given sample labels: STS26T.I 
DEBUG @ Mon, 17 Jul 2023 21:51:10: Converted index: 2 
INFO  @ Mon, 17 Jul 2023 21:51:10: Control samples:STS26T.I 
INFO  @ Mon, 17 Jul 2023 21:51:10: Control sample index:2 
DEBUG @ Mon, 17 Jul 2023 21:51:10: Initial (total) size factor: 1.005694039921705 0.9943700741236869 
DEBUG @ Mon, 17 Jul 2023 21:51:10: Median factor: 1.0033783783783785 0.9993885697689809 
INFO  @ Mon, 17 Jul 2023 21:51:10: Final size factor: 1.0033783783783785 0.9993885697689809 
INFO  @ Mon, 17 Jul 2023 21:51:11: Detecting outliers from variance estimation.. Avg read count:[825.7952794573631], Var: [349897.3331646091] 
INFO  @ Mon, 17 Jul 2023 21:51:11: Skipping 178 sgRNAs from variance calculation because of their extreme high counts (> 4* STD (mean counts) ). 
DEBUG @ Mon, 17 Jul 2023 21:51:11: Adjusted model: 1.1610907774105081	2.6721471798881375 
INFO  @ Mon, 17 Jul 2023 21:51:11: Before RRA, 109 sgRNAs are removed with zero counts in both group(s). 
INFO  @ Mon, 17 Jul 2023 21:51:11: Use qnorm to reversely calculate sgRNA scores ... 
DEBUG @ Mon, 17 Jul 2023 21:51:12: lower test FDR cutoff: 0.367441680028966 
DEBUG @ Mon, 17 Jul 2023 21:51:12: higher test FDR cutoff: 0.36742874877153053 
INFO  @ Mon, 17 Jul 2023 21:51:13: Running command: RRA -i STS26T.plow.txt -o STS26T.gene.low.txt -p 0.367441680028966 --skip-gene NA --skip-gene na  
INFO  @ Mon, 17 Jul 2023 21:51:19: Command message: 
INFO  @ Mon, 17 Jul 2023 21:51:19:   Welcome to RRA v 0.5.9. 
INFO  @ Mon, 17 Jul 2023 21:51:19:   Skipping gene NA for permutation ... 
INFO  @ Mon, 17 Jul 2023 21:51:19:   Skipping gene na for permutation ... 
INFO  @ Mon, 17 Jul 2023 21:51:19:   Reading input file... 
INFO  @ Mon, 17 Jul 2023 21:51:19:   Summary: 77332 sgRNAs, 19113 genes, 1 lists; skipped sgRNAs:0 
INFO  @ Mon, 17 Jul 2023 21:51:19:   Computing lo-values for each group... 
INFO  @ Mon, 17 Jul 2023 21:51:19:   Computing false discovery rate... 
INFO  @ Mon, 17 Jul 2023 21:51:19:   Permuting genes with 1 sgRNAs... 
INFO  @ Mon, 17 Jul 2023 21:51:19:   Permuting genes with 2 sgRNAs... 
INFO  @ Mon, 17 Jul 2023 21:51:19:   Permuting genes with 3 sgRNAs... 
INFO  @ Mon, 17 Jul 2023 21:51:19:   Permuting genes with 4 sgRNAs... 
INFO  @ Mon, 17 Jul 2023 21:51:19:   Permuting genes with 8 sgRNAs... 
INFO  @ Mon, 17 Jul 2023 21:51:19:   Number of genes under FDR adjustment: 19113 
INFO  @ Mon, 17 Jul 2023 21:51:19:   Saving to output file... 
INFO  @ Mon, 17 Jul 2023 21:51:19:   RRA completed. 
INFO  @ Mon, 17 Jul 2023 21:51:19:   Groups deletion complete. 
INFO  @ Mon, 17 Jul 2023 21:51:19:   Lists deletion complete. 
INFO  @ Mon, 17 Jul 2023 21:51:19:    
INFO  @ Mon, 17 Jul 2023 21:51:19: End command message. 
INFO  @ Mon, 17 Jul 2023 21:51:19: Running command: RRA -i STS26T.phigh.txt -o STS26T.gene.high.txt -p 0.36742874877153053 --skip-gene NA --skip-gene na  
INFO  @ Mon, 17 Jul 2023 21:51:26: Command message: 
INFO  @ Mon, 17 Jul 2023 21:51:26:   Welcome to RRA v 0.5.9. 
INFO  @ Mon, 17 Jul 2023 21:51:26:   Skipping gene NA for permutation ... 
INFO  @ Mon, 17 Jul 2023 21:51:26:   Skipping gene na for permutation ... 
INFO  @ Mon, 17 Jul 2023 21:51:26:   Reading input file... 
INFO  @ Mon, 17 Jul 2023 21:51:26:   Summary: 77332 sgRNAs, 19113 genes, 1 lists; skipped sgRNAs:0 
INFO  @ Mon, 17 Jul 2023 21:51:26:   Computing lo-values for each group... 
INFO  @ Mon, 17 Jul 2023 21:51:26:   Computing false discovery rate... 
INFO  @ Mon, 17 Jul 2023 21:51:26:   Permuting genes with 1 sgRNAs... 
INFO  @ Mon, 17 Jul 2023 21:51:26:   Permuting genes with 2 sgRNAs... 
INFO  @ Mon, 17 Jul 2023 21:51:26:   Permuting genes with 3 sgRNAs... 
INFO  @ Mon, 17 Jul 2023 21:51:26:   Permuting genes with 4 sgRNAs... 
INFO  @ Mon, 17 Jul 2023 21:51:26:   Permuting genes with 8 sgRNAs... 
INFO  @ Mon, 17 Jul 2023 21:51:26:   Number of genes under FDR adjustment: 19113 
INFO  @ Mon, 17 Jul 2023 21:51:26:   Saving to output file... 
INFO  @ Mon, 17 Jul 2023 21:51:26:   RRA completed. 
INFO  @ Mon, 17 Jul 2023 21:51:26:   Groups deletion complete. 
INFO  @ Mon, 17 Jul 2023 21:51:26:   Lists deletion complete. 
INFO  @ Mon, 17 Jul 2023 21:51:26:    
INFO  @ Mon, 17 Jul 2023 21:51:26: End command message. 
DEBUG @ Mon, 17 Jul 2023 21:51:26: Sorting the merged items by negative selection... 
INFO  @ Mon, 17 Jul 2023 21:51:26: Loading top 10 genes from STS26T.gene.low.txt: PSMG3,TPI1,ALDOA,NDC1,TAF1C,DPH3,DDX54,PSTK,RPP21,EIF4E 
DEBUG @ Mon, 17 Jul 2023 21:51:26: Column index:3 
INFO  @ Mon, 17 Jul 2023 21:51:26: Loading top 10 genes from STS26T.gene.high.txt: Non-Targeting-Control,KCTD5,ARIH2,CAB39,KEAP1,FRYL,FRMD6,CBFB,TAOK1,TFAP2C 
DEBUG @ Mon, 17 Jul 2023 21:51:26: Column index:9 
INFO  @ Mon, 17 Jul 2023 21:51:27: Running command: rm STS26T.plow.txt 
INFO  @ Mon, 17 Jul 2023 21:51:27: Running command: rm STS26T.phigh.txt 
INFO  @ Mon, 17 Jul 2023 21:51:27: Running command: rm STS26T.gene.low.txt 
INFO  @ Mon, 17 Jul 2023 21:51:27: Running command: rm STS26T.gene.high.txt 
