INFO  @ Tue, 29 Nov 2022 21:18:06: Parameters: /home/largaesp/stehn007/.conda/envs/mageckenv/bin/mageck mle -k /home/largaesp/stehn007/synthetic_lethal/counts/synthetic_lethal.count.txt -d /home/largaesp/stehn007/synthetic_lethal/syn_lethal_design.txt -n synthetic_lethal 
INFO  @ Tue, 29 Nov 2022 21:18:07: Cannot parse design matrix as a string; try to parse it as a file name ... 
INFO  @ Tue, 29 Nov 2022 21:18:07: Design matrix: 
INFO  @ Tue, 29 Nov 2022 21:18:07: [[1. 0. 0. 0. 0. 0. 0.] 
INFO  @ Tue, 29 Nov 2022 21:18:07:  [1. 0. 1. 0. 0. 0. 0.] 
INFO  @ Tue, 29 Nov 2022 21:18:07:  [1. 1. 0. 0. 0. 0. 0.] 
INFO  @ Tue, 29 Nov 2022 21:18:07:  [1. 0. 0. 0. 0. 0. 0.] 
INFO  @ Tue, 29 Nov 2022 21:18:07:  [1. 0. 0. 0. 1. 0. 0.] 
INFO  @ Tue, 29 Nov 2022 21:18:07:  [1. 0. 0. 1. 0. 0. 0.] 
INFO  @ Tue, 29 Nov 2022 21:18:07:  [1. 0. 0. 0. 0. 0. 0.] 
INFO  @ Tue, 29 Nov 2022 21:18:07:  [1. 0. 0. 0. 0. 0. 1.] 
INFO  @ Tue, 29 Nov 2022 21:18:07:  [1. 0. 0. 0. 0. 1. 0.]] 
INFO  @ Tue, 29 Nov 2022 21:18:07: Beta labels:baseline,ipn1L_final,ipn1L_middle,ipn2J_final,ipn2J_middle,ipn3D_final,ipn3D_middle 
INFO  @ Tue, 29 Nov 2022 21:18:07: Included samples:ipn1L.initial,ipn1L.middle,ipn1L.final,ipn2J.initial,ipn2J.middle,ipn2J.final,ipn3D.initial,ipn3D.middle,ipn3D.final 
INFO  @ Tue, 29 Nov 2022 21:18:07: Loaded samples:ipn1L.initial;ipn1L.middle;ipn1L.final;ipn2J.initial;ipn2J.middle;ipn2J.final;ipn3D.initial;ipn3D.middle;ipn3D.final 
INFO  @ Tue, 29 Nov 2022 21:18:07: Sample index: 2;4;3;5;1;6;7;0;8 
INFO  @ Tue, 29 Nov 2022 21:18:08: Loaded 19113 genes. 
DEBUG @ Tue, 29 Nov 2022 21:18:09: Initial (total) size factor: 0.7942441180663768 1.0052533471967986 0.9165508796513009 1.324158471192767 0.8577178030338494 1.1803262112857087 1.1121917111854218 0.9241534607328079 1.1042175326549954 
DEBUG @ Tue, 29 Nov 2022 21:18:12: Median factor: 0.5894786247630733 1.092372951498394 2.088706790101076 1.0091019131226184 0.8772041096542303 1.9805298718292998 0.827151551778575 0.7407318313896293 1.1069358572230397 
INFO  @ Tue, 29 Nov 2022 21:18:12: Final size factor: 0.5894786247630733 1.092372951498394 2.088706790101076 1.0091019131226184 0.8772041096542303 1.9805298718292998 0.827151551778575 0.7407318313896293 1.1069358572230397 
INFO  @ Tue, 29 Nov 2022 21:18:12: size factor: 1.6964143532802836,0.9154382655010935,0.4787651405832833,0.9909801844548555,1.1399855392767966,0.5049153836171925,1.208968293476279,1.350016237487699,0.9033947120555759 
INFO  @ Tue, 29 Nov 2022 21:18:12: Thread 0 started. 
INFO  @ Tue, 29 Nov 2022 21:18:12: Thread 0: total 1 instances. 
INFO  @ Tue, 29 Nov 2022 21:18:12: Thread 0 completed. 
INFO  @ Tue, 29 Nov 2022 21:18:12: All threads completed. 
INFO  @ Tue, 29 Nov 2022 21:18:12: Modeling the mean and variance ... 
INFO  @ Tue, 29 Nov 2022 21:18:12: Run the algorithm for the second time ... 
INFO  @ Tue, 29 Nov 2022 21:18:12: Skipping gene Non-Targeting-Control from MLE calculation since there are too many sgRNAs. To change, revise the --max-sgrnapergene-permutation option. 
INFO  @ Tue, 29 Nov 2022 21:18:12: Thread 0 started. 
INFO  @ Tue, 29 Nov 2022 21:18:12: Thread 0: total 19112 instances. 
INFO  @ Tue, 29 Nov 2022 21:18:12: Thread 0: Calculating DUSP28 (1) ...  
INFO  @ Tue, 29 Nov 2022 21:18:21: Thread 0: Calculating CYFIP2 (1001) ...  
INFO  @ Tue, 29 Nov 2022 21:18:29: Thread 0: Calculating OR9Q2 (2001) ...  
INFO  @ Tue, 29 Nov 2022 21:18:37: Thread 0: Calculating APC2 (3001) ...  
INFO  @ Tue, 29 Nov 2022 21:18:45: Thread 0: Calculating METTL6 (4001) ...  
INFO  @ Tue, 29 Nov 2022 21:18:53: Thread 0: Calculating CRYGN (5001) ...  
INFO  @ Tue, 29 Nov 2022 21:19:01: Thread 0: Calculating ZNF625 (6001) ...  
INFO  @ Tue, 29 Nov 2022 21:19:09: Thread 0: Calculating CYSLTR2 (7001) ...  
INFO  @ Tue, 29 Nov 2022 21:19:17: Thread 0: Calculating CAV2 (8001) ...  
INFO  @ Tue, 29 Nov 2022 21:19:25: Thread 0: Calculating PRR21 (9001) ...  
INFO  @ Tue, 29 Nov 2022 21:19:33: Thread 0: Calculating LYVE1 (10001) ...  
INFO  @ Tue, 29 Nov 2022 21:19:41: Thread 0: Calculating ADAM22 (11001) ...  
INFO  @ Tue, 29 Nov 2022 21:19:49: Thread 0: Calculating SH3BGR (12001) ...  
INFO  @ Tue, 29 Nov 2022 21:19:57: Thread 0: Calculating ZCCHC10 (13001) ...  
INFO  @ Tue, 29 Nov 2022 21:20:05: Thread 0: Calculating DNASE1 (14001) ...  
INFO  @ Tue, 29 Nov 2022 21:20:13: Thread 0: Calculating RNASEH2B (15001) ...  
INFO  @ Tue, 29 Nov 2022 21:20:21: Thread 0: Calculating ADGRG4 (16001) ...  
INFO  @ Tue, 29 Nov 2022 21:20:29: Thread 0: Calculating GUCA2A (17001) ...  
INFO  @ Tue, 29 Nov 2022 21:20:37: Thread 0: Calculating MT1M (18001) ...  
INFO  @ Tue, 29 Nov 2022 21:20:44: Thread 0: Calculating TM9SF2 (19001) ...  
INFO  @ Tue, 29 Nov 2022 21:20:45: Thread 0 completed. 
INFO  @ Tue, 29 Nov 2022 21:20:45: All threads completed. 
INFO  @ Tue, 29 Nov 2022 21:20:50: Permuting groups of gene with 1 sgRNAs per gene. Group progress: 1/5 
INFO  @ Tue, 29 Nov 2022 21:20:50: Start permuting 2 rounds ... 
INFO  @ Tue, 29 Nov 2022 21:20:50: Collecting 77441 sgRNAs from 19113 genes. 
INFO  @ Tue, 29 Nov 2022 21:20:52: Permuting round 0 ... 
INFO  @ Tue, 29 Nov 2022 21:20:53: Thread 0 started. 
INFO  @ Tue, 29 Nov 2022 21:20:53: Thread 0: total 19113 instances. 
INFO  @ Tue, 29 Nov 2022 21:20:53: Thread 0: Calculating DUSP28 (1) ...  
INFO  @ Tue, 29 Nov 2022 21:20:56: Thread 0: Calculating TRABD2A (1001) ...  
INFO  @ Tue, 29 Nov 2022 21:21:00: Thread 0: Calculating CA5A (2001) ...  
INFO  @ Tue, 29 Nov 2022 21:21:03: Thread 0: Calculating ADCK3 (3001) ...  
INFO  @ Tue, 29 Nov 2022 21:21:07: Thread 0: Calculating KLHL38 (4001) ...  
INFO  @ Tue, 29 Nov 2022 21:21:10: Thread 0: Calculating UGGT2 (5001) ...  
INFO  @ Tue, 29 Nov 2022 21:21:13: Thread 0: Calculating C5orf15 (6001) ...  
INFO  @ Tue, 29 Nov 2022 21:21:17: Thread 0: Calculating TMEM108 (7001) ...  
INFO  @ Tue, 29 Nov 2022 21:21:20: Thread 0: Calculating SOWAHA (8001) ...  
INFO  @ Tue, 29 Nov 2022 21:21:23: Thread 0: Calculating REXO1 (9001) ...  
INFO  @ Tue, 29 Nov 2022 21:21:27: Thread 0: Calculating CMPK2 (10001) ...  
INFO  @ Tue, 29 Nov 2022 21:21:30: Thread 0: Calculating BTC (11001) ...  
INFO  @ Tue, 29 Nov 2022 21:21:33: Thread 0: Calculating MLXIP (12001) ...  
INFO  @ Tue, 29 Nov 2022 21:21:37: Thread 0: Calculating OR5H1 (13001) ...  
INFO  @ Tue, 29 Nov 2022 21:21:40: Thread 0: Calculating FAM212B (14001) ...  
INFO  @ Tue, 29 Nov 2022 21:21:43: Thread 0: Calculating NXT1 (15001) ...  
INFO  @ Tue, 29 Nov 2022 21:21:47: Thread 0: Calculating ZNF678 (16001) ...  
INFO  @ Tue, 29 Nov 2022 21:21:50: Thread 0: Calculating FAM72D (17001) ...  
INFO  @ Tue, 29 Nov 2022 21:21:54: Thread 0: Calculating ANKRD13A (18001) ...  
INFO  @ Tue, 29 Nov 2022 21:21:57: Thread 0: Calculating XRCC6 (19001) ...  
INFO  @ Tue, 29 Nov 2022 21:21:57: Thread 0 completed. 
INFO  @ Tue, 29 Nov 2022 21:21:57: All threads completed. 
INFO  @ Tue, 29 Nov 2022 21:22:02: Permuting round 1 ... 
INFO  @ Tue, 29 Nov 2022 21:22:03: Thread 0 started. 
INFO  @ Tue, 29 Nov 2022 21:22:03: Thread 0: total 19113 instances. 
INFO  @ Tue, 29 Nov 2022 21:22:03: Thread 0: Calculating DUSP28 (1) ...  
INFO  @ Tue, 29 Nov 2022 21:22:06: Thread 0: Calculating TRABD2A (1001) ...  
INFO  @ Tue, 29 Nov 2022 21:22:10: Thread 0: Calculating CA5A (2001) ...  
INFO  @ Tue, 29 Nov 2022 21:22:13: Thread 0: Calculating ADCK3 (3001) ...  
INFO  @ Tue, 29 Nov 2022 21:22:17: Thread 0: Calculating KLHL38 (4001) ...  
INFO  @ Tue, 29 Nov 2022 21:22:20: Thread 0: Calculating UGGT2 (5001) ...  
INFO  @ Tue, 29 Nov 2022 21:22:23: Thread 0: Calculating C5orf15 (6001) ...  
INFO  @ Tue, 29 Nov 2022 21:22:27: Thread 0: Calculating TMEM108 (7001) ...  
INFO  @ Tue, 29 Nov 2022 21:22:30: Thread 0: Calculating SOWAHA (8001) ...  
INFO  @ Tue, 29 Nov 2022 21:22:33: Thread 0: Calculating REXO1 (9001) ...  
INFO  @ Tue, 29 Nov 2022 21:22:37: Thread 0: Calculating CMPK2 (10001) ...  
INFO  @ Tue, 29 Nov 2022 21:22:41: Thread 0: Calculating BTC (11001) ...  
INFO  @ Tue, 29 Nov 2022 21:22:44: Thread 0: Calculating MLXIP (12001) ...  
INFO  @ Tue, 29 Nov 2022 21:22:47: Thread 0: Calculating OR5H1 (13001) ...  
INFO  @ Tue, 29 Nov 2022 21:22:51: Thread 0: Calculating FAM212B (14001) ...  
INFO  @ Tue, 29 Nov 2022 21:22:54: Thread 0: Calculating NXT1 (15001) ...  
INFO  @ Tue, 29 Nov 2022 21:22:57: Thread 0: Calculating ZNF678 (16001) ...  
INFO  @ Tue, 29 Nov 2022 21:23:00: Thread 0: Calculating FAM72D (17001) ...  
INFO  @ Tue, 29 Nov 2022 21:23:04: Thread 0: Calculating ANKRD13A (18001) ...  
INFO  @ Tue, 29 Nov 2022 21:23:07: Thread 0: Calculating XRCC6 (19001) ...  
INFO  @ Tue, 29 Nov 2022 21:23:08: Thread 0 completed. 
INFO  @ Tue, 29 Nov 2022 21:23:08: All threads completed. 
INFO  @ Tue, 29 Nov 2022 21:23:13: Assigning p values... 
INFO  @ Tue, 29 Nov 2022 21:23:13: Permuting groups of gene with 2 sgRNAs per gene. Group progress: 2/5 
INFO  @ Tue, 29 Nov 2022 21:23:13: Start permuting 2 rounds ... 
INFO  @ Tue, 29 Nov 2022 21:23:13: Collecting 77441 sgRNAs from 19113 genes. 
INFO  @ Tue, 29 Nov 2022 21:23:15: Permuting round 0 ... 
INFO  @ Tue, 29 Nov 2022 21:23:15: Thread 0 started. 
INFO  @ Tue, 29 Nov 2022 21:23:15: Thread 0: total 19113 instances. 
INFO  @ Tue, 29 Nov 2022 21:23:15: Thread 0: Calculating DUSP28 (1) ...  
INFO  @ Tue, 29 Nov 2022 21:23:23: Thread 0: Calculating TRABD2A (1001) ...  
INFO  @ Tue, 29 Nov 2022 21:23:30: Thread 0: Calculating CA5A (2001) ...  
INFO  @ Tue, 29 Nov 2022 21:23:38: Thread 0: Calculating ADCK3 (3001) ...  
INFO  @ Tue, 29 Nov 2022 21:23:45: Thread 0: Calculating KLHL38 (4001) ...  
INFO  @ Tue, 29 Nov 2022 21:23:52: Thread 0: Calculating UGGT2 (5001) ...  
INFO  @ Tue, 29 Nov 2022 21:23:59: Thread 0: Calculating C5orf15 (6001) ...  
INFO  @ Tue, 29 Nov 2022 21:24:06: Thread 0: Calculating TMEM108 (7001) ...  
INFO  @ Tue, 29 Nov 2022 21:24:13: Thread 0: Calculating SOWAHA (8001) ...  
INFO  @ Tue, 29 Nov 2022 21:24:20: Thread 0: Calculating REXO1 (9001) ...  
INFO  @ Tue, 29 Nov 2022 21:24:27: Thread 0: Calculating CMPK2 (10001) ...  
INFO  @ Tue, 29 Nov 2022 21:24:34: Thread 0: Calculating BTC (11001) ...  
INFO  @ Tue, 29 Nov 2022 21:24:41: Thread 0: Calculating MLXIP (12001) ...  
INFO  @ Tue, 29 Nov 2022 21:24:48: Thread 0: Calculating OR5H1 (13001) ...  
INFO  @ Tue, 29 Nov 2022 21:24:55: Thread 0: Calculating FAM212B (14001) ...  
INFO  @ Tue, 29 Nov 2022 21:25:02: Thread 0: Calculating NXT1 (15001) ...  
INFO  @ Tue, 29 Nov 2022 21:25:09: Thread 0: Calculating ZNF678 (16001) ...  
INFO  @ Tue, 29 Nov 2022 21:25:16: Thread 0: Calculating FAM72D (17001) ...  
INFO  @ Tue, 29 Nov 2022 21:25:23: Thread 0: Calculating ANKRD13A (18001) ...  
INFO  @ Tue, 29 Nov 2022 21:25:30: Thread 0: Calculating XRCC6 (19001) ...  
INFO  @ Tue, 29 Nov 2022 21:25:31: Thread 0 completed. 
INFO  @ Tue, 29 Nov 2022 21:25:31: All threads completed. 
INFO  @ Tue, 29 Nov 2022 21:25:36: Permuting round 1 ... 
INFO  @ Tue, 29 Nov 2022 21:25:36: Thread 0 started. 
INFO  @ Tue, 29 Nov 2022 21:25:36: Thread 0: total 19113 instances. 
INFO  @ Tue, 29 Nov 2022 21:25:36: Thread 0: Calculating DUSP28 (1) ...  
INFO  @ Tue, 29 Nov 2022 21:25:44: Thread 0: Calculating TRABD2A (1001) ...  
INFO  @ Tue, 29 Nov 2022 21:25:51: Thread 0: Calculating CA5A (2001) ...  
INFO  @ Tue, 29 Nov 2022 21:25:58: Thread 0: Calculating ADCK3 (3001) ...  
INFO  @ Tue, 29 Nov 2022 21:26:05: Thread 0: Calculating KLHL38 (4001) ...  
INFO  @ Tue, 29 Nov 2022 21:26:12: Thread 0: Calculating UGGT2 (5001) ...  
INFO  @ Tue, 29 Nov 2022 21:26:19: Thread 0: Calculating C5orf15 (6001) ...  
INFO  @ Tue, 29 Nov 2022 21:26:26: Thread 0: Calculating TMEM108 (7001) ...  
INFO  @ Tue, 29 Nov 2022 21:26:33: Thread 0: Calculating SOWAHA (8001) ...  
INFO  @ Tue, 29 Nov 2022 21:26:40: Thread 0: Calculating REXO1 (9001) ...  
INFO  @ Tue, 29 Nov 2022 21:26:47: Thread 0: Calculating CMPK2 (10001) ...  
INFO  @ Tue, 29 Nov 2022 21:26:54: Thread 0: Calculating BTC (11001) ...  
INFO  @ Tue, 29 Nov 2022 21:27:01: Thread 0: Calculating MLXIP (12001) ...  
INFO  @ Tue, 29 Nov 2022 21:27:09: Thread 0: Calculating OR5H1 (13001) ...  
INFO  @ Tue, 29 Nov 2022 21:27:16: Thread 0: Calculating FAM212B (14001) ...  
INFO  @ Tue, 29 Nov 2022 21:27:23: Thread 0: Calculating NXT1 (15001) ...  
INFO  @ Tue, 29 Nov 2022 21:27:30: Thread 0: Calculating ZNF678 (16001) ...  
INFO  @ Tue, 29 Nov 2022 21:27:37: Thread 0: Calculating FAM72D (17001) ...  
INFO  @ Tue, 29 Nov 2022 21:27:44: Thread 0: Calculating ANKRD13A (18001) ...  
INFO  @ Tue, 29 Nov 2022 21:27:51: Thread 0: Calculating XRCC6 (19001) ...  
INFO  @ Tue, 29 Nov 2022 21:27:52: Thread 0 completed. 
INFO  @ Tue, 29 Nov 2022 21:27:52: All threads completed. 
INFO  @ Tue, 29 Nov 2022 21:27:57: Assigning p values... 
INFO  @ Tue, 29 Nov 2022 21:27:57: Permuting groups of gene with 4 sgRNAs per gene. Group progress: 3/5 
INFO  @ Tue, 29 Nov 2022 21:27:57: Start permuting 2 rounds ... 
INFO  @ Tue, 29 Nov 2022 21:27:58: Collecting 77441 sgRNAs from 19113 genes. 
INFO  @ Tue, 29 Nov 2022 21:28:00: Permuting round 0 ... 
INFO  @ Tue, 29 Nov 2022 21:28:00: Thread 0 started. 
INFO  @ Tue, 29 Nov 2022 21:28:00: Thread 0: total 19113 instances. 
INFO  @ Tue, 29 Nov 2022 21:28:00: Thread 0: Calculating DUSP28 (1) ...  
INFO  @ Tue, 29 Nov 2022 21:28:09: Thread 0: Calculating TRABD2A (1001) ...  
INFO  @ Tue, 29 Nov 2022 21:28:18: Thread 0: Calculating CA5A (2001) ...  
INFO  @ Tue, 29 Nov 2022 21:28:27: Thread 0: Calculating ADCK3 (3001) ...  
INFO  @ Tue, 29 Nov 2022 21:28:36: Thread 0: Calculating KLHL38 (4001) ...  
INFO  @ Tue, 29 Nov 2022 21:28:45: Thread 0: Calculating UGGT2 (5001) ...  
INFO  @ Tue, 29 Nov 2022 21:28:54: Thread 0: Calculating C5orf15 (6001) ...  
INFO  @ Tue, 29 Nov 2022 21:29:02: Thread 0: Calculating TMEM108 (7001) ...  
INFO  @ Tue, 29 Nov 2022 21:29:11: Thread 0: Calculating SOWAHA (8001) ...  
INFO  @ Tue, 29 Nov 2022 21:29:20: Thread 0: Calculating REXO1 (9001) ...  
INFO  @ Tue, 29 Nov 2022 21:29:29: Thread 0: Calculating CMPK2 (10001) ...  
INFO  @ Tue, 29 Nov 2022 21:29:38: Thread 0: Calculating BTC (11001) ...  
INFO  @ Tue, 29 Nov 2022 21:29:47: Thread 0: Calculating MLXIP (12001) ...  
INFO  @ Tue, 29 Nov 2022 21:29:55: Thread 0: Calculating OR5H1 (13001) ...  
INFO  @ Tue, 29 Nov 2022 21:30:04: Thread 0: Calculating FAM212B (14001) ...  
INFO  @ Tue, 29 Nov 2022 21:30:13: Thread 0: Calculating NXT1 (15001) ...  
INFO  @ Tue, 29 Nov 2022 21:30:22: Thread 0: Calculating ZNF678 (16001) ...  
INFO  @ Tue, 29 Nov 2022 21:30:30: Thread 0: Calculating FAM72D (17001) ...  
INFO  @ Tue, 29 Nov 2022 21:30:39: Thread 0: Calculating ANKRD13A (18001) ...  
INFO  @ Tue, 29 Nov 2022 21:30:48: Thread 0: Calculating XRCC6 (19001) ...  
INFO  @ Tue, 29 Nov 2022 21:30:49: Thread 0 completed. 
INFO  @ Tue, 29 Nov 2022 21:30:49: All threads completed. 
INFO  @ Tue, 29 Nov 2022 21:30:54: Permuting round 1 ... 
INFO  @ Tue, 29 Nov 2022 21:30:55: Thread 0 started. 
INFO  @ Tue, 29 Nov 2022 21:30:55: Thread 0: total 19113 instances. 
INFO  @ Tue, 29 Nov 2022 21:30:55: Thread 0: Calculating DUSP28 (1) ...  
INFO  @ Tue, 29 Nov 2022 21:31:05: Thread 0: Calculating TRABD2A (1001) ...  
INFO  @ Tue, 29 Nov 2022 21:31:14: Thread 0: Calculating CA5A (2001) ...  
INFO  @ Tue, 29 Nov 2022 21:31:23: Thread 0: Calculating ADCK3 (3001) ...  
INFO  @ Tue, 29 Nov 2022 21:31:32: Thread 0: Calculating KLHL38 (4001) ...  
INFO  @ Tue, 29 Nov 2022 21:31:41: Thread 0: Calculating UGGT2 (5001) ...  
INFO  @ Tue, 29 Nov 2022 21:31:49: Thread 0: Calculating C5orf15 (6001) ...  
INFO  @ Tue, 29 Nov 2022 21:31:58: Thread 0: Calculating TMEM108 (7001) ...  
INFO  @ Tue, 29 Nov 2022 21:32:07: Thread 0: Calculating SOWAHA (8001) ...  
INFO  @ Tue, 29 Nov 2022 21:32:16: Thread 0: Calculating REXO1 (9001) ...  
INFO  @ Tue, 29 Nov 2022 21:32:25: Thread 0: Calculating CMPK2 (10001) ...  
INFO  @ Tue, 29 Nov 2022 21:32:34: Thread 0: Calculating BTC (11001) ...  
INFO  @ Tue, 29 Nov 2022 21:32:43: Thread 0: Calculating MLXIP (12001) ...  
INFO  @ Tue, 29 Nov 2022 21:32:52: Thread 0: Calculating OR5H1 (13001) ...  
INFO  @ Tue, 29 Nov 2022 21:33:01: Thread 0: Calculating FAM212B (14001) ...  
INFO  @ Tue, 29 Nov 2022 21:33:09: Thread 0: Calculating NXT1 (15001) ...  
INFO  @ Tue, 29 Nov 2022 21:33:18: Thread 0: Calculating ZNF678 (16001) ...  
INFO  @ Tue, 29 Nov 2022 21:33:27: Thread 0: Calculating FAM72D (17001) ...  
INFO  @ Tue, 29 Nov 2022 21:33:36: Thread 0: Calculating ANKRD13A (18001) ...  
INFO  @ Tue, 29 Nov 2022 21:33:45: Thread 0: Calculating XRCC6 (19001) ...  
INFO  @ Tue, 29 Nov 2022 21:33:46: Thread 0 completed. 
INFO  @ Tue, 29 Nov 2022 21:33:46: All threads completed. 
INFO  @ Tue, 29 Nov 2022 21:33:51: Assigning p values... 
INFO  @ Tue, 29 Nov 2022 21:34:45: Permuting groups of gene with 8 sgRNAs per gene. Group progress: 4/5 
INFO  @ Tue, 29 Nov 2022 21:34:45: Start permuting 2 rounds ... 
INFO  @ Tue, 29 Nov 2022 21:34:45: Collecting 77441 sgRNAs from 19113 genes. 
INFO  @ Tue, 29 Nov 2022 21:34:47: Permuting round 0 ... 
INFO  @ Tue, 29 Nov 2022 21:34:48: Thread 0 started. 
INFO  @ Tue, 29 Nov 2022 21:34:48: Thread 0: total 19113 instances. 
INFO  @ Tue, 29 Nov 2022 21:34:48: Thread 0: Calculating DUSP28 (1) ...  
INFO  @ Tue, 29 Nov 2022 21:35:00: Thread 0: Calculating TRABD2A (1001) ...  
INFO  @ Tue, 29 Nov 2022 21:35:11: Thread 0: Calculating CA5A (2001) ...  
INFO  @ Tue, 29 Nov 2022 21:35:22: Thread 0: Calculating ADCK3 (3001) ...  
INFO  @ Tue, 29 Nov 2022 21:35:34: Thread 0: Calculating KLHL38 (4001) ...  
INFO  @ Tue, 29 Nov 2022 21:35:45: Thread 0: Calculating UGGT2 (5001) ...  
INFO  @ Tue, 29 Nov 2022 21:35:56: Thread 0: Calculating C5orf15 (6001) ...  
INFO  @ Tue, 29 Nov 2022 21:36:07: Thread 0: Calculating TMEM108 (7001) ...  
INFO  @ Tue, 29 Nov 2022 21:36:18: Thread 0: Calculating SOWAHA (8001) ...  
INFO  @ Tue, 29 Nov 2022 21:36:29: Thread 0: Calculating REXO1 (9001) ...  
INFO  @ Tue, 29 Nov 2022 21:36:40: Thread 0: Calculating CMPK2 (10001) ...  
INFO  @ Tue, 29 Nov 2022 21:36:51: Thread 0: Calculating BTC (11001) ...  
INFO  @ Tue, 29 Nov 2022 21:37:02: Thread 0: Calculating MLXIP (12001) ...  
INFO  @ Tue, 29 Nov 2022 21:37:13: Thread 0: Calculating OR5H1 (13001) ...  
INFO  @ Tue, 29 Nov 2022 21:37:25: Thread 0: Calculating FAM212B (14001) ...  
INFO  @ Tue, 29 Nov 2022 21:37:36: Thread 0: Calculating NXT1 (15001) ...  
INFO  @ Tue, 29 Nov 2022 21:37:47: Thread 0: Calculating ZNF678 (16001) ...  
INFO  @ Tue, 29 Nov 2022 21:37:58: Thread 0: Calculating FAM72D (17001) ...  
INFO  @ Tue, 29 Nov 2022 21:38:09: Thread 0: Calculating ANKRD13A (18001) ...  
INFO  @ Tue, 29 Nov 2022 21:38:20: Thread 0: Calculating XRCC6 (19001) ...  
INFO  @ Tue, 29 Nov 2022 21:38:22: Thread 0 completed. 
INFO  @ Tue, 29 Nov 2022 21:38:22: All threads completed. 
INFO  @ Tue, 29 Nov 2022 21:38:28: Permuting round 1 ... 
INFO  @ Tue, 29 Nov 2022 21:38:28: Thread 0 started. 
INFO  @ Tue, 29 Nov 2022 21:38:28: Thread 0: total 19113 instances. 
INFO  @ Tue, 29 Nov 2022 21:38:29: Thread 0: Calculating DUSP28 (1) ...  
INFO  @ Tue, 29 Nov 2022 21:38:40: Thread 0: Calculating TRABD2A (1001) ...  
INFO  @ Tue, 29 Nov 2022 21:38:52: Thread 0: Calculating CA5A (2001) ...  
INFO  @ Tue, 29 Nov 2022 21:39:03: Thread 0: Calculating ADCK3 (3001) ...  
INFO  @ Tue, 29 Nov 2022 21:39:15: Thread 0: Calculating KLHL38 (4001) ...  
INFO  @ Tue, 29 Nov 2022 21:39:26: Thread 0: Calculating UGGT2 (5001) ...  
INFO  @ Tue, 29 Nov 2022 21:39:38: Thread 0: Calculating C5orf15 (6001) ...  
INFO  @ Tue, 29 Nov 2022 21:39:49: Thread 0: Calculating TMEM108 (7001) ...  
INFO  @ Tue, 29 Nov 2022 21:40:00: Thread 0: Calculating SOWAHA (8001) ...  
INFO  @ Tue, 29 Nov 2022 21:40:12: Thread 0: Calculating REXO1 (9001) ...  
INFO  @ Tue, 29 Nov 2022 21:40:23: Thread 0: Calculating CMPK2 (10001) ...  
INFO  @ Tue, 29 Nov 2022 21:40:34: Thread 0: Calculating BTC (11001) ...  
INFO  @ Tue, 29 Nov 2022 21:40:46: Thread 0: Calculating MLXIP (12001) ...  
INFO  @ Tue, 29 Nov 2022 21:40:58: Thread 0: Calculating OR5H1 (13001) ...  
INFO  @ Tue, 29 Nov 2022 21:41:09: Thread 0: Calculating FAM212B (14001) ...  
INFO  @ Tue, 29 Nov 2022 21:41:21: Thread 0: Calculating NXT1 (15001) ...  
INFO  @ Tue, 29 Nov 2022 21:41:32: Thread 0: Calculating ZNF678 (16001) ...  
INFO  @ Tue, 29 Nov 2022 21:41:43: Thread 0: Calculating FAM72D (17001) ...  
INFO  @ Tue, 29 Nov 2022 21:41:55: Thread 0: Calculating ANKRD13A (18001) ...  
INFO  @ Tue, 29 Nov 2022 21:42:07: Thread 0: Calculating XRCC6 (19001) ...  
INFO  @ Tue, 29 Nov 2022 21:42:08: Thread 0 completed. 
INFO  @ Tue, 29 Nov 2022 21:42:08: All threads completed. 
INFO  @ Tue, 29 Nov 2022 21:42:14: Assigning p values... 
INFO  @ Tue, 29 Nov 2022 21:42:15: Groups of gene with 1000 sgRNAs per gene: assigning p values based on previous group results. Group progress: 5/5 
INFO  @ Tue, 29 Nov 2022 21:42:17: Writing gene results to synthetic_lethal.gene_summary.txt 
INFO  @ Tue, 29 Nov 2022 21:42:17: Writing sgRNA results to synthetic_lethal.sgrna_summary.txt 
