INFO  @ Mon, 30 Jan 2023 10:48:48: Parameters: /home/largaesp/stehn007/.conda/envs/mageckenv/bin/mageck test -k counts/MPNST.count.txt -t STS26T_Final -c STS26T_Initial -n STS26T --control-sgrna ../broadgpp-brunello-controls.txt 
INFO  @ Mon, 30 Jan 2023 10:48:48: Welcome to MAGeCK v0.5.9.2. Command: test 
INFO  @ Mon, 30 Jan 2023 10:48:48: Loading count table from counts/MPNST.count.txt  
INFO  @ Mon, 30 Jan 2023 10:48:48: Processing 1 lines.. 
DEBUG @ Mon, 30 Jan 2023 10:48:48: Parsing error in line 1 (usually the header line). Skip this line. 
INFO  @ Mon, 30 Jan 2023 10:48:48: Loaded 77441 records. 
INFO  @ Mon, 30 Jan 2023 10:48:48: Loading R template file: /home/largaesp/stehn007/.conda/envs/mageckenv/lib/python3.7/site-packages/mageck/plot_template.RTemplate. 
INFO  @ Mon, 30 Jan 2023 10:48:48: Loading R template file: /home/largaesp/stehn007/.conda/envs/mageckenv/lib/python3.7/site-packages/mageck/plot_template_indvgene.RTemplate. 
INFO  @ Mon, 30 Jan 2023 10:48:48: Loading Rnw template file: /home/largaesp/stehn007/.conda/envs/mageckenv/lib/python3.7/site-packages/mageck/plot_template.Rnw. 
DEBUG @ Mon, 30 Jan 2023 10:48:48: Setting up the visualization module... 
DEBUG @ Mon, 30 Jan 2023 10:48:48: Given sample labels: STS26T_Final 
DEBUG @ Mon, 30 Jan 2023 10:48:48: Converted index: 2 
INFO  @ Mon, 30 Jan 2023 10:48:48: Treatment samples:STS26T_Final 
INFO  @ Mon, 30 Jan 2023 10:48:48: Treatment sample index:2 
DEBUG @ Mon, 30 Jan 2023 10:48:48: Given sample labels: STS26T_Initial 
DEBUG @ Mon, 30 Jan 2023 10:48:48: Converted index: 3 
INFO  @ Mon, 30 Jan 2023 10:48:48: Control samples:STS26T_Initial 
INFO  @ Mon, 30 Jan 2023 10:48:48: Control sample index:3 
DEBUG @ Mon, 30 Jan 2023 10:48:48: Initial (total) size factor: 1.0106556091898213 0.989566736369814 
DEBUG @ Mon, 30 Jan 2023 10:48:49: Median factor: 1.0082522757748837 0.995315774876061 
INFO  @ Mon, 30 Jan 2023 10:48:49: Final size factor: 1.0082522757748837 0.995315774876061 
INFO  @ Mon, 30 Jan 2023 10:48:50: Detecting outliers from variance estimation.. Avg read count:[651.3338618265245], Var: [217992.03032787287] 
INFO  @ Mon, 30 Jan 2023 10:48:50: Skipping 167 sgRNAs from variance calculation because of their extreme high counts (> 4* STD (mean counts) ). 
DEBUG @ Mon, 30 Jan 2023 10:48:50: Adjusted model: 1.1685730866956505	2.4143093393443915 
INFO  @ Mon, 30 Jan 2023 10:48:51: Before RRA, 156 sgRNAs are removed with zero counts in both group(s). 
INFO  @ Mon, 30 Jan 2023 10:48:51: Use qnorm to reversely calculate sgRNA scores ... 
DEBUG @ Mon, 30 Jan 2023 10:48:53: lower test FDR cutoff: 0.3631364430355179 
DEBUG @ Mon, 30 Jan 2023 10:48:54: higher test FDR cutoff: 0.36575014556511615 
INFO  @ Mon, 30 Jan 2023 10:48:54: Running command: RRA -i STS26T.plow.txt -o STS26T.gene.low.txt -p 0.3631364430355179 --control ../broadgpp-brunello-controls.txt --skip-gene NA --skip-gene na  
INFO  @ Mon, 30 Jan 2023 10:49:02: Command message: 
INFO  @ Mon, 30 Jan 2023 10:49:02:   Welcome to RRA v 0.5.9. 
INFO  @ Mon, 30 Jan 2023 10:49:02:   1001 control sequences loaded. 
INFO  @ Mon, 30 Jan 2023 10:49:02:   Skipping gene NA for permutation ... 
INFO  @ Mon, 30 Jan 2023 10:49:02:   Skipping gene na for permutation ... 
INFO  @ Mon, 30 Jan 2023 10:49:02:   Reading input file... 
INFO  @ Mon, 30 Jan 2023 10:49:02:   Summary: 77285 sgRNAs, 19113 genes, 1 lists; skipped sgRNAs:0 
INFO  @ Mon, 30 Jan 2023 10:49:02:   Computing lo-values for each group... 
INFO  @ Mon, 30 Jan 2023 10:49:02:   Skipping gene Non-Targeting-Control for permutation ... 
INFO  @ Mon, 30 Jan 2023 10:49:02:   Warning: sgRNA  not found in the ranked list.  
INFO  @ Mon, 30 Jan 2023 10:49:02:   Warning: sgRNA Non-Targeting-Control_76960_CTTTTCAGCTGAGACGTACG not found in the ranked list.  
INFO  @ Mon, 30 Jan 2023 10:49:02:   Computing false discovery rate... 
INFO  @ Mon, 30 Jan 2023 10:49:02:   Total # control sgRNAs: 999 
INFO  @ Mon, 30 Jan 2023 10:49:02:   Permuting genes with 1 sgRNAs... 
INFO  @ Mon, 30 Jan 2023 10:49:02:   Permuting genes with 2 sgRNAs... 
INFO  @ Mon, 30 Jan 2023 10:49:02:   Permuting genes with 3 sgRNAs... 
INFO  @ Mon, 30 Jan 2023 10:49:02:   Permuting genes with 4 sgRNAs... 
INFO  @ Mon, 30 Jan 2023 10:49:02:   Permuting genes with 8 sgRNAs... 
INFO  @ Mon, 30 Jan 2023 10:49:02:   Number of genes under FDR adjustment: 19113 
INFO  @ Mon, 30 Jan 2023 10:49:02:   Saving to output file... 
INFO  @ Mon, 30 Jan 2023 10:49:02:   Suppressing the output of gene Non-Targeting-Control since it is negative ontrol genes. 
INFO  @ Mon, 30 Jan 2023 10:49:02:   RRA completed. 
INFO  @ Mon, 30 Jan 2023 10:49:02:    
INFO  @ Mon, 30 Jan 2023 10:49:02: End command message. 
INFO  @ Mon, 30 Jan 2023 10:49:02: Running command: RRA -i STS26T.phigh.txt -o STS26T.gene.high.txt -p 0.36575014556511615 --control ../broadgpp-brunello-controls.txt --skip-gene NA --skip-gene na  
INFO  @ Mon, 30 Jan 2023 10:49:19: Command message: 
INFO  @ Mon, 30 Jan 2023 10:49:19:   Welcome to RRA v 0.5.9. 
INFO  @ Mon, 30 Jan 2023 10:49:19:   1001 control sequences loaded. 
INFO  @ Mon, 30 Jan 2023 10:49:19:   Skipping gene NA for permutation ... 
INFO  @ Mon, 30 Jan 2023 10:49:19:   Skipping gene na for permutation ... 
INFO  @ Mon, 30 Jan 2023 10:49:19:   Reading input file... 
INFO  @ Mon, 30 Jan 2023 10:49:19:   Summary: 77285 sgRNAs, 19113 genes, 1 lists; skipped sgRNAs:0 
INFO  @ Mon, 30 Jan 2023 10:49:19:   Computing lo-values for each group... 
INFO  @ Mon, 30 Jan 2023 10:49:19:   Skipping gene Non-Targeting-Control for permutation ... 
INFO  @ Mon, 30 Jan 2023 10:49:19:   Warning: sgRNA  not found in the ranked list.  
INFO  @ Mon, 30 Jan 2023 10:49:19:   Warning: sgRNA Non-Targeting-Control_76960_CTTTTCAGCTGAGACGTACG not found in the ranked list.  
INFO  @ Mon, 30 Jan 2023 10:49:19:   Computing false discovery rate... 
INFO  @ Mon, 30 Jan 2023 10:49:19:   Total # control sgRNAs: 999 
INFO  @ Mon, 30 Jan 2023 10:49:19:   Permuting genes with 1 sgRNAs... 
INFO  @ Mon, 30 Jan 2023 10:49:19:   Permuting genes with 2 sgRNAs... 
INFO  @ Mon, 30 Jan 2023 10:49:19:   Permuting genes with 3 sgRNAs... 
INFO  @ Mon, 30 Jan 2023 10:49:19:   Permuting genes with 4 sgRNAs... 
INFO  @ Mon, 30 Jan 2023 10:49:19:   Permuting genes with 8 sgRNAs... 
INFO  @ Mon, 30 Jan 2023 10:49:19:   Number of genes under FDR adjustment: 19113 
INFO  @ Mon, 30 Jan 2023 10:49:19:   Saving to output file... 
INFO  @ Mon, 30 Jan 2023 10:49:19:   Suppressing the output of gene Non-Targeting-Control since it is negative ontrol genes. 
INFO  @ Mon, 30 Jan 2023 10:49:19:   RRA completed. 
INFO  @ Mon, 30 Jan 2023 10:49:19:    
INFO  @ Mon, 30 Jan 2023 10:49:19: End command message. 
DEBUG @ Mon, 30 Jan 2023 10:49:19: Sorting the merged items by negative selection... 
INFO  @ Mon, 30 Jan 2023 10:49:19: Loading top 10 genes from STS26T.gene.low.txt: PSMG3,TPI1,ALDOA,NDC1,TAF1C,DPH3,EIF4E,POLR3K,PRMT1,RPP21 
DEBUG @ Mon, 30 Jan 2023 10:49:19: Column index:3 
INFO  @ Mon, 30 Jan 2023 10:49:21: Loading top 10 genes from STS26T.gene.high.txt: KCTD5,ARIH2,CAB39,KEAP1,CBFB,FRYL,TAOK1,FRMD6,TFAP2C,SMARCD1 
DEBUG @ Mon, 30 Jan 2023 10:49:21: Column index:9 
INFO  @ Mon, 30 Jan 2023 10:49:21: Running command: rm STS26T.plow.txt 
INFO  @ Mon, 30 Jan 2023 10:49:21: Running command: rm STS26T.phigh.txt 
INFO  @ Mon, 30 Jan 2023 10:49:21: Running command: rm STS26T.gene.low.txt 
INFO  @ Mon, 30 Jan 2023 10:49:21: Running command: rm STS26T.gene.high.txt 
