INFO  @ Wed, 01 Feb 2023 17:00:41: Parameters: /home/largaesp/stehn007/.conda/envs/mageckenv/bin/mageck mle -k /home/largaesp/stehn007/synthetic_lethal/MPNSTs/counts/MPNST.count.txt -d /home/largaesp/stehn007/synthetic_lethal/MPNSTs/counts/MPNST_design.txt -n MPNST_mle 
INFO  @ Wed, 01 Feb 2023 17:00:42: Cannot parse design matrix as a string; try to parse it as a file name ... 
INFO  @ Wed, 01 Feb 2023 17:00:42: Design matrix: 
INFO  @ Wed, 01 Feb 2023 17:00:42: [[1. 1. 0.] 
INFO  @ Wed, 01 Feb 2023 17:00:42:  [1. 0. 0.] 
INFO  @ Wed, 01 Feb 2023 17:00:42:  [1. 0. 1.] 
INFO  @ Wed, 01 Feb 2023 17:00:42:  [1. 0. 0.]] 
INFO  @ Wed, 01 Feb 2023 17:00:42: Beta labels:baseline,ST88-14_final,STS26T_final 
INFO  @ Wed, 01 Feb 2023 17:00:42: Included samples:ST88-14_Final,ST88-14_Initial,STS26T_Final,STS26T_Initial 
INFO  @ Wed, 01 Feb 2023 17:00:42: Loaded samples:ST88-14_Final;ST88-14_Initial;STS26T_Final;STS26T_Initial 
INFO  @ Wed, 01 Feb 2023 17:00:42: Sample index: 0;1;2;3 
INFO  @ Wed, 01 Feb 2023 17:00:42: Loaded 19113 genes. 
DEBUG @ Wed, 01 Feb 2023 17:00:43: Initial (total) size factor: 0.9291416813920466 0.9741287676172284 1.043212076658015 1.0654146636785384 
DEBUG @ Wed, 01 Feb 2023 17:00:44: Median factor: 0.9720239458532233 0.9582194178818036 1.035271656275196 1.042931109104821 
INFO  @ Wed, 01 Feb 2023 17:00:44: Final size factor: 0.9720239458532233 0.9582194178818036 1.035271656275196 1.042931109104821 
INFO  @ Wed, 01 Feb 2023 17:00:44: size factor: 1.0287812396660865,1.043602312099409,0.9659300473828291,0.9588361026629362 
INFO  @ Wed, 01 Feb 2023 17:00:44: Thread 0 started. 
INFO  @ Wed, 01 Feb 2023 17:00:44: Thread 0: total 1 instances. 
INFO  @ Wed, 01 Feb 2023 17:00:44: Thread 0 completed. 
INFO  @ Wed, 01 Feb 2023 17:00:44: All threads completed. 
INFO  @ Wed, 01 Feb 2023 17:00:44: Modeling the mean and variance ... 
INFO  @ Wed, 01 Feb 2023 17:00:44: Run the algorithm for the second time ... 
INFO  @ Wed, 01 Feb 2023 17:00:44: Skipping gene Non-Targeting-Control from MLE calculation since there are too many sgRNAs. To change, revise the --max-sgrnapergene-permutation option. 
INFO  @ Wed, 01 Feb 2023 17:00:44: Thread 0 started. 
INFO  @ Wed, 01 Feb 2023 17:00:44: Thread 0: total 19112 instances. 
INFO  @ Wed, 01 Feb 2023 17:00:44: Thread 0: Calculating TEN1 (1) ...  
INFO  @ Wed, 01 Feb 2023 17:00:49: Thread 0: Calculating CLDN22 (1001) ...  
INFO  @ Wed, 01 Feb 2023 17:00:55: Thread 0: Calculating RUNX2 (2001) ...  
INFO  @ Wed, 01 Feb 2023 17:01:00: Thread 0: Calculating CRTC1 (3001) ...  
INFO  @ Wed, 01 Feb 2023 17:01:05: Thread 0: Calculating CCDC120 (4001) ...  
INFO  @ Wed, 01 Feb 2023 17:01:11: Thread 0: Calculating CHM (5001) ...  
INFO  @ Wed, 01 Feb 2023 17:01:16: Thread 0: Calculating NUDT8 (6001) ...  
INFO  @ Wed, 01 Feb 2023 17:01:21: Thread 0: Calculating SERPINB9 (7001) ...  
INFO  @ Wed, 01 Feb 2023 17:01:26: Thread 0: Calculating STXBP6 (8001) ...  
INFO  @ Wed, 01 Feb 2023 17:01:32: Thread 0: Calculating ZMYM2 (9001) ...  
INFO  @ Wed, 01 Feb 2023 17:01:37: Thread 0: Calculating PAGE2 (10001) ...  
INFO  @ Wed, 01 Feb 2023 17:01:42: Thread 0: Calculating CYB561D2 (11001) ...  
INFO  @ Wed, 01 Feb 2023 17:01:47: Thread 0: Calculating C18orf63 (12001) ...  
INFO  @ Wed, 01 Feb 2023 17:01:53: Thread 0: Calculating PPP1CB (13001) ...  
INFO  @ Wed, 01 Feb 2023 17:01:58: Thread 0: Calculating HDHD2 (14001) ...  
INFO  @ Wed, 01 Feb 2023 17:02:03: Thread 0: Calculating LMAN2L (15001) ...  
INFO  @ Wed, 01 Feb 2023 17:02:09: Thread 0: Calculating ARPC4 (16001) ...  
INFO  @ Wed, 01 Feb 2023 17:02:14: Thread 0: Calculating CUEDC2 (17001) ...  
INFO  @ Wed, 01 Feb 2023 17:02:19: Thread 0: Calculating PPP2R3A (18001) ...  
INFO  @ Wed, 01 Feb 2023 17:02:25: Thread 0: Calculating DNAJC11 (19001) ...  
INFO  @ Wed, 01 Feb 2023 17:02:26: Thread 0 completed. 
INFO  @ Wed, 01 Feb 2023 17:02:26: All threads completed. 
INFO  @ Wed, 01 Feb 2023 17:02:30: Permuting groups of gene with 1 sgRNAs per gene. Group progress: 1/5 
INFO  @ Wed, 01 Feb 2023 17:02:30: Start permuting 2 rounds ... 
INFO  @ Wed, 01 Feb 2023 17:02:30: Collecting 77441 sgRNAs from 19113 genes. 
INFO  @ Wed, 01 Feb 2023 17:02:32: Permuting round 0 ... 
INFO  @ Wed, 01 Feb 2023 17:02:32: Thread 0 started. 
INFO  @ Wed, 01 Feb 2023 17:02:32: Thread 0: total 19113 instances. 
INFO  @ Wed, 01 Feb 2023 17:02:33: Thread 0: Calculating TEN1 (1) ...  
INFO  @ Wed, 01 Feb 2023 17:02:37: Thread 0: Calculating MOB3B (1001) ...  
INFO  @ Wed, 01 Feb 2023 17:02:41: Thread 0: Calculating TMSB15A (2001) ...  
INFO  @ Wed, 01 Feb 2023 17:02:45: Thread 0: Calculating TECRL (3001) ...  
INFO  @ Wed, 01 Feb 2023 17:02:50: Thread 0: Calculating SNW1 (4001) ...  
INFO  @ Wed, 01 Feb 2023 17:02:54: Thread 0: Calculating SHANK3 (5001) ...  
INFO  @ Wed, 01 Feb 2023 17:02:58: Thread 0: Calculating FLJ44635 (6001) ...  
INFO  @ Wed, 01 Feb 2023 17:03:02: Thread 0: Calculating CLSTN3 (7001) ...  
INFO  @ Wed, 01 Feb 2023 17:03:06: Thread 0: Calculating MED23 (8001) ...  
INFO  @ Wed, 01 Feb 2023 17:03:10: Thread 0: Calculating CEACAM19 (9001) ...  
INFO  @ Wed, 01 Feb 2023 17:03:14: Thread 0: Calculating NUDT2 (10001) ...  
INFO  @ Wed, 01 Feb 2023 17:03:18: Thread 0: Calculating UNC45A (11001) ...  
INFO  @ Wed, 01 Feb 2023 17:03:22: Thread 0: Calculating CCNL2 (12001) ...  
INFO  @ Wed, 01 Feb 2023 17:03:26: Thread 0: Calculating MCEMP1 (13001) ...  
INFO  @ Wed, 01 Feb 2023 17:03:30: Thread 0: Calculating OR5B2 (14001) ...  
INFO  @ Wed, 01 Feb 2023 17:03:34: Thread 0: Calculating CLDN19 (15001) ...  
INFO  @ Wed, 01 Feb 2023 17:03:38: Thread 0: Calculating ITPR1 (16001) ...  
INFO  @ Wed, 01 Feb 2023 17:03:42: Thread 0: Calculating SP3 (17001) ...  
INFO  @ Wed, 01 Feb 2023 17:03:46: Thread 0: Calculating MARCKSL1 (18001) ...  
INFO  @ Wed, 01 Feb 2023 17:03:50: Thread 0: Calculating NCAPH2 (19001) ...  
INFO  @ Wed, 01 Feb 2023 17:03:51: Thread 0 completed. 
INFO  @ Wed, 01 Feb 2023 17:03:51: All threads completed. 
INFO  @ Wed, 01 Feb 2023 17:03:56: Permuting round 1 ... 
INFO  @ Wed, 01 Feb 2023 17:03:56: Thread 0 started. 
INFO  @ Wed, 01 Feb 2023 17:03:56: Thread 0: total 19113 instances. 
INFO  @ Wed, 01 Feb 2023 17:03:56: Thread 0: Calculating TEN1 (1) ...  
INFO  @ Wed, 01 Feb 2023 17:04:00: Thread 0: Calculating MOB3B (1001) ...  
INFO  @ Wed, 01 Feb 2023 17:04:05: Thread 0: Calculating TMSB15A (2001) ...  
INFO  @ Wed, 01 Feb 2023 17:04:09: Thread 0: Calculating TECRL (3001) ...  
INFO  @ Wed, 01 Feb 2023 17:04:13: Thread 0: Calculating SNW1 (4001) ...  
INFO  @ Wed, 01 Feb 2023 17:04:17: Thread 0: Calculating SHANK3 (5001) ...  
INFO  @ Wed, 01 Feb 2023 17:04:21: Thread 0: Calculating FLJ44635 (6001) ...  
INFO  @ Wed, 01 Feb 2023 17:04:25: Thread 0: Calculating CLSTN3 (7001) ...  
INFO  @ Wed, 01 Feb 2023 17:04:29: Thread 0: Calculating MED23 (8001) ...  
INFO  @ Wed, 01 Feb 2023 17:04:33: Thread 0: Calculating CEACAM19 (9001) ...  
INFO  @ Wed, 01 Feb 2023 17:04:38: Thread 0: Calculating NUDT2 (10001) ...  
INFO  @ Wed, 01 Feb 2023 17:04:42: Thread 0: Calculating UNC45A (11001) ...  
INFO  @ Wed, 01 Feb 2023 17:04:46: Thread 0: Calculating CCNL2 (12001) ...  
INFO  @ Wed, 01 Feb 2023 17:04:50: Thread 0: Calculating MCEMP1 (13001) ...  
INFO  @ Wed, 01 Feb 2023 17:04:54: Thread 0: Calculating OR5B2 (14001) ...  
INFO  @ Wed, 01 Feb 2023 17:04:58: Thread 0: Calculating CLDN19 (15001) ...  
INFO  @ Wed, 01 Feb 2023 17:05:03: Thread 0: Calculating ITPR1 (16001) ...  
INFO  @ Wed, 01 Feb 2023 17:05:07: Thread 0: Calculating SP3 (17001) ...  
INFO  @ Wed, 01 Feb 2023 17:05:11: Thread 0: Calculating MARCKSL1 (18001) ...  
INFO  @ Wed, 01 Feb 2023 17:05:15: Thread 0: Calculating NCAPH2 (19001) ...  
INFO  @ Wed, 01 Feb 2023 17:05:15: Thread 0 completed. 
INFO  @ Wed, 01 Feb 2023 17:05:15: All threads completed. 
INFO  @ Wed, 01 Feb 2023 17:05:20: Assigning p values... 
INFO  @ Wed, 01 Feb 2023 17:05:20: Permuting groups of gene with 2 sgRNAs per gene. Group progress: 2/5 
INFO  @ Wed, 01 Feb 2023 17:05:20: Start permuting 2 rounds ... 
INFO  @ Wed, 01 Feb 2023 17:05:20: Collecting 77441 sgRNAs from 19113 genes. 
INFO  @ Wed, 01 Feb 2023 17:05:22: Permuting round 0 ... 
INFO  @ Wed, 01 Feb 2023 17:05:23: Thread 0 started. 
INFO  @ Wed, 01 Feb 2023 17:05:23: Thread 0: total 19113 instances. 
INFO  @ Wed, 01 Feb 2023 17:05:23: Thread 0: Calculating TEN1 (1) ...  
INFO  @ Wed, 01 Feb 2023 17:05:28: Thread 0: Calculating MOB3B (1001) ...  
INFO  @ Wed, 01 Feb 2023 17:05:33: Thread 0: Calculating TMSB15A (2001) ...  
INFO  @ Wed, 01 Feb 2023 17:05:38: Thread 0: Calculating TECRL (3001) ...  
INFO  @ Wed, 01 Feb 2023 17:05:43: Thread 0: Calculating SNW1 (4001) ...  
INFO  @ Wed, 01 Feb 2023 17:05:48: Thread 0: Calculating SHANK3 (5001) ...  
INFO  @ Wed, 01 Feb 2023 17:05:53: Thread 0: Calculating FLJ44635 (6001) ...  
INFO  @ Wed, 01 Feb 2023 17:05:58: Thread 0: Calculating CLSTN3 (7001) ...  
INFO  @ Wed, 01 Feb 2023 17:06:03: Thread 0: Calculating MED23 (8001) ...  
INFO  @ Wed, 01 Feb 2023 17:06:09: Thread 0: Calculating CEACAM19 (9001) ...  
INFO  @ Wed, 01 Feb 2023 17:06:14: Thread 0: Calculating NUDT2 (10001) ...  
INFO  @ Wed, 01 Feb 2023 17:06:19: Thread 0: Calculating UNC45A (11001) ...  
INFO  @ Wed, 01 Feb 2023 17:06:24: Thread 0: Calculating CCNL2 (12001) ...  
INFO  @ Wed, 01 Feb 2023 17:06:29: Thread 0: Calculating MCEMP1 (13001) ...  
INFO  @ Wed, 01 Feb 2023 17:06:34: Thread 0: Calculating OR5B2 (14001) ...  
INFO  @ Wed, 01 Feb 2023 17:06:39: Thread 0: Calculating CLDN19 (15001) ...  
INFO  @ Wed, 01 Feb 2023 17:06:44: Thread 0: Calculating ITPR1 (16001) ...  
INFO  @ Wed, 01 Feb 2023 17:06:49: Thread 0: Calculating SP3 (17001) ...  
INFO  @ Wed, 01 Feb 2023 17:06:55: Thread 0: Calculating MARCKSL1 (18001) ...  
INFO  @ Wed, 01 Feb 2023 17:07:00: Thread 0: Calculating NCAPH2 (19001) ...  
INFO  @ Wed, 01 Feb 2023 17:07:00: Thread 0 completed. 
INFO  @ Wed, 01 Feb 2023 17:07:00: All threads completed. 
INFO  @ Wed, 01 Feb 2023 17:07:05: Permuting round 1 ... 
INFO  @ Wed, 01 Feb 2023 17:07:05: Thread 0 started. 
INFO  @ Wed, 01 Feb 2023 17:07:05: Thread 0: total 19113 instances. 
INFO  @ Wed, 01 Feb 2023 17:07:05: Thread 0: Calculating TEN1 (1) ...  
INFO  @ Wed, 01 Feb 2023 17:07:10: Thread 0: Calculating MOB3B (1001) ...  
INFO  @ Wed, 01 Feb 2023 17:07:16: Thread 0: Calculating TMSB15A (2001) ...  
INFO  @ Wed, 01 Feb 2023 17:07:21: Thread 0: Calculating TECRL (3001) ...  
INFO  @ Wed, 01 Feb 2023 17:07:26: Thread 0: Calculating SNW1 (4001) ...  
INFO  @ Wed, 01 Feb 2023 17:07:31: Thread 0: Calculating SHANK3 (5001) ...  
INFO  @ Wed, 01 Feb 2023 17:07:36: Thread 0: Calculating FLJ44635 (6001) ...  
INFO  @ Wed, 01 Feb 2023 17:07:41: Thread 0: Calculating CLSTN3 (7001) ...  
INFO  @ Wed, 01 Feb 2023 17:07:46: Thread 0: Calculating MED23 (8001) ...  
INFO  @ Wed, 01 Feb 2023 17:07:52: Thread 0: Calculating CEACAM19 (9001) ...  
INFO  @ Wed, 01 Feb 2023 17:07:57: Thread 0: Calculating NUDT2 (10001) ...  
INFO  @ Wed, 01 Feb 2023 17:08:02: Thread 0: Calculating UNC45A (11001) ...  
INFO  @ Wed, 01 Feb 2023 17:08:07: Thread 0: Calculating CCNL2 (12001) ...  
INFO  @ Wed, 01 Feb 2023 17:08:12: Thread 0: Calculating MCEMP1 (13001) ...  
INFO  @ Wed, 01 Feb 2023 17:08:17: Thread 0: Calculating OR5B2 (14001) ...  
INFO  @ Wed, 01 Feb 2023 17:08:22: Thread 0: Calculating CLDN19 (15001) ...  
INFO  @ Wed, 01 Feb 2023 17:08:27: Thread 0: Calculating ITPR1 (16001) ...  
INFO  @ Wed, 01 Feb 2023 17:08:32: Thread 0: Calculating SP3 (17001) ...  
INFO  @ Wed, 01 Feb 2023 17:08:37: Thread 0: Calculating MARCKSL1 (18001) ...  
INFO  @ Wed, 01 Feb 2023 17:08:42: Thread 0: Calculating NCAPH2 (19001) ...  
INFO  @ Wed, 01 Feb 2023 17:08:43: Thread 0 completed. 
INFO  @ Wed, 01 Feb 2023 17:08:43: All threads completed. 
INFO  @ Wed, 01 Feb 2023 17:08:47: Assigning p values... 
INFO  @ Wed, 01 Feb 2023 17:08:47: Permuting groups of gene with 4 sgRNAs per gene. Group progress: 3/5 
INFO  @ Wed, 01 Feb 2023 17:08:47: Start permuting 2 rounds ... 
INFO  @ Wed, 01 Feb 2023 17:08:48: Collecting 77441 sgRNAs from 19113 genes. 
INFO  @ Wed, 01 Feb 2023 17:08:49: Permuting round 0 ... 
INFO  @ Wed, 01 Feb 2023 17:08:50: Thread 0 started. 
INFO  @ Wed, 01 Feb 2023 17:08:50: Thread 0: total 19113 instances. 
INFO  @ Wed, 01 Feb 2023 17:08:50: Thread 0: Calculating TEN1 (1) ...  
INFO  @ Wed, 01 Feb 2023 17:08:56: Thread 0: Calculating MOB3B (1001) ...  
INFO  @ Wed, 01 Feb 2023 17:09:02: Thread 0: Calculating TMSB15A (2001) ...  
INFO  @ Wed, 01 Feb 2023 17:09:08: Thread 0: Calculating TECRL (3001) ...  
INFO  @ Wed, 01 Feb 2023 17:09:13: Thread 0: Calculating SNW1 (4001) ...  
INFO  @ Wed, 01 Feb 2023 17:09:19: Thread 0: Calculating SHANK3 (5001) ...  
INFO  @ Wed, 01 Feb 2023 17:09:25: Thread 0: Calculating FLJ44635 (6001) ...  
INFO  @ Wed, 01 Feb 2023 17:09:31: Thread 0: Calculating CLSTN3 (7001) ...  
INFO  @ Wed, 01 Feb 2023 17:09:36: Thread 0: Calculating MED23 (8001) ...  
INFO  @ Wed, 01 Feb 2023 17:09:42: Thread 0: Calculating CEACAM19 (9001) ...  
INFO  @ Wed, 01 Feb 2023 17:09:48: Thread 0: Calculating NUDT2 (10001) ...  
INFO  @ Wed, 01 Feb 2023 17:09:53: Thread 0: Calculating UNC45A (11001) ...  
INFO  @ Wed, 01 Feb 2023 17:09:59: Thread 0: Calculating CCNL2 (12001) ...  
INFO  @ Wed, 01 Feb 2023 17:10:05: Thread 0: Calculating MCEMP1 (13001) ...  
INFO  @ Wed, 01 Feb 2023 17:10:10: Thread 0: Calculating OR5B2 (14001) ...  
INFO  @ Wed, 01 Feb 2023 17:10:16: Thread 0: Calculating CLDN19 (15001) ...  
INFO  @ Wed, 01 Feb 2023 17:10:22: Thread 0: Calculating ITPR1 (16001) ...  
INFO  @ Wed, 01 Feb 2023 17:10:27: Thread 0: Calculating SP3 (17001) ...  
INFO  @ Wed, 01 Feb 2023 17:10:33: Thread 0: Calculating MARCKSL1 (18001) ...  
INFO  @ Wed, 01 Feb 2023 17:10:38: Thread 0: Calculating NCAPH2 (19001) ...  
INFO  @ Wed, 01 Feb 2023 17:10:39: Thread 0 completed. 
INFO  @ Wed, 01 Feb 2023 17:10:39: All threads completed. 
INFO  @ Wed, 01 Feb 2023 17:10:44: Permuting round 1 ... 
INFO  @ Wed, 01 Feb 2023 17:10:44: Thread 0 started. 
INFO  @ Wed, 01 Feb 2023 17:10:44: Thread 0: total 19113 instances. 
INFO  @ Wed, 01 Feb 2023 17:10:44: Thread 0: Calculating TEN1 (1) ...  
INFO  @ Wed, 01 Feb 2023 17:10:50: Thread 0: Calculating MOB3B (1001) ...  
INFO  @ Wed, 01 Feb 2023 17:10:56: Thread 0: Calculating TMSB15A (2001) ...  
INFO  @ Wed, 01 Feb 2023 17:11:02: Thread 0: Calculating TECRL (3001) ...  
INFO  @ Wed, 01 Feb 2023 17:11:07: Thread 0: Calculating SNW1 (4001) ...  
INFO  @ Wed, 01 Feb 2023 17:11:13: Thread 0: Calculating SHANK3 (5001) ...  
INFO  @ Wed, 01 Feb 2023 17:11:19: Thread 0: Calculating FLJ44635 (6001) ...  
INFO  @ Wed, 01 Feb 2023 17:11:24: Thread 0: Calculating CLSTN3 (7001) ...  
INFO  @ Wed, 01 Feb 2023 17:11:30: Thread 0: Calculating MED23 (8001) ...  
INFO  @ Wed, 01 Feb 2023 17:11:36: Thread 0: Calculating CEACAM19 (9001) ...  
INFO  @ Wed, 01 Feb 2023 17:11:42: Thread 0: Calculating NUDT2 (10001) ...  
INFO  @ Wed, 01 Feb 2023 17:11:47: Thread 0: Calculating UNC45A (11001) ...  
INFO  @ Wed, 01 Feb 2023 17:11:53: Thread 0: Calculating CCNL2 (12001) ...  
INFO  @ Wed, 01 Feb 2023 17:11:59: Thread 0: Calculating MCEMP1 (13001) ...  
INFO  @ Wed, 01 Feb 2023 17:12:04: Thread 0: Calculating OR5B2 (14001) ...  
INFO  @ Wed, 01 Feb 2023 17:12:10: Thread 0: Calculating CLDN19 (15001) ...  
INFO  @ Wed, 01 Feb 2023 17:12:16: Thread 0: Calculating ITPR1 (16001) ...  
INFO  @ Wed, 01 Feb 2023 17:12:22: Thread 0: Calculating SP3 (17001) ...  
INFO  @ Wed, 01 Feb 2023 17:12:28: Thread 0: Calculating MARCKSL1 (18001) ...  
INFO  @ Wed, 01 Feb 2023 17:12:33: Thread 0: Calculating NCAPH2 (19001) ...  
INFO  @ Wed, 01 Feb 2023 17:12:34: Thread 0 completed. 
INFO  @ Wed, 01 Feb 2023 17:12:34: All threads completed. 
INFO  @ Wed, 01 Feb 2023 17:12:38: Assigning p values... 
INFO  @ Wed, 01 Feb 2023 17:13:21: Permuting groups of gene with 8 sgRNAs per gene. Group progress: 4/5 
INFO  @ Wed, 01 Feb 2023 17:13:21: Start permuting 2 rounds ... 
INFO  @ Wed, 01 Feb 2023 17:13:21: Collecting 77441 sgRNAs from 19113 genes. 
INFO  @ Wed, 01 Feb 2023 17:13:23: Permuting round 0 ... 
INFO  @ Wed, 01 Feb 2023 17:13:24: Thread 0 started. 
INFO  @ Wed, 01 Feb 2023 17:13:24: Thread 0: total 19113 instances. 
INFO  @ Wed, 01 Feb 2023 17:13:24: Thread 0: Calculating TEN1 (1) ...  
INFO  @ Wed, 01 Feb 2023 17:13:30: Thread 0: Calculating MOB3B (1001) ...  
INFO  @ Wed, 01 Feb 2023 17:13:37: Thread 0: Calculating TMSB15A (2001) ...  
INFO  @ Wed, 01 Feb 2023 17:13:43: Thread 0: Calculating TECRL (3001) ...  
INFO  @ Wed, 01 Feb 2023 17:13:50: Thread 0: Calculating SNW1 (4001) ...  
INFO  @ Wed, 01 Feb 2023 17:13:56: Thread 0: Calculating SHANK3 (5001) ...  
INFO  @ Wed, 01 Feb 2023 17:14:02: Thread 0: Calculating FLJ44635 (6001) ...  
INFO  @ Wed, 01 Feb 2023 17:14:09: Thread 0: Calculating CLSTN3 (7001) ...  
INFO  @ Wed, 01 Feb 2023 17:14:15: Thread 0: Calculating MED23 (8001) ...  
INFO  @ Wed, 01 Feb 2023 17:14:21: Thread 0: Calculating CEACAM19 (9001) ...  
INFO  @ Wed, 01 Feb 2023 17:14:28: Thread 0: Calculating NUDT2 (10001) ...  
INFO  @ Wed, 01 Feb 2023 17:14:34: Thread 0: Calculating UNC45A (11001) ...  
INFO  @ Wed, 01 Feb 2023 17:14:41: Thread 0: Calculating CCNL2 (12001) ...  
INFO  @ Wed, 01 Feb 2023 17:14:47: Thread 0: Calculating MCEMP1 (13001) ...  
INFO  @ Wed, 01 Feb 2023 17:14:53: Thread 0: Calculating OR5B2 (14001) ...  
INFO  @ Wed, 01 Feb 2023 17:15:00: Thread 0: Calculating CLDN19 (15001) ...  
INFO  @ Wed, 01 Feb 2023 17:15:06: Thread 0: Calculating ITPR1 (16001) ...  
INFO  @ Wed, 01 Feb 2023 17:15:12: Thread 0: Calculating SP3 (17001) ...  
INFO  @ Wed, 01 Feb 2023 17:15:19: Thread 0: Calculating MARCKSL1 (18001) ...  
INFO  @ Wed, 01 Feb 2023 17:15:25: Thread 0: Calculating NCAPH2 (19001) ...  
INFO  @ Wed, 01 Feb 2023 17:15:26: Thread 0 completed. 
INFO  @ Wed, 01 Feb 2023 17:15:26: All threads completed. 
INFO  @ Wed, 01 Feb 2023 17:15:31: Permuting round 1 ... 
INFO  @ Wed, 01 Feb 2023 17:15:32: Thread 0 started. 
INFO  @ Wed, 01 Feb 2023 17:15:32: Thread 0: total 19113 instances. 
INFO  @ Wed, 01 Feb 2023 17:15:32: Thread 0: Calculating TEN1 (1) ...  
INFO  @ Wed, 01 Feb 2023 17:15:39: Thread 0: Calculating MOB3B (1001) ...  
INFO  @ Wed, 01 Feb 2023 17:15:45: Thread 0: Calculating TMSB15A (2001) ...  
INFO  @ Wed, 01 Feb 2023 17:15:51: Thread 0: Calculating TECRL (3001) ...  
INFO  @ Wed, 01 Feb 2023 17:15:58: Thread 0: Calculating SNW1 (4001) ...  
INFO  @ Wed, 01 Feb 2023 17:16:05: Thread 0: Calculating SHANK3 (5001) ...  
INFO  @ Wed, 01 Feb 2023 17:16:11: Thread 0: Calculating FLJ44635 (6001) ...  
INFO  @ Wed, 01 Feb 2023 17:16:17: Thread 0: Calculating CLSTN3 (7001) ...  
INFO  @ Wed, 01 Feb 2023 17:16:24: Thread 0: Calculating MED23 (8001) ...  
INFO  @ Wed, 01 Feb 2023 17:16:30: Thread 0: Calculating CEACAM19 (9001) ...  
INFO  @ Wed, 01 Feb 2023 17:16:36: Thread 0: Calculating NUDT2 (10001) ...  
INFO  @ Wed, 01 Feb 2023 17:16:43: Thread 0: Calculating UNC45A (11001) ...  
INFO  @ Wed, 01 Feb 2023 17:16:49: Thread 0: Calculating CCNL2 (12001) ...  
INFO  @ Wed, 01 Feb 2023 17:16:56: Thread 0: Calculating MCEMP1 (13001) ...  
INFO  @ Wed, 01 Feb 2023 17:17:02: Thread 0: Calculating OR5B2 (14001) ...  
INFO  @ Wed, 01 Feb 2023 17:17:08: Thread 0: Calculating CLDN19 (15001) ...  
INFO  @ Wed, 01 Feb 2023 17:17:15: Thread 0: Calculating ITPR1 (16001) ...  
INFO  @ Wed, 01 Feb 2023 17:17:21: Thread 0: Calculating SP3 (17001) ...  
INFO  @ Wed, 01 Feb 2023 17:17:28: Thread 0: Calculating MARCKSL1 (18001) ...  
INFO  @ Wed, 01 Feb 2023 17:17:34: Thread 0: Calculating NCAPH2 (19001) ...  
INFO  @ Wed, 01 Feb 2023 17:17:35: Thread 0 completed. 
INFO  @ Wed, 01 Feb 2023 17:17:35: All threads completed. 
INFO  @ Wed, 01 Feb 2023 17:17:40: Assigning p values... 
INFO  @ Wed, 01 Feb 2023 17:17:41: Groups of gene with 1000 sgRNAs per gene: assigning p values based on previous group results. Group progress: 5/5 
INFO  @ Wed, 01 Feb 2023 17:17:42: Writing gene results to MPNST_mle.gene_summary.txt 
INFO  @ Wed, 01 Feb 2023 17:17:42: Writing sgRNA results to MPNST_mle.sgrna_summary.txt 
