INFO  @ Sun, 05 Feb 2023 17:56:52: Parameters: /home/largaesp/stehn007/.conda/envs/mageckenv/bin/mageck mle -k ../counts/MPNST.count.txt -d ../counts/MPNST_design.txt -n ST88-14 --norm-method median 
INFO  @ Sun, 05 Feb 2023 17:56:52: Cannot parse design matrix as a string; try to parse it as a file name ... 
INFO  @ Sun, 05 Feb 2023 17:56:52: Design matrix: 
INFO  @ Sun, 05 Feb 2023 17:56:52: [[1. 1. 0.] 
INFO  @ Sun, 05 Feb 2023 17:56:52:  [1. 0. 0.] 
INFO  @ Sun, 05 Feb 2023 17:56:52:  [1. 0. 1.] 
INFO  @ Sun, 05 Feb 2023 17:56:52:  [1. 0. 0.]] 
INFO  @ Sun, 05 Feb 2023 17:56:52: Beta labels:baseline,ST8814_final,STS26T_final 
INFO  @ Sun, 05 Feb 2023 17:56:52: Included samples:ST8814_Final,ST8814_Initial,STS26T_Final,STS26T_Initial 
INFO  @ Sun, 05 Feb 2023 17:56:52: Loaded samples:ST8814_Final;ST8814_Initial;STS26T_Final;STS26T_Initial 
INFO  @ Sun, 05 Feb 2023 17:56:52: Sample index: 0;1;2;3 
INFO  @ Sun, 05 Feb 2023 17:56:52: Loaded 19113 genes. 
DEBUG @ Sun, 05 Feb 2023 17:56:53: Initial (total) size factor: 0.9291416813920466 0.9741287676172284 1.043212076658015 1.0654146636785384 
DEBUG @ Sun, 05 Feb 2023 17:56:54: Median factor: 0.9720239458532233 0.9582194178818036 1.035271656275196 1.042931109104821 
INFO  @ Sun, 05 Feb 2023 17:56:54: Final size factor: 0.9720239458532233 0.9582194178818036 1.035271656275196 1.042931109104821 
INFO  @ Sun, 05 Feb 2023 17:56:54: size factor: 1.0287812396660865,1.043602312099409,0.9659300473828291,0.9588361026629362 
INFO  @ Sun, 05 Feb 2023 17:56:54: Thread 0 started. 
INFO  @ Sun, 05 Feb 2023 17:56:54: Thread 0: total 1 instances. 
INFO  @ Sun, 05 Feb 2023 17:56:54: Thread 0 completed. 
INFO  @ Sun, 05 Feb 2023 17:56:54: All threads completed. 
INFO  @ Sun, 05 Feb 2023 17:56:54: Modeling the mean and variance ... 
INFO  @ Sun, 05 Feb 2023 17:56:54: Run the algorithm for the second time ... 
INFO  @ Sun, 05 Feb 2023 17:56:54: Skipping gene Non-Targeting-Control from MLE calculation since there are too many sgRNAs. To change, revise the --max-sgrnapergene-permutation option. 
INFO  @ Sun, 05 Feb 2023 17:56:54: Thread 0 started. 
INFO  @ Sun, 05 Feb 2023 17:56:54: Thread 0: total 19112 instances. 
INFO  @ Sun, 05 Feb 2023 17:56:54: Thread 0: Calculating TEN1 (1) ...  
INFO  @ Sun, 05 Feb 2023 17:57:03: Thread 0: Calculating CLDN22 (1001) ...  
INFO  @ Sun, 05 Feb 2023 17:57:13: Thread 0: Calculating RUNX2 (2001) ...  
INFO  @ Sun, 05 Feb 2023 17:57:23: Thread 0: Calculating CRTC1 (3001) ...  
INFO  @ Sun, 05 Feb 2023 17:57:32: Thread 0: Calculating CCDC120 (4001) ...  
INFO  @ Sun, 05 Feb 2023 17:57:42: Thread 0: Calculating CHM (5001) ...  
INFO  @ Sun, 05 Feb 2023 17:57:50: Thread 0: Calculating NUDT8 (6001) ...  
INFO  @ Sun, 05 Feb 2023 17:57:53: Thread 0: Calculating SERPINB9 (7001) ...  
INFO  @ Sun, 05 Feb 2023 17:57:56: Thread 0: Calculating STXBP6 (8001) ...  
INFO  @ Sun, 05 Feb 2023 17:58:00: Thread 0: Calculating ZMYM2 (9001) ...  
INFO  @ Sun, 05 Feb 2023 17:58:03: Thread 0: Calculating PAGE2 (10001) ...  
INFO  @ Sun, 05 Feb 2023 17:58:06: Thread 0: Calculating CYB561D2 (11001) ...  
INFO  @ Sun, 05 Feb 2023 17:58:09: Thread 0: Calculating C18orf63 (12001) ...  
INFO  @ Sun, 05 Feb 2023 17:58:12: Thread 0: Calculating PPP1CB (13001) ...  
INFO  @ Sun, 05 Feb 2023 17:58:15: Thread 0: Calculating HDHD2 (14001) ...  
INFO  @ Sun, 05 Feb 2023 17:58:19: Thread 0: Calculating LMAN2L (15001) ...  
INFO  @ Sun, 05 Feb 2023 17:58:22: Thread 0: Calculating ARPC4 (16001) ...  
INFO  @ Sun, 05 Feb 2023 17:58:25: Thread 0: Calculating CUEDC2 (17001) ...  
INFO  @ Sun, 05 Feb 2023 17:58:28: Thread 0: Calculating PPP2R3A (18001) ...  
INFO  @ Sun, 05 Feb 2023 17:58:31: Thread 0: Calculating DNAJC11 (19001) ...  
INFO  @ Sun, 05 Feb 2023 17:58:32: Thread 0 completed. 
INFO  @ Sun, 05 Feb 2023 17:58:32: All threads completed. 
INFO  @ Sun, 05 Feb 2023 17:58:35: Permuting groups of gene with 1 sgRNAs per gene. Group progress: 1/5 
INFO  @ Sun, 05 Feb 2023 17:58:35: Start permuting 2 rounds ... 
INFO  @ Sun, 05 Feb 2023 17:58:35: Collecting 77441 sgRNAs from 19113 genes. 
INFO  @ Sun, 05 Feb 2023 17:58:36: Permuting round 0 ... 
INFO  @ Sun, 05 Feb 2023 17:58:37: Thread 0 started. 
INFO  @ Sun, 05 Feb 2023 17:58:37: Thread 0: total 19113 instances. 
INFO  @ Sun, 05 Feb 2023 17:58:37: Thread 0: Calculating TEN1 (1) ...  
INFO  @ Sun, 05 Feb 2023 17:58:39: Thread 0: Calculating MOB3B (1001) ...  
INFO  @ Sun, 05 Feb 2023 17:58:41: Thread 0: Calculating TMSB15A (2001) ...  
INFO  @ Sun, 05 Feb 2023 17:58:44: Thread 0: Calculating TECRL (3001) ...  
INFO  @ Sun, 05 Feb 2023 17:58:46: Thread 0: Calculating SNW1 (4001) ...  
INFO  @ Sun, 05 Feb 2023 17:58:48: Thread 0: Calculating SHANK3 (5001) ...  
INFO  @ Sun, 05 Feb 2023 17:58:50: Thread 0: Calculating FLJ44635 (6001) ...  
INFO  @ Sun, 05 Feb 2023 17:58:52: Thread 0: Calculating CLSTN3 (7001) ...  
INFO  @ Sun, 05 Feb 2023 17:58:55: Thread 0: Calculating MED23 (8001) ...  
INFO  @ Sun, 05 Feb 2023 17:58:57: Thread 0: Calculating CEACAM19 (9001) ...  
INFO  @ Sun, 05 Feb 2023 17:58:59: Thread 0: Calculating NUDT2 (10001) ...  
INFO  @ Sun, 05 Feb 2023 17:59:01: Thread 0: Calculating UNC45A (11001) ...  
INFO  @ Sun, 05 Feb 2023 17:59:03: Thread 0: Calculating CCNL2 (12001) ...  
INFO  @ Sun, 05 Feb 2023 17:59:05: Thread 0: Calculating MCEMP1 (13001) ...  
INFO  @ Sun, 05 Feb 2023 17:59:07: Thread 0: Calculating OR5B2 (14001) ...  
INFO  @ Sun, 05 Feb 2023 17:59:10: Thread 0: Calculating CLDN19 (15001) ...  
INFO  @ Sun, 05 Feb 2023 17:59:12: Thread 0: Calculating ITPR1 (16001) ...  
INFO  @ Sun, 05 Feb 2023 17:59:14: Thread 0: Calculating SP3 (17001) ...  
INFO  @ Sun, 05 Feb 2023 17:59:16: Thread 0: Calculating MARCKSL1 (18001) ...  
INFO  @ Sun, 05 Feb 2023 17:59:18: Thread 0: Calculating NCAPH2 (19001) ...  
INFO  @ Sun, 05 Feb 2023 17:59:18: Thread 0 completed. 
INFO  @ Sun, 05 Feb 2023 17:59:18: All threads completed. 
INFO  @ Sun, 05 Feb 2023 17:59:23: Permuting round 1 ... 
INFO  @ Sun, 05 Feb 2023 17:59:24: Thread 0 started. 
INFO  @ Sun, 05 Feb 2023 17:59:24: Thread 0: total 19113 instances. 
INFO  @ Sun, 05 Feb 2023 17:59:24: Thread 0: Calculating TEN1 (1) ...  
INFO  @ Sun, 05 Feb 2023 17:59:26: Thread 0: Calculating MOB3B (1001) ...  
INFO  @ Sun, 05 Feb 2023 17:59:28: Thread 0: Calculating TMSB15A (2001) ...  
INFO  @ Sun, 05 Feb 2023 17:59:30: Thread 0: Calculating TECRL (3001) ...  
INFO  @ Sun, 05 Feb 2023 17:59:32: Thread 0: Calculating SNW1 (4001) ...  
INFO  @ Sun, 05 Feb 2023 17:59:34: Thread 0: Calculating SHANK3 (5001) ...  
INFO  @ Sun, 05 Feb 2023 17:59:36: Thread 0: Calculating FLJ44635 (6001) ...  
INFO  @ Sun, 05 Feb 2023 17:59:39: Thread 0: Calculating CLSTN3 (7001) ...  
INFO  @ Sun, 05 Feb 2023 17:59:41: Thread 0: Calculating MED23 (8001) ...  
INFO  @ Sun, 05 Feb 2023 17:59:43: Thread 0: Calculating CEACAM19 (9001) ...  
INFO  @ Sun, 05 Feb 2023 17:59:45: Thread 0: Calculating NUDT2 (10001) ...  
INFO  @ Sun, 05 Feb 2023 17:59:47: Thread 0: Calculating UNC45A (11001) ...  
INFO  @ Sun, 05 Feb 2023 17:59:49: Thread 0: Calculating CCNL2 (12001) ...  
INFO  @ Sun, 05 Feb 2023 17:59:51: Thread 0: Calculating MCEMP1 (13001) ...  
INFO  @ Sun, 05 Feb 2023 17:59:54: Thread 0: Calculating OR5B2 (14001) ...  
INFO  @ Sun, 05 Feb 2023 17:59:56: Thread 0: Calculating CLDN19 (15001) ...  
INFO  @ Sun, 05 Feb 2023 17:59:58: Thread 0: Calculating ITPR1 (16001) ...  
INFO  @ Sun, 05 Feb 2023 18:00:00: Thread 0: Calculating SP3 (17001) ...  
INFO  @ Sun, 05 Feb 2023 18:00:02: Thread 0: Calculating MARCKSL1 (18001) ...  
INFO  @ Sun, 05 Feb 2023 18:00:04: Thread 0: Calculating NCAPH2 (19001) ...  
INFO  @ Sun, 05 Feb 2023 18:00:05: Thread 0 completed. 
INFO  @ Sun, 05 Feb 2023 18:00:05: All threads completed. 
INFO  @ Sun, 05 Feb 2023 18:00:08: Assigning p values... 
INFO  @ Sun, 05 Feb 2023 18:00:08: Permuting groups of gene with 2 sgRNAs per gene. Group progress: 2/5 
INFO  @ Sun, 05 Feb 2023 18:00:08: Start permuting 2 rounds ... 
INFO  @ Sun, 05 Feb 2023 18:00:08: Collecting 77441 sgRNAs from 19113 genes. 
INFO  @ Sun, 05 Feb 2023 18:00:09: Permuting round 0 ... 
INFO  @ Sun, 05 Feb 2023 18:00:10: Thread 0 started. 
INFO  @ Sun, 05 Feb 2023 18:00:10: Thread 0: total 19113 instances. 
INFO  @ Sun, 05 Feb 2023 18:00:10: Thread 0: Calculating TEN1 (1) ...  
INFO  @ Sun, 05 Feb 2023 18:00:12: Thread 0: Calculating MOB3B (1001) ...  
INFO  @ Sun, 05 Feb 2023 18:00:15: Thread 0: Calculating TMSB15A (2001) ...  
INFO  @ Sun, 05 Feb 2023 18:00:18: Thread 0: Calculating TECRL (3001) ...  
INFO  @ Sun, 05 Feb 2023 18:00:21: Thread 0: Calculating SNW1 (4001) ...  
INFO  @ Sun, 05 Feb 2023 18:00:23: Thread 0: Calculating SHANK3 (5001) ...  
INFO  @ Sun, 05 Feb 2023 18:00:26: Thread 0: Calculating FLJ44635 (6001) ...  
INFO  @ Sun, 05 Feb 2023 18:00:29: Thread 0: Calculating CLSTN3 (7001) ...  
INFO  @ Sun, 05 Feb 2023 18:00:31: Thread 0: Calculating MED23 (8001) ...  
INFO  @ Sun, 05 Feb 2023 18:00:34: Thread 0: Calculating CEACAM19 (9001) ...  
INFO  @ Sun, 05 Feb 2023 18:00:37: Thread 0: Calculating NUDT2 (10001) ...  
INFO  @ Sun, 05 Feb 2023 18:00:39: Thread 0: Calculating UNC45A (11001) ...  
INFO  @ Sun, 05 Feb 2023 18:00:42: Thread 0: Calculating CCNL2 (12001) ...  
INFO  @ Sun, 05 Feb 2023 18:00:45: Thread 0: Calculating MCEMP1 (13001) ...  
INFO  @ Sun, 05 Feb 2023 18:00:47: Thread 0: Calculating OR5B2 (14001) ...  
INFO  @ Sun, 05 Feb 2023 18:00:50: Thread 0: Calculating CLDN19 (15001) ...  
INFO  @ Sun, 05 Feb 2023 18:00:53: Thread 0: Calculating ITPR1 (16001) ...  
INFO  @ Sun, 05 Feb 2023 18:00:56: Thread 0: Calculating SP3 (17001) ...  
INFO  @ Sun, 05 Feb 2023 18:00:59: Thread 0: Calculating MARCKSL1 (18001) ...  
INFO  @ Sun, 05 Feb 2023 18:01:01: Thread 0: Calculating NCAPH2 (19001) ...  
INFO  @ Sun, 05 Feb 2023 18:01:02: Thread 0 completed. 
INFO  @ Sun, 05 Feb 2023 18:01:02: All threads completed. 
INFO  @ Sun, 05 Feb 2023 18:01:05: Permuting round 1 ... 
INFO  @ Sun, 05 Feb 2023 18:01:05: Thread 0 started. 
INFO  @ Sun, 05 Feb 2023 18:01:05: Thread 0: total 19113 instances. 
INFO  @ Sun, 05 Feb 2023 18:01:05: Thread 0: Calculating TEN1 (1) ...  
INFO  @ Sun, 05 Feb 2023 18:01:08: Thread 0: Calculating MOB3B (1001) ...  
INFO  @ Sun, 05 Feb 2023 18:01:10: Thread 0: Calculating TMSB15A (2001) ...  
INFO  @ Sun, 05 Feb 2023 18:01:13: Thread 0: Calculating TECRL (3001) ...  
INFO  @ Sun, 05 Feb 2023 18:01:16: Thread 0: Calculating SNW1 (4001) ...  
INFO  @ Sun, 05 Feb 2023 18:01:18: Thread 0: Calculating SHANK3 (5001) ...  
INFO  @ Sun, 05 Feb 2023 18:01:21: Thread 0: Calculating FLJ44635 (6001) ...  
INFO  @ Sun, 05 Feb 2023 18:01:24: Thread 0: Calculating CLSTN3 (7001) ...  
INFO  @ Sun, 05 Feb 2023 18:01:26: Thread 0: Calculating MED23 (8001) ...  
INFO  @ Sun, 05 Feb 2023 18:01:29: Thread 0: Calculating CEACAM19 (9001) ...  
INFO  @ Sun, 05 Feb 2023 18:01:32: Thread 0: Calculating NUDT2 (10001) ...  
INFO  @ Sun, 05 Feb 2023 18:01:35: Thread 0: Calculating UNC45A (11001) ...  
INFO  @ Sun, 05 Feb 2023 18:01:37: Thread 0: Calculating CCNL2 (12001) ...  
INFO  @ Sun, 05 Feb 2023 18:01:40: Thread 0: Calculating MCEMP1 (13001) ...  
INFO  @ Sun, 05 Feb 2023 18:01:43: Thread 0: Calculating OR5B2 (14001) ...  
INFO  @ Sun, 05 Feb 2023 18:01:45: Thread 0: Calculating CLDN19 (15001) ...  
INFO  @ Sun, 05 Feb 2023 18:01:48: Thread 0: Calculating ITPR1 (16001) ...  
INFO  @ Sun, 05 Feb 2023 18:01:51: Thread 0: Calculating SP3 (17001) ...  
INFO  @ Sun, 05 Feb 2023 18:01:53: Thread 0: Calculating MARCKSL1 (18001) ...  
INFO  @ Sun, 05 Feb 2023 18:01:56: Thread 0: Calculating NCAPH2 (19001) ...  
INFO  @ Sun, 05 Feb 2023 18:01:56: Thread 0 completed. 
INFO  @ Sun, 05 Feb 2023 18:01:56: All threads completed. 
INFO  @ Sun, 05 Feb 2023 18:01:59: Assigning p values... 
INFO  @ Sun, 05 Feb 2023 18:02:00: Permuting groups of gene with 4 sgRNAs per gene. Group progress: 3/5 
INFO  @ Sun, 05 Feb 2023 18:02:00: Start permuting 2 rounds ... 
INFO  @ Sun, 05 Feb 2023 18:02:00: Collecting 77441 sgRNAs from 19113 genes. 
INFO  @ Sun, 05 Feb 2023 18:02:01: Permuting round 0 ... 
INFO  @ Sun, 05 Feb 2023 18:02:01: Thread 0 started. 
INFO  @ Sun, 05 Feb 2023 18:02:02: Thread 0: total 19113 instances. 
INFO  @ Sun, 05 Feb 2023 18:02:02: Thread 0: Calculating TEN1 (1) ...  
INFO  @ Sun, 05 Feb 2023 18:02:12: Thread 0: Calculating MOB3B (1001) ...  
INFO  @ Sun, 05 Feb 2023 18:02:23: Thread 0: Calculating TMSB15A (2001) ...  
INFO  @ Sun, 05 Feb 2023 18:02:34: Thread 0: Calculating TECRL (3001) ...  
INFO  @ Sun, 05 Feb 2023 18:02:44: Thread 0: Calculating SNW1 (4001) ...  
INFO  @ Sun, 05 Feb 2023 18:02:55: Thread 0: Calculating SHANK3 (5001) ...  
INFO  @ Sun, 05 Feb 2023 18:03:05: Thread 0: Calculating FLJ44635 (6001) ...  
INFO  @ Sun, 05 Feb 2023 18:03:16: Thread 0: Calculating CLSTN3 (7001) ...  
INFO  @ Sun, 05 Feb 2023 18:03:27: Thread 0: Calculating MED23 (8001) ...  
INFO  @ Sun, 05 Feb 2023 18:03:37: Thread 0: Calculating CEACAM19 (9001) ...  
INFO  @ Sun, 05 Feb 2023 18:03:48: Thread 0: Calculating NUDT2 (10001) ...  
INFO  @ Sun, 05 Feb 2023 18:03:58: Thread 0: Calculating UNC45A (11001) ...  
INFO  @ Sun, 05 Feb 2023 18:04:08: Thread 0: Calculating CCNL2 (12001) ...  
INFO  @ Sun, 05 Feb 2023 18:04:19: Thread 0: Calculating MCEMP1 (13001) ...  
INFO  @ Sun, 05 Feb 2023 18:04:27: Thread 0: Calculating OR5B2 (14001) ...  
INFO  @ Sun, 05 Feb 2023 18:04:31: Thread 0: Calculating CLDN19 (15001) ...  
INFO  @ Sun, 05 Feb 2023 18:04:34: Thread 0: Calculating ITPR1 (16001) ...  
INFO  @ Sun, 05 Feb 2023 18:04:38: Thread 0: Calculating SP3 (17001) ...  
INFO  @ Sun, 05 Feb 2023 18:04:41: Thread 0: Calculating MARCKSL1 (18001) ...  
INFO  @ Sun, 05 Feb 2023 18:04:45: Thread 0: Calculating NCAPH2 (19001) ...  
INFO  @ Sun, 05 Feb 2023 18:04:45: Thread 0 completed. 
INFO  @ Sun, 05 Feb 2023 18:04:45: All threads completed. 
INFO  @ Sun, 05 Feb 2023 18:04:48: Permuting round 1 ... 
INFO  @ Sun, 05 Feb 2023 18:04:49: Thread 0 started. 
INFO  @ Sun, 05 Feb 2023 18:04:49: Thread 0: total 19113 instances. 
INFO  @ Sun, 05 Feb 2023 18:04:49: Thread 0: Calculating TEN1 (1) ...  
INFO  @ Sun, 05 Feb 2023 18:05:00: Thread 0: Calculating MOB3B (1001) ...  
INFO  @ Sun, 05 Feb 2023 18:05:07: Thread 0: Calculating TMSB15A (2001) ...  
INFO  @ Sun, 05 Feb 2023 18:05:14: Thread 0: Calculating TECRL (3001) ...  
INFO  @ Sun, 05 Feb 2023 18:05:20: Thread 0: Calculating SNW1 (4001) ...  
INFO  @ Sun, 05 Feb 2023 18:05:23: Thread 0: Calculating SHANK3 (5001) ...  
INFO  @ Sun, 05 Feb 2023 18:05:27: Thread 0: Calculating FLJ44635 (6001) ...  
INFO  @ Sun, 05 Feb 2023 18:05:30: Thread 0: Calculating CLSTN3 (7001) ...  
INFO  @ Sun, 05 Feb 2023 18:05:34: Thread 0: Calculating MED23 (8001) ...  
INFO  @ Sun, 05 Feb 2023 18:05:37: Thread 0: Calculating CEACAM19 (9001) ...  
INFO  @ Sun, 05 Feb 2023 18:05:40: Thread 0: Calculating NUDT2 (10001) ...  
INFO  @ Sun, 05 Feb 2023 18:05:44: Thread 0: Calculating UNC45A (11001) ...  
INFO  @ Sun, 05 Feb 2023 18:05:47: Thread 0: Calculating CCNL2 (12001) ...  
INFO  @ Sun, 05 Feb 2023 18:05:51: Thread 0: Calculating MCEMP1 (13001) ...  
INFO  @ Sun, 05 Feb 2023 18:05:54: Thread 0: Calculating OR5B2 (14001) ...  
INFO  @ Sun, 05 Feb 2023 18:05:58: Thread 0: Calculating CLDN19 (15001) ...  
INFO  @ Sun, 05 Feb 2023 18:06:01: Thread 0: Calculating ITPR1 (16001) ...  
INFO  @ Sun, 05 Feb 2023 18:06:05: Thread 0: Calculating SP3 (17001) ...  
INFO  @ Sun, 05 Feb 2023 18:06:08: Thread 0: Calculating MARCKSL1 (18001) ...  
INFO  @ Sun, 05 Feb 2023 18:06:11: Thread 0: Calculating NCAPH2 (19001) ...  
INFO  @ Sun, 05 Feb 2023 18:06:12: Thread 0 completed. 
INFO  @ Sun, 05 Feb 2023 18:06:12: All threads completed. 
INFO  @ Sun, 05 Feb 2023 18:06:16: Assigning p values... 
INFO  @ Sun, 05 Feb 2023 18:06:45: Permuting groups of gene with 8 sgRNAs per gene. Group progress: 4/5 
INFO  @ Sun, 05 Feb 2023 18:06:45: Start permuting 2 rounds ... 
INFO  @ Sun, 05 Feb 2023 18:06:46: Collecting 77441 sgRNAs from 19113 genes. 
INFO  @ Sun, 05 Feb 2023 18:06:47: Permuting round 0 ... 
INFO  @ Sun, 05 Feb 2023 18:06:47: Thread 0 started. 
INFO  @ Sun, 05 Feb 2023 18:06:47: Thread 0: total 19113 instances. 
INFO  @ Sun, 05 Feb 2023 18:06:47: Thread 0: Calculating TEN1 (1) ...  
INFO  @ Sun, 05 Feb 2023 18:06:52: Thread 0: Calculating MOB3B (1001) ...  
INFO  @ Sun, 05 Feb 2023 18:06:56: Thread 0: Calculating TMSB15A (2001) ...  
INFO  @ Sun, 05 Feb 2023 18:07:00: Thread 0: Calculating TECRL (3001) ...  
INFO  @ Sun, 05 Feb 2023 18:07:04: Thread 0: Calculating SNW1 (4001) ...  
INFO  @ Sun, 05 Feb 2023 18:07:08: Thread 0: Calculating SHANK3 (5001) ...  
INFO  @ Sun, 05 Feb 2023 18:07:12: Thread 0: Calculating FLJ44635 (6001) ...  
INFO  @ Sun, 05 Feb 2023 18:07:16: Thread 0: Calculating CLSTN3 (7001) ...  
INFO  @ Sun, 05 Feb 2023 18:07:20: Thread 0: Calculating MED23 (8001) ...  
INFO  @ Sun, 05 Feb 2023 18:07:23: Thread 0: Calculating CEACAM19 (9001) ...  
INFO  @ Sun, 05 Feb 2023 18:07:27: Thread 0: Calculating NUDT2 (10001) ...  
INFO  @ Sun, 05 Feb 2023 18:07:31: Thread 0: Calculating UNC45A (11001) ...  
INFO  @ Sun, 05 Feb 2023 18:07:36: Thread 0: Calculating CCNL2 (12001) ...  
INFO  @ Sun, 05 Feb 2023 18:07:40: Thread 0: Calculating MCEMP1 (13001) ...  
INFO  @ Sun, 05 Feb 2023 18:07:44: Thread 0: Calculating OR5B2 (14001) ...  
INFO  @ Sun, 05 Feb 2023 18:07:48: Thread 0: Calculating CLDN19 (15001) ...  
INFO  @ Sun, 05 Feb 2023 18:07:51: Thread 0: Calculating ITPR1 (16001) ...  
INFO  @ Sun, 05 Feb 2023 18:07:55: Thread 0: Calculating SP3 (17001) ...  
INFO  @ Sun, 05 Feb 2023 18:07:59: Thread 0: Calculating MARCKSL1 (18001) ...  
INFO  @ Sun, 05 Feb 2023 18:08:03: Thread 0: Calculating NCAPH2 (19001) ...  
INFO  @ Sun, 05 Feb 2023 18:08:04: Thread 0 completed. 
INFO  @ Sun, 05 Feb 2023 18:08:04: All threads completed. 
INFO  @ Sun, 05 Feb 2023 18:08:08: Permuting round 1 ... 
INFO  @ Sun, 05 Feb 2023 18:08:08: Thread 0 started. 
INFO  @ Sun, 05 Feb 2023 18:08:09: Thread 0: total 19113 instances. 
INFO  @ Sun, 05 Feb 2023 18:08:09: Thread 0: Calculating TEN1 (1) ...  
INFO  @ Sun, 05 Feb 2023 18:08:13: Thread 0: Calculating MOB3B (1001) ...  
INFO  @ Sun, 05 Feb 2023 18:08:17: Thread 0: Calculating TMSB15A (2001) ...  
INFO  @ Sun, 05 Feb 2023 18:08:20: Thread 0: Calculating TECRL (3001) ...  
INFO  @ Sun, 05 Feb 2023 18:08:24: Thread 0: Calculating SNW1 (4001) ...  
INFO  @ Sun, 05 Feb 2023 18:08:29: Thread 0: Calculating SHANK3 (5001) ...  
INFO  @ Sun, 05 Feb 2023 18:08:33: Thread 0: Calculating FLJ44635 (6001) ...  
INFO  @ Sun, 05 Feb 2023 18:08:36: Thread 0: Calculating CLSTN3 (7001) ...  
INFO  @ Sun, 05 Feb 2023 18:08:40: Thread 0: Calculating MED23 (8001) ...  
INFO  @ Sun, 05 Feb 2023 18:08:44: Thread 0: Calculating CEACAM19 (9001) ...  
INFO  @ Sun, 05 Feb 2023 18:08:48: Thread 0: Calculating NUDT2 (10001) ...  
INFO  @ Sun, 05 Feb 2023 18:08:52: Thread 0: Calculating UNC45A (11001) ...  
INFO  @ Sun, 05 Feb 2023 18:08:56: Thread 0: Calculating CCNL2 (12001) ...  
INFO  @ Sun, 05 Feb 2023 18:09:00: Thread 0: Calculating MCEMP1 (13001) ...  
INFO  @ Sun, 05 Feb 2023 18:09:04: Thread 0: Calculating OR5B2 (14001) ...  
INFO  @ Sun, 05 Feb 2023 18:09:08: Thread 0: Calculating CLDN19 (15001) ...  
INFO  @ Sun, 05 Feb 2023 18:09:12: Thread 0: Calculating ITPR1 (16001) ...  
INFO  @ Sun, 05 Feb 2023 18:09:16: Thread 0: Calculating SP3 (17001) ...  
INFO  @ Sun, 05 Feb 2023 18:09:19: Thread 0: Calculating MARCKSL1 (18001) ...  
INFO  @ Sun, 05 Feb 2023 18:09:23: Thread 0: Calculating NCAPH2 (19001) ...  
INFO  @ Sun, 05 Feb 2023 18:09:24: Thread 0 completed. 
INFO  @ Sun, 05 Feb 2023 18:09:24: All threads completed. 
INFO  @ Sun, 05 Feb 2023 18:09:28: Assigning p values... 
INFO  @ Sun, 05 Feb 2023 18:09:28: Groups of gene with 1000 sgRNAs per gene: assigning p values based on previous group results. Group progress: 5/5 
INFO  @ Sun, 05 Feb 2023 18:09:29: Writing gene results to ST88-14.gene_summary.txt 
INFO  @ Sun, 05 Feb 2023 18:09:29: Writing sgRNA results to ST88-14.sgrna_summary.txt 
